Archive member included to satisfy reference by file (symbol)

/usr/local/Cellar/gcc-arm-none-eabi/20200630/bin/../lib/gcc/arm-none-eabi/9.3.1/../../../../arm-none-eabi/lib/thumb/v7e-m+fp/hard/libc_nano.a(lib_a-exit.o)
                              /usr/local/Cellar/gcc-arm-none-eabi/20200630/bin/../lib/gcc/arm-none-eabi/9.3.1/../../../../arm-none-eabi/lib/thumb/v7e-m+fp/hard/crt0.o (exit)
/usr/local/Cellar/gcc-arm-none-eabi/20200630/bin/../lib/gcc/arm-none-eabi/9.3.1/../../../../arm-none-eabi/lib/thumb/v7e-m+fp/hard/libc_nano.a(lib_a-impure.o)
                              /usr/local/Cellar/gcc-arm-none-eabi/20200630/bin/../lib/gcc/arm-none-eabi/9.3.1/../../../../arm-none-eabi/lib/thumb/v7e-m+fp/hard/libc_nano.a(lib_a-exit.o) (_global_impure_ptr)
/usr/local/Cellar/gcc-arm-none-eabi/20200630/bin/../lib/gcc/arm-none-eabi/9.3.1/../../../../arm-none-eabi/lib/thumb/v7e-m+fp/hard/libc_nano.a(lib_a-init.o)
                              /usr/local/Cellar/gcc-arm-none-eabi/20200630/bin/../lib/gcc/arm-none-eabi/9.3.1/../../../../arm-none-eabi/lib/thumb/v7e-m+fp/hard/crt0.o (__libc_init_array)
/usr/local/Cellar/gcc-arm-none-eabi/20200630/bin/../lib/gcc/arm-none-eabi/9.3.1/../../../../arm-none-eabi/lib/thumb/v7e-m+fp/hard/libc_nano.a(lib_a-memset.o)
                              /usr/local/Cellar/gcc-arm-none-eabi/20200630/bin/../lib/gcc/arm-none-eabi/9.3.1/../../../../arm-none-eabi/lib/thumb/v7e-m+fp/hard/crt0.o (memset)
/usr/local/Cellar/gcc-arm-none-eabi/20200630/bin/../lib/gcc/arm-none-eabi/9.3.1/thumb/v7e-m+fp/hard/libgcc.a(_aeabi_uldivmod.o)
                              CMakeFiles/STM32F407-Buoyancy-Prototype.dir/Drivers/STM32F4xx_HAL_Driver/Src/stm32f4xx_hal_rcc.c.obj (__aeabi_uldivmod)
/usr/local/Cellar/gcc-arm-none-eabi/20200630/bin/../lib/gcc/arm-none-eabi/9.3.1/thumb/v7e-m+fp/hard/libgcc.a(_udivmoddi4.o)
                              /usr/local/Cellar/gcc-arm-none-eabi/20200630/bin/../lib/gcc/arm-none-eabi/9.3.1/thumb/v7e-m+fp/hard/libgcc.a(_aeabi_uldivmod.o) (__udivmoddi4)
/usr/local/Cellar/gcc-arm-none-eabi/20200630/bin/../lib/gcc/arm-none-eabi/9.3.1/thumb/v7e-m+fp/hard/libgcc.a(_dvmd_tls.o)
                              /usr/local/Cellar/gcc-arm-none-eabi/20200630/bin/../lib/gcc/arm-none-eabi/9.3.1/thumb/v7e-m+fp/hard/libgcc.a(_aeabi_uldivmod.o) (__aeabi_ldiv0)
/usr/local/Cellar/gcc-arm-none-eabi/20200630/bin/../lib/gcc/arm-none-eabi/9.3.1/../../../../arm-none-eabi/lib/thumb/v7e-m+fp/hard/libg_nano.a(lib_a-errno.o)
                              CMakeFiles/STM32F407-Buoyancy-Prototype.dir/Core/Src/sysmem.c.obj (__errno)

Allocating common symbols
Common symbol       size              file

htim4               0x48              CMakeFiles/STM32F407-Buoyancy-Prototype.dir/Core/Src/main.c.obj
hadc2               0x48              CMakeFiles/STM32F407-Buoyancy-Prototype.dir/Core/Src/main.c.obj
hi2c1               0x54              CMakeFiles/STM32F407-Buoyancy-Prototype.dir/Core/Src/main.c.obj
uwTick              0x4               CMakeFiles/STM32F407-Buoyancy-Prototype.dir/Drivers/STM32F4xx_HAL_Driver/Src/stm32f4xx_hal.c.obj
pFlash              0x20              CMakeFiles/STM32F407-Buoyancy-Prototype.dir/Drivers/STM32F4xx_HAL_Driver/Src/stm32f4xx_hal_flash.c.obj
htim3               0x48              CMakeFiles/STM32F407-Buoyancy-Prototype.dir/Core/Src/main.c.obj
hadc1               0x48              CMakeFiles/STM32F407-Buoyancy-Prototype.dir/Core/Src/main.c.obj
hdac                0x14              CMakeFiles/STM32F407-Buoyancy-Prototype.dir/Core/Src/main.c.obj
value2              0x4               CMakeFiles/STM32F407-Buoyancy-Prototype.dir/Core/Src/main.c.obj
htim2               0x48              CMakeFiles/STM32F407-Buoyancy-Prototype.dir/Core/Src/main.c.obj
hhcd_USB_OTG_FS     0x3e0             CMakeFiles/STM32F407-Buoyancy-Prototype.dir/Core/Src/main.c.obj
value1              0x4               CMakeFiles/STM32F407-Buoyancy-Prototype.dir/Core/Src/main.c.obj

Discarded input sections

 .text          0x0000000000000000        0x0 /usr/local/Cellar/gcc-arm-none-eabi/20200630/bin/../lib/gcc/arm-none-eabi/9.3.1/thumb/v7e-m+fp/hard/crti.o
 .data          0x0000000000000000        0x0 /usr/local/Cellar/gcc-arm-none-eabi/20200630/bin/../lib/gcc/arm-none-eabi/9.3.1/thumb/v7e-m+fp/hard/crti.o
 .bss           0x0000000000000000        0x0 /usr/local/Cellar/gcc-arm-none-eabi/20200630/bin/../lib/gcc/arm-none-eabi/9.3.1/thumb/v7e-m+fp/hard/crti.o
 .data          0x0000000000000000        0x4 /usr/local/Cellar/gcc-arm-none-eabi/20200630/bin/../lib/gcc/arm-none-eabi/9.3.1/thumb/v7e-m+fp/hard/crtbegin.o
 .text          0x0000000000000000       0x7c /usr/local/Cellar/gcc-arm-none-eabi/20200630/bin/../lib/gcc/arm-none-eabi/9.3.1/../../../../arm-none-eabi/lib/thumb/v7e-m+fp/hard/crt0.o
 .data          0x0000000000000000        0x0 /usr/local/Cellar/gcc-arm-none-eabi/20200630/bin/../lib/gcc/arm-none-eabi/9.3.1/../../../../arm-none-eabi/lib/thumb/v7e-m+fp/hard/crt0.o
[...]
Memory Configuration

Name             Origin             Length             Attributes
RAM              0x0000000020000000 0x0000000000020000 xrw
CCMRAM           0x0000000010000000 0x0000000000010000 xrw
FLASH            0x0000000008000000 0x0000000000100000 xr
*default*        0x0000000000000000 0xffffffffffffffff

Linker script and memory map

LOAD /usr/local/Cellar/gcc-arm-none-eabi/20200630/bin/../lib/gcc/arm-none-eabi/9.3.1/thumb/v7e-m+fp/hard/crti.o
LOAD /usr/local/Cellar/gcc-arm-none-eabi/20200630/bin/../lib/gcc/arm-none-eabi/9.3.1/thumb/v7e-m+fp/hard/crtbegin.o
LOAD /usr/local/Cellar/gcc-arm-none-eabi/20200630/bin/../lib/gcc/arm-none-eabi/9.3.1/../../../../arm-none-eabi/lib/thumb/v7e-m+fp/hard/crt0.o
START GROUP
LOAD /usr/local/Cellar/gcc-arm-none-eabi/20200630/bin/../lib/gcc/arm-none-eabi/9.3.1/../../../../arm-none-eabi/lib/thumb/v7e-m+fp/hard/libc_nano.a
LOAD /usr/local/Cellar/gcc-arm-none-eabi/20200630/bin/../lib/gcc/arm-none-eabi/9.3.1/../../../../arm-none-eabi/lib/thumb/v7e-m+fp/hard/libm.a
END GROUP
LOAD CMakeFiles/STM32F407-Buoyancy-Prototype.dir/Core/Inc/Ports/leds.c.obj
LOAD CMakeFiles/STM32F407-Buoyancy-Prototype.dir/Core/Inc/Ports/keys.c.obj
LOAD CMakeFiles/STM32F407-Buoyancy-Prototype.dir/Core/Src/main.c.obj
LOAD CMakeFiles/STM32F407-Buoyancy-Prototype.dir/Core/Src/stm32f4xx_it.c.obj
LOAD CMakeFiles/STM32F407-Buoyancy-Prototype.dir/Core/Src/stm32f4xx_hal_msp.c.obj
LOAD CMakeFiles/STM32F407-Buoyancy-Prototype.dir/Drivers/STM32F4xx_HAL_Driver/Src/stm32f4xx_hal_adc.c.obj
LOAD CMakeFiles/STM32F407-Buoyancy-Prototype.dir/Drivers/STM32F4xx_HAL_Driver/Src/stm32f4xx_hal_adc_ex.c.obj
LOAD CMakeFiles/STM32F407-Buoyancy-Prototype.dir/Drivers/STM32F4xx_HAL_Driver/Src/stm32f4xx_ll_adc.c.obj
LOAD CMakeFiles/STM32F407-Buoyancy-Prototype.dir/Drivers/STM32F4xx_HAL_Driver/Src/stm32f4xx_hal_rcc.c.obj
LOAD CMakeFiles/STM32F407-Buoyancy-Prototype.dir/Drivers/STM32F4xx_HAL_Driver/Src/stm32f4xx_hal_rcc_ex.c.obj
LOAD CMakeFiles/STM32F407-Buoyancy-Prototype.dir/Drivers/STM32F4xx_HAL_Driver/Src/stm32f4xx_hal_flash.c.obj
LOAD CMakeFiles/STM32F407-Buoyancy-Prototype.dir/Drivers/STM32F4xx_HAL_Driver/Src/stm32f4xx_hal_flash_ex.c.obj
LOAD CMakeFiles/STM32F407-Buoyancy-Prototype.dir/Drivers/STM32F4xx_HAL_Driver/Src/stm32f4xx_hal_flash_ramfunc.c.obj
LOAD CMakeFiles/STM32F407-Buoyancy-Prototype.dir/Drivers/STM32F4xx_HAL_Driver/Src/stm32f4xx_hal_gpio.c.obj
LOAD CMakeFiles/STM32F407-Buoyancy-Prototype.dir/Drivers/STM32F4xx_HAL_Driver/Src/stm32f4xx_hal_dma_ex.c.obj
LOAD CMakeFiles/STM32F407-Buoyancy-Prototype.dir/Drivers/STM32F4xx_HAL_Driver/Src/stm32f4xx_hal_dma.c.obj
LOAD CMakeFiles/STM32F407-Buoyancy-Prototype.dir/Drivers/STM32F4xx_HAL_Driver/Src/stm32f4xx_hal_pwr.c.obj
LOAD CMakeFiles/STM32F407-Buoyancy-Prototype.dir/Drivers/STM32F4xx_HAL_Driver/Src/stm32f4xx_hal_pwr_ex.c.obj
LOAD CMakeFiles/STM32F407-Buoyancy-Prototype.dir/Drivers/STM32F4xx_HAL_Driver/Src/stm32f4xx_hal_cortex.c.obj
LOAD CMakeFiles/STM32F407-Buoyancy-Prototype.dir/Drivers/STM32F4xx_HAL_Driver/Src/stm32f4xx_hal.c.obj
LOAD CMakeFiles/STM32F407-Buoyancy-Prototype.dir/Drivers/STM32F4xx_HAL_Driver/Src/stm32f4xx_hal_exti.c.obj
LOAD CMakeFiles/STM32F407-Buoyancy-Prototype.dir/Drivers/STM32F4xx_HAL_Driver/Src/stm32f4xx_hal_dac.c.obj
LOAD CMakeFiles/STM32F407-Buoyancy-Prototype.dir/Drivers/STM32F4xx_HAL_Driver/Src/stm32f4xx_hal_dac_ex.c.obj
LOAD CMakeFiles/STM32F407-Buoyancy-Prototype.dir/Drivers/STM32F4xx_HAL_Driver/Src/stm32f4xx_hal_i2c.c.obj
LOAD CMakeFiles/STM32F407-Buoyancy-Prototype.dir/Drivers/STM32F4xx_HAL_Driver/Src/stm32f4xx_hal_i2c_ex.c.obj
LOAD CMakeFiles/STM32F407-Buoyancy-Prototype.dir/Drivers/STM32F4xx_HAL_Driver/Src/stm32f4xx_hal_tim.c.obj
LOAD CMakeFiles/STM32F407-Buoyancy-Prototype.dir/Drivers/STM32F4xx_HAL_Driver/Src/stm32f4xx_hal_tim_ex.c.obj
LOAD CMakeFiles/STM32F407-Buoyancy-Prototype.dir/Drivers/STM32F4xx_HAL_Driver/Src/stm32f4xx_hal_hcd.c.obj
LOAD CMakeFiles/STM32F407-Buoyancy-Prototype.dir/Drivers/STM32F4xx_HAL_Driver/Src/stm32f4xx_ll_usb.c.obj
LOAD CMakeFiles/STM32F407-Buoyancy-Prototype.dir/Core/Src/system_stm32f4xx.c.obj
LOAD CMakeFiles/STM32F407-Buoyancy-Prototype.dir/Core/Src/sysmem.c.obj
LOAD CMakeFiles/STM32F407-Buoyancy-Prototype.dir/Core/Src/syscalls.c.obj
LOAD CMakeFiles/STM32F407-Buoyancy-Prototype.dir/startup_stm32f407xx.s.obj
START GROUP
LOAD /usr/local/Cellar/gcc-arm-none-eabi/20200630/bin/../lib/gcc/arm-none-eabi/9.3.1/thumb/v7e-m+fp/hard/libgcc.a
LOAD /usr/local/Cellar/gcc-arm-none-eabi/20200630/bin/../lib/gcc/arm-none-eabi/9.3.1/../../../../arm-none-eabi/lib/thumb/v7e-m+fp/hard/libg_nano.a
LOAD /usr/local/Cellar/gcc-arm-none-eabi/20200630/bin/../lib/gcc/arm-none-eabi/9.3.1/../../../../arm-none-eabi/lib/thumb/v7e-m+fp/hard/libc_nano.a
END GROUP
START GROUP
LOAD /usr/local/Cellar/gcc-arm-none-eabi/20200630/bin/../lib/gcc/arm-none-eabi/9.3.1/thumb/v7e-m+fp/hard/libgcc.a
LOAD /usr/local/Cellar/gcc-arm-none-eabi/20200630/bin/../lib/gcc/arm-none-eabi/9.3.1/../../../../arm-none-eabi/lib/thumb/v7e-m+fp/hard/libc_nano.a
END GROUP
LOAD /usr/local/Cellar/gcc-arm-none-eabi/20200630/bin/../lib/gcc/arm-none-eabi/9.3.1/thumb/v7e-m+fp/hard/crtend.o
LOAD /usr/local/Cellar/gcc-arm-none-eabi/20200630/bin/../lib/gcc/arm-none-eabi/9.3.1/thumb/v7e-m+fp/hard/crtn.o
                0x0000000020020000                _estack = (ORIGIN (RAM) + LENGTH (RAM))
                0x0000000000000200                _Min_Heap_Size = 0x200
                0x0000000000000400                _Min_Stack_Size = 0x400

.isr_vector     0x0000000008000000      0x188
                0x0000000008000000                . = ALIGN (0x4)
 *(.isr_vector)
 .isr_vector    0x0000000008000000      0x188 CMakeFiles/STM32F407-Buoyancy-Prototype.dir/startup_stm32f407xx.s.obj
                0x0000000008000000                g_pfnVectors
                0x0000000008000188                . = ALIGN (0x4)

.text           0x0000000008000188     0x63bc
                0x0000000008000188                . = ALIGN (0x4)
 *(.text)
 .text          0x0000000008000188       0x40 /usr/local/Cellar/gcc-arm-none-eabi/20200630/bin/../lib/gcc/arm-none-eabi/9.3.1/thumb/v7e-m+fp/hard/crtbegin.o
 .text          0x00000000080001c8       0x30 /usr/local/Cellar/gcc-arm-none-eabi/20200630/bin/../lib/gcc/arm-none-eabi/9.3.1/thumb/v7e-m+fp/hard/libgcc.a(_aeabi_uldivmod.o)
                0x00000000080001c8                __aeabi_uldivmod
 .text          0x00000000080001f8      0x2c4 /usr/local/Cellar/gcc-arm-none-eabi/20200630/bin/../lib/gcc/arm-none-eabi/9.3.1/thumb/v7e-m+fp/hard/libgcc.a(_udivmoddi4.o)
                0x00000000080001f8                __udivmoddi4
 .text          0x00000000080004bc        0x4 /usr/local/Cellar/gcc-arm-none-eabi/20200630/bin/../lib/gcc/arm-none-eabi/9.3.1/thumb/v7e-m+fp/hard/libgcc.a(_dvmd_tls.o)
                0x00000000080004bc                __aeabi_ldiv0
                0x00000000080004bc                __aeabi_idiv0
 *(.text*)
 .text.__libc_init_array
                0x00000000080004c0       0x48 /usr/local/Cellar/gcc-arm-none-eabi/20200630/bin/../lib/gcc/arm-none-eabi/9.3.1/../../../../arm-none-eabi/lib/thumb/v7e-m+fp/hard/libc_nano.a(lib_a-init.o)
                0x00000000080004c0                __libc_init_array
 .text.memset   0x0000000008000508       0x10 /usr/local/Cellar/gcc-arm-none-eabi/20200630/bin/../lib/gcc/arm-none-eabi/9.3.1/../../../../arm-none-eabi/lib/thumb/v7e-m+fp/hard/libc_nano.a(lib_a-memset.o)
                0x0000000008000508                memset
 .text.LED_init
                0x0000000008000518       0x40 CMakeFiles/STM32F407-Buoyancy-Prototype.dir/Core/Inc/Ports/leds.c.obj
                0x0000000008000518                LED_init
 .text.LED_put  0x0000000008000558       0x74 CMakeFiles/STM32F407-Buoyancy-Prototype.dir/Core/Inc/Ports/leds.c.obj
                0x0000000008000558                LED_put
 .text.KEYS_initISR
                0x00000000080005cc       0x50 CMakeFiles/STM32F407-Buoyancy-Prototype.dir/Core/Inc/Ports/keys.c.obj
                0x00000000080005cc                KEYS_initISR
 .text.KEYS_read
                0x000000000800061c       0xb8 CMakeFiles/STM32F407-Buoyancy-Prototype.dir/Core/Inc/Ports/keys.c.obj
                0x000000000800061c                KEYS_read
 .text.KEYS_kolom
                0x00000000080006d4       0x64 CMakeFiles/STM32F407-Buoyancy-Prototype.dir/Core/Inc/Ports/keys.c.obj
                0x00000000080006d4                KEYS_kolom
 .text.main     0x0000000008000738      0x198 CMakeFiles/STM32F407-Buoyancy-Prototype.dir/Core/Src/main.c.obj
                0x0000000008000738                main
 .text.SystemClock_Config
                0x00000000080008d0       0xd4 CMakeFiles/STM32F407-Buoyancy-Prototype.dir/Core/Src/main.c.obj
                0x00000000080008d0                SystemClock_Config
 .text.MX_ADC1_Init
                0x00000000080009a4       0xa4 CMakeFiles/STM32F407-Buoyancy-Prototype.dir/Core/Src/main.c.obj
 .text.MX_ADC2_Init
                0x0000000008000a48       0xa4 CMakeFiles/STM32F407-Buoyancy-Prototype.dir/Core/Src/main.c.obj
 .text.MX_DAC_Init
                0x0000000008000aec       0x68 CMakeFiles/STM32F407-Buoyancy-Prototype.dir/Core/Src/main.c.obj
 .text.MX_I2C1_Init
                0x0000000008000b54       0x5c CMakeFiles/STM32F407-Buoyancy-Prototype.dir/Core/Src/main.c.obj
 .text.MX_TIM2_Init
                0x0000000008000bb0       0xec CMakeFiles/STM32F407-Buoyancy-Prototype.dir/Core/Src/main.c.obj
 .text.MX_TIM3_Init
                0x0000000008000c9c       0x9c CMakeFiles/STM32F407-Buoyancy-Prototype.dir/Core/Src/main.c.obj
 .text.MX_TIM4_Init
                0x0000000008000d38      0x118 CMakeFiles/STM32F407-Buoyancy-Prototype.dir/Core/Src/main.c.obj
 .text.MX_USB_OTG_FS_HCD_Init
                0x0000000008000e50       0x44 CMakeFiles/STM32F407-Buoyancy-Prototype.dir/Core/Src/main.c.obj
 .text.MX_GPIO_Init
                0x0000000008000e94      0x308 CMakeFiles/STM32F407-Buoyancy-Prototype.dir/Core/Src/main.c.obj
 .text.Error_Handler
                0x000000000800119c        0xe CMakeFiles/STM32F407-Buoyancy-Prototype.dir/Core/Src/main.c.obj
                0x000000000800119c                Error_Handler
 .text.NMI_Handler
                0x00000000080011aa        0xe CMakeFiles/STM32F407-Buoyancy-Prototype.dir/Core/Src/stm32f4xx_it.c.obj
                0x00000000080011aa                NMI_Handler
 .text.HardFault_Handler
                0x00000000080011b8        0x6 CMakeFiles/STM32F407-Buoyancy-Prototype.dir/Core/Src/stm32f4xx_it.c.obj
                0x00000000080011b8                HardFault_Handler
 .text.MemManage_Handler
                0x00000000080011be        0x6 CMakeFiles/STM32F407-Buoyancy-Prototype.dir/Core/Src/stm32f4xx_it.c.obj
                0x00000000080011be                MemManage_Handler
 .text.BusFault_Handler
                0x00000000080011c4        0x6 CMakeFiles/STM32F407-Buoyancy-Prototype.dir/Core/Src/stm32f4xx_it.c.obj
                0x00000000080011c4                BusFault_Handler
 .text.UsageFault_Handler
                0x00000000080011ca        0x6 CMakeFiles/STM32F407-Buoyancy-Prototype.dir/Core/Src/stm32f4xx_it.c.obj
                0x00000000080011ca                UsageFault_Handler
 .text.SVC_Handler
                0x00000000080011d0        0xe CMakeFiles/STM32F407-Buoyancy-Prototype.dir/Core/Src/stm32f4xx_it.c.obj
                0x00000000080011d0                SVC_Handler
 .text.DebugMon_Handler
                0x00000000080011de        0xe CMakeFiles/STM32F407-Buoyancy-Prototype.dir/Core/Src/stm32f4xx_it.c.obj
                0x00000000080011de                DebugMon_Handler
 .text.PendSV_Handler
                0x00000000080011ec        0xe CMakeFiles/STM32F407-Buoyancy-Prototype.dir/Core/Src/stm32f4xx_it.c.obj
                0x00000000080011ec                PendSV_Handler
 .text.SysTick_Handler
                0x00000000080011fa        0xc CMakeFiles/STM32F407-Buoyancy-Prototype.dir/Core/Src/stm32f4xx_it.c.obj
                0x00000000080011fa                SysTick_Handler
 *fill*         0x0000000008001206        0x2 
 .text.EXTI0_IRQHandler
                0x0000000008001208       0x40 CMakeFiles/STM32F407-Buoyancy-Prototype.dir/Core/Src/stm32f4xx_it.c.obj
                0x0000000008001208                EXTI0_IRQHandler
 .text.TIM3_IRQHandler
                0x0000000008001248       0x20 CMakeFiles/STM32F407-Buoyancy-Prototype.dir/Core/Src/stm32f4xx_it.c.obj
                0x0000000008001248                TIM3_IRQHandler
 .text.OTG_FS_IRQHandler
                0x0000000008001268       0x14 CMakeFiles/STM32F407-Buoyancy-Prototype.dir/Core/Src/stm32f4xx_it.c.obj
                0x0000000008001268                OTG_FS_IRQHandler
 .text.HAL_MspInit
                0x000000000800127c       0x50 CMakeFiles/STM32F407-Buoyancy-Prototype.dir/Core/Src/stm32f4xx_hal_msp.c.obj
                0x000000000800127c                HAL_MspInit
 .text.HAL_ADC_MspInit
                0x00000000080012cc       0xe8 CMakeFiles/STM32F407-Buoyancy-Prototype.dir/Core/Src/stm32f4xx_hal_msp.c.obj
                0x00000000080012cc                HAL_ADC_MspInit
 .text.HAL_DAC_MspInit
                0x00000000080013b4       0x88 CMakeFiles/STM32F407-Buoyancy-Prototype.dir/Core/Src/stm32f4xx_hal_msp.c.obj
                0x00000000080013b4                HAL_DAC_MspInit
 .text.HAL_I2C_MspInit
                0x000000000800143c       0x90 CMakeFiles/STM32F407-Buoyancy-Prototype.dir/Core/Src/stm32f4xx_hal_msp.c.obj
                0x000000000800143c                HAL_I2C_MspInit
 .text.HAL_TIM_Base_MspInit
                0x00000000080014cc       0xa4 CMakeFiles/STM32F407-Buoyancy-Prototype.dir/Core/Src/stm32f4xx_hal_msp.c.obj
                0x00000000080014cc                HAL_TIM_Base_MspInit
 .text.HAL_TIM_MspPostInit
                0x0000000008001570      0x100 CMakeFiles/STM32F407-Buoyancy-Prototype.dir/Core/Src/stm32f4xx_hal_msp.c.obj
                0x0000000008001570                HAL_TIM_MspPostInit
 .text.HAL_HCD_MspInit
                0x0000000008001670       0xc4 CMakeFiles/STM32F407-Buoyancy-Prototype.dir/Core/Src/stm32f4xx_hal_msp.c.obj
                0x0000000008001670                HAL_HCD_MspInit
 .text.HAL_ADC_Init
                0x0000000008001734       0x86 CMakeFiles/STM32F407-Buoyancy-Prototype.dir/Drivers/STM32F4xx_HAL_Driver/Src/stm32f4xx_hal_adc.c.obj
                0x0000000008001734                HAL_ADC_Init
 *fill*         0x00000000080017ba        0x2 
 .text.HAL_ADC_ConfigChannel
                0x00000000080017bc      0x244 CMakeFiles/STM32F407-Buoyancy-Prototype.dir/Drivers/STM32F4xx_HAL_Driver/Src/stm32f4xx_hal_adc.c.obj
                0x00000000080017bc                HAL_ADC_ConfigChannel
 .text.ADC_Init
                0x0000000008001a00      0x1f8 CMakeFiles/STM32F407-Buoyancy-Prototype.dir/Drivers/STM32F4xx_HAL_Driver/Src/stm32f4xx_hal_adc.c.obj
 .text.HAL_RCC_OscConfig
                0x0000000008001bf8      0x4f0 CMakeFiles/STM32F407-Buoyancy-Prototype.dir/Drivers/STM32F4xx_HAL_Driver/Src/stm32f4xx_hal_rcc.c.obj
                0x0000000008001bf8                HAL_RCC_OscConfig
 .text.HAL_RCC_ClockConfig
                0x00000000080020e8      0x1cc CMakeFiles/STM32F407-Buoyancy-Prototype.dir/Drivers/STM32F4xx_HAL_Driver/Src/stm32f4xx_hal_rcc.c.obj
                0x00000000080020e8                HAL_RCC_ClockConfig
 .text.HAL_RCC_GetSysClockFreq
                0x00000000080022b4      0x1c4 CMakeFiles/STM32F407-Buoyancy-Prototype.dir/Drivers/STM32F4xx_HAL_Driver/Src/stm32f4xx_hal_rcc.c.obj
                0x00000000080022b4                HAL_RCC_GetSysClockFreq
 .text.HAL_RCC_GetHCLKFreq
                0x0000000008002478       0x18 CMakeFiles/STM32F407-Buoyancy-Prototype.dir/Drivers/STM32F4xx_HAL_Driver/Src/stm32f4xx_hal_rcc.c.obj
                0x0000000008002478                HAL_RCC_GetHCLKFreq
 .text.HAL_RCC_GetPCLK1Freq
                0x0000000008002490       0x28 CMakeFiles/STM32F407-Buoyancy-Prototype.dir/Drivers/STM32F4xx_HAL_Driver/Src/stm32f4xx_hal_rcc.c.obj
                0x0000000008002490                HAL_RCC_GetPCLK1Freq
 .text.HAL_GPIO_Init
                0x00000000080024b8      0x338 CMakeFiles/STM32F407-Buoyancy-Prototype.dir/Drivers/STM32F4xx_HAL_Driver/Src/stm32f4xx_hal_gpio.c.obj
                0x00000000080024b8                HAL_GPIO_Init
 .text.HAL_GPIO_ReadPin
                0x00000000080027f0       0x30 CMakeFiles/STM32F407-Buoyancy-Prototype.dir/Drivers/STM32F4xx_HAL_Driver/Src/stm32f4xx_hal_gpio.c.obj
                0x00000000080027f0                HAL_GPIO_ReadPin
 .text.HAL_GPIO_WritePin
                0x0000000008002820       0x32 CMakeFiles/STM32F407-Buoyancy-Prototype.dir/Drivers/STM32F4xx_HAL_Driver/Src/stm32f4xx_hal_gpio.c.obj
                0x0000000008002820                HAL_GPIO_WritePin
 .text.HAL_GPIO_TogglePin
                0x0000000008002852       0x34 CMakeFiles/STM32F407-Buoyancy-Prototype.dir/Drivers/STM32F4xx_HAL_Driver/Src/stm32f4xx_hal_gpio.c.obj
                0x0000000008002852                HAL_GPIO_TogglePin
 *fill*         0x0000000008002886        0x2 
 .text.HAL_GPIO_EXTI_IRQHandler
                0x0000000008002888       0x30 CMakeFiles/STM32F407-Buoyancy-Prototype.dir/Drivers/STM32F4xx_HAL_Driver/Src/stm32f4xx_hal_gpio.c.obj
                0x0000000008002888                HAL_GPIO_EXTI_IRQHandler
 .text.HAL_GPIO_EXTI_Callback
                0x00000000080028b8       0x16 CMakeFiles/STM32F407-Buoyancy-Prototype.dir/Drivers/STM32F4xx_HAL_Driver/Src/stm32f4xx_hal_gpio.c.obj
                0x00000000080028b8                HAL_GPIO_EXTI_Callback
 *fill*         0x00000000080028ce        0x2 
 .text.__NVIC_SetPriorityGrouping
                0x00000000080028d0       0x48 CMakeFiles/STM32F407-Buoyancy-Prototype.dir/Drivers/STM32F4xx_HAL_Driver/Src/stm32f4xx_hal_cortex.c.obj
 .text.__NVIC_GetPriorityGrouping
                0x0000000008002918       0x1c CMakeFiles/STM32F407-Buoyancy-Prototype.dir/Drivers/STM32F4xx_HAL_Driver/Src/stm32f4xx_hal_cortex.c.obj
 .text.__NVIC_EnableIRQ
                0x0000000008002934       0x3c CMakeFiles/STM32F407-Buoyancy-Prototype.dir/Drivers/STM32F4xx_HAL_Driver/Src/stm32f4xx_hal_cortex.c.obj
 .text.__NVIC_SetPriority
                0x0000000008002970       0x54 CMakeFiles/STM32F407-Buoyancy-Prototype.dir/Drivers/STM32F4xx_HAL_Driver/Src/stm32f4xx_hal_cortex.c.obj
 .text.NVIC_EncodePriority
                0x00000000080029c4       0x66 CMakeFiles/STM32F407-Buoyancy-Prototype.dir/Drivers/STM32F4xx_HAL_Driver/Src/stm32f4xx_hal_cortex.c.obj
 *fill*         0x0000000008002a2a        0x2 
 .text.SysTick_Config
                0x0000000008002a2c       0x44 CMakeFiles/STM32F407-Buoyancy-Prototype.dir/Drivers/STM32F4xx_HAL_Driver/Src/stm32f4xx_hal_cortex.c.obj
 .text.HAL_NVIC_SetPriorityGrouping
                0x0000000008002a70       0x16 CMakeFiles/STM32F407-Buoyancy-Prototype.dir/Drivers/STM32F4xx_HAL_Driver/Src/stm32f4xx_hal_cortex.c.obj
                0x0000000008002a70                HAL_NVIC_SetPriorityGrouping
 .text.HAL_NVIC_SetPriority
                0x0000000008002a86       0x38 CMakeFiles/STM32F407-Buoyancy-Prototype.dir/Drivers/STM32F4xx_HAL_Driver/Src/stm32f4xx_hal_cortex.c.obj
                0x0000000008002a86                HAL_NVIC_SetPriority
 .text.HAL_NVIC_EnableIRQ
                0x0000000008002abe       0x1c CMakeFiles/STM32F407-Buoyancy-Prototype.dir/Drivers/STM32F4xx_HAL_Driver/Src/stm32f4xx_hal_cortex.c.obj
                0x0000000008002abe                HAL_NVIC_EnableIRQ
 .text.HAL_SYSTICK_Config
                0x0000000008002ada       0x18 CMakeFiles/STM32F407-Buoyancy-Prototype.dir/Drivers/STM32F4xx_HAL_Driver/Src/stm32f4xx_hal_cortex.c.obj
                0x0000000008002ada                HAL_SYSTICK_Config
 *fill*         0x0000000008002af2        0x2 
 .text.HAL_Init
                0x0000000008002af4       0x44 CMakeFiles/STM32F407-Buoyancy-Prototype.dir/Drivers/STM32F4xx_HAL_Driver/Src/stm32f4xx_hal.c.obj
                0x0000000008002af4                HAL_Init
 .text.HAL_InitTick
                0x0000000008002b38       0x60 CMakeFiles/STM32F407-Buoyancy-Prototype.dir/Drivers/STM32F4xx_HAL_Driver/Src/stm32f4xx_hal.c.obj
                0x0000000008002b38                HAL_InitTick
 .text.HAL_IncTick
                0x0000000008002b98       0x28 CMakeFiles/STM32F407-Buoyancy-Prototype.dir/Drivers/STM32F4xx_HAL_Driver/Src/stm32f4xx_hal.c.obj
                0x0000000008002b98                HAL_IncTick
 .text.HAL_GetTick
                0x0000000008002bc0       0x18 CMakeFiles/STM32F407-Buoyancy-Prototype.dir/Drivers/STM32F4xx_HAL_Driver/Src/stm32f4xx_hal.c.obj
                0x0000000008002bc0                HAL_GetTick
 .text.HAL_Delay
                0x0000000008002bd8       0x48 CMakeFiles/STM32F407-Buoyancy-Prototype.dir/Drivers/STM32F4xx_HAL_Driver/Src/stm32f4xx_hal.c.obj
                0x0000000008002bd8                HAL_Delay
 .text.HAL_DAC_Init
                0x0000000008002c20       0x44 CMakeFiles/STM32F407-Buoyancy-Prototype.dir/Drivers/STM32F4xx_HAL_Driver/Src/stm32f4xx_hal_dac.c.obj
                0x0000000008002c20                HAL_DAC_Init
 .text.HAL_DAC_ConfigChannel
                0x0000000008002c64       0xb2 CMakeFiles/STM32F407-Buoyancy-Prototype.dir/Drivers/STM32F4xx_HAL_Driver/Src/stm32f4xx_hal_dac.c.obj
                0x0000000008002c64                HAL_DAC_ConfigChannel
 *fill*         0x0000000008002d16        0x2 
 .text.HAL_I2C_Init
                0x0000000008002d18      0x288 CMakeFiles/STM32F407-Buoyancy-Prototype.dir/Drivers/STM32F4xx_HAL_Driver/Src/stm32f4xx_hal_i2c.c.obj
                0x0000000008002d18                HAL_I2C_Init
 .text.HAL_TIM_Base_Init
                0x0000000008002fa0       0x9e CMakeFiles/STM32F407-Buoyancy-Prototype.dir/Drivers/STM32F4xx_HAL_Driver/Src/stm32f4xx_hal_tim.c.obj
                0x0000000008002fa0                HAL_TIM_Base_Init
 *fill*         0x000000000800303e        0x2 
 .text.HAL_TIM_Base_Start_IT
                0x0000000008003040       0xe0 CMakeFiles/STM32F407-Buoyancy-Prototype.dir/Drivers/STM32F4xx_HAL_Driver/Src/stm32f4xx_hal_tim.c.obj
                0x0000000008003040                HAL_TIM_Base_Start_IT
 .text.HAL_TIM_PWM_Init
                0x0000000008003120       0x9e CMakeFiles/STM32F407-Buoyancy-Prototype.dir/Drivers/STM32F4xx_HAL_Driver/Src/stm32f4xx_hal_tim.c.obj
                0x0000000008003120                HAL_TIM_PWM_Init
 .text.HAL_TIM_PWM_MspInit
                0x00000000080031be       0x14 CMakeFiles/STM32F407-Buoyancy-Prototype.dir/Drivers/STM32F4xx_HAL_Driver/Src/stm32f4xx_hal_tim.c.obj
                0x00000000080031be                HAL_TIM_PWM_MspInit
 *fill*         0x00000000080031d2        0x2 
 .text.HAL_TIM_PWM_Start
                0x00000000080031d4      0x190 CMakeFiles/STM32F407-Buoyancy-Prototype.dir/Drivers/STM32F4xx_HAL_Driver/Src/stm32f4xx_hal_tim.c.obj
                0x00000000080031d4                HAL_TIM_PWM_Start
 .text.HAL_TIM_IRQHandler
                0x0000000008003364      0x1e0 CMakeFiles/STM32F407-Buoyancy-Prototype.dir/Drivers/STM32F4xx_HAL_Driver/Src/stm32f4xx_hal_tim.c.obj
                0x0000000008003364                HAL_TIM_IRQHandler
 .text.HAL_TIM_PWM_ConfigChannel
                0x0000000008003544      0x184 CMakeFiles/STM32F407-Buoyancy-Prototype.dir/Drivers/STM32F4xx_HAL_Driver/Src/stm32f4xx_hal_tim.c.obj
                0x0000000008003544                HAL_TIM_PWM_ConfigChannel
 .text.HAL_TIM_ConfigClockSource
                0x00000000080036c8      0x18e CMakeFiles/STM32F407-Buoyancy-Prototype.dir/Drivers/STM32F4xx_HAL_Driver/Src/stm32f4xx_hal_tim.c.obj
                0x00000000080036c8                HAL_TIM_ConfigClockSource
 .text.HAL_TIM_PeriodElapsedCallback
                0x0000000008003856       0x14 CMakeFiles/STM32F407-Buoyancy-Prototype.dir/Drivers/STM32F4xx_HAL_Driver/Src/stm32f4xx_hal_tim.c.obj
                0x0000000008003856                HAL_TIM_PeriodElapsedCallback
 .text.HAL_TIM_OC_DelayElapsedCallback
                0x000000000800386a       0x14 CMakeFiles/STM32F407-Buoyancy-Prototype.dir/Drivers/STM32F4xx_HAL_Driver/Src/stm32f4xx_hal_tim.c.obj
                0x000000000800386a                HAL_TIM_OC_DelayElapsedCallback
 .text.HAL_TIM_IC_CaptureCallback
                0x000000000800387e       0x14 CMakeFiles/STM32F407-Buoyancy-Prototype.dir/Drivers/STM32F4xx_HAL_Driver/Src/stm32f4xx_hal_tim.c.obj
                0x000000000800387e                HAL_TIM_IC_CaptureCallback
 .text.HAL_TIM_PWM_PulseFinishedCallback
                0x0000000008003892       0x14 CMakeFiles/STM32F407-Buoyancy-Prototype.dir/Drivers/STM32F4xx_HAL_Driver/Src/stm32f4xx_hal_tim.c.obj
                0x0000000008003892                HAL_TIM_PWM_PulseFinishedCallback
 .text.HAL_TIM_TriggerCallback
                0x00000000080038a6       0x14 CMakeFiles/STM32F407-Buoyancy-Prototype.dir/Drivers/STM32F4xx_HAL_Driver/Src/stm32f4xx_hal_tim.c.obj
                0x00000000080038a6                HAL_TIM_TriggerCallback
 *fill*         0x00000000080038ba        0x2 
 .text.TIM_Base_SetConfig
                0x00000000080038bc      0x158 CMakeFiles/STM32F407-Buoyancy-Prototype.dir/Drivers/STM32F4xx_HAL_Driver/Src/stm32f4xx_hal_tim.c.obj
                0x00000000080038bc                TIM_Base_SetConfig
 .text.TIM_OC1_SetConfig
                0x0000000008003a14       0xe0 CMakeFiles/STM32F407-Buoyancy-Prototype.dir/Drivers/STM32F4xx_HAL_Driver/Src/stm32f4xx_hal_tim.c.obj
 .text.TIM_OC2_SetConfig
                0x0000000008003af4       0xec CMakeFiles/STM32F407-Buoyancy-Prototype.dir/Drivers/STM32F4xx_HAL_Driver/Src/stm32f4xx_hal_tim.c.obj
                0x0000000008003af4                TIM_OC2_SetConfig
 .text.TIM_OC3_SetConfig
                0x0000000008003be0       0xe8 CMakeFiles/STM32F407-Buoyancy-Prototype.dir/Drivers/STM32F4xx_HAL_Driver/Src/stm32f4xx_hal_tim.c.obj
 .text.TIM_OC4_SetConfig
                0x0000000008003cc8       0xac CMakeFiles/STM32F407-Buoyancy-Prototype.dir/Drivers/STM32F4xx_HAL_Driver/Src/stm32f4xx_hal_tim.c.obj
 .text.TIM_TI1_ConfigInputStage
                0x0000000008003d74       0x5e CMakeFiles/STM32F407-Buoyancy-Prototype.dir/Drivers/STM32F4xx_HAL_Driver/Src/stm32f4xx_hal_tim.c.obj
 .text.TIM_TI2_ConfigInputStage
                0x0000000008003dd2       0x60 CMakeFiles/STM32F407-Buoyancy-Prototype.dir/Drivers/STM32F4xx_HAL_Driver/Src/stm32f4xx_hal_tim.c.obj
 .text.TIM_ITRx_SetConfig
                0x0000000008003e32       0x36 CMakeFiles/STM32F407-Buoyancy-Prototype.dir/Drivers/STM32F4xx_HAL_Driver/Src/stm32f4xx_hal_tim.c.obj
 .text.TIM_ETR_SetConfig
                0x0000000008003e68       0x40 CMakeFiles/STM32F407-Buoyancy-Prototype.dir/Drivers/STM32F4xx_HAL_Driver/Src/stm32f4xx_hal_tim.c.obj
                0x0000000008003e68                TIM_ETR_SetConfig
 .text.TIM_CCxChannelCmd
                0x0000000008003ea8       0x4a CMakeFiles/STM32F407-Buoyancy-Prototype.dir/Drivers/STM32F4xx_HAL_Driver/Src/stm32f4xx_hal_tim.c.obj
                0x0000000008003ea8                TIM_CCxChannelCmd
 *fill*         0x0000000008003ef2        0x2 
 .text.HAL_TIMEx_MasterConfigSynchronization
                0x0000000008003ef4       0xf8 CMakeFiles/STM32F407-Buoyancy-Prototype.dir/Drivers/STM32F4xx_HAL_Driver/Src/stm32f4xx_hal_tim_ex.c.obj
                0x0000000008003ef4                HAL_TIMEx_MasterConfigSynchronization
 .text.HAL_TIMEx_CommutCallback
                0x0000000008003fec       0x14 CMakeFiles/STM32F407-Buoyancy-Prototype.dir/Drivers/STM32F4xx_HAL_Driver/Src/stm32f4xx_hal_tim_ex.c.obj
                0x0000000008003fec                HAL_TIMEx_CommutCallback
 .text.HAL_TIMEx_BreakCallback
                0x0000000008004000       0x14 CMakeFiles/STM32F407-Buoyancy-Prototype.dir/Drivers/STM32F4xx_HAL_Driver/Src/stm32f4xx_hal_tim_ex.c.obj
                0x0000000008004000                HAL_TIMEx_BreakCallback
 .text.HAL_HCD_Init
                0x0000000008004014       0xce CMakeFiles/STM32F407-Buoyancy-Prototype.dir/Drivers/STM32F4xx_HAL_Driver/Src/stm32f4xx_hal_hcd.c.obj
                0x0000000008004014                HAL_HCD_Init
 .text.HAL_HCD_IRQHandler
                0x00000000080040e2      0x220 CMakeFiles/STM32F407-Buoyancy-Prototype.dir/Drivers/STM32F4xx_HAL_Driver/Src/stm32f4xx_hal_hcd.c.obj
                0x00000000080040e2                HAL_HCD_IRQHandler
 .text.HAL_HCD_SOF_Callback
                0x0000000008004302       0x14 CMakeFiles/STM32F407-Buoyancy-Prototype.dir/Drivers/STM32F4xx_HAL_Driver/Src/stm32f4xx_hal_hcd.c.obj
                0x0000000008004302                HAL_HCD_SOF_Callback
 .text.HAL_HCD_Connect_Callback
                0x0000000008004316       0x14 CMakeFiles/STM32F407-Buoyancy-Prototype.dir/Drivers/STM32F4xx_HAL_Driver/Src/stm32f4xx_hal_hcd.c.obj
                0x0000000008004316                HAL_HCD_Connect_Callback
 .text.HAL_HCD_Disconnect_Callback
                0x000000000800432a       0x14 CMakeFiles/STM32F407-Buoyancy-Prototype.dir/Drivers/STM32F4xx_HAL_Driver/Src/stm32f4xx_hal_hcd.c.obj
                0x000000000800432a                HAL_HCD_Disconnect_Callback
 .text.HAL_HCD_PortEnabled_Callback
                0x000000000800433e       0x14 CMakeFiles/STM32F407-Buoyancy-Prototype.dir/Drivers/STM32F4xx_HAL_Driver/Src/stm32f4xx_hal_hcd.c.obj
                0x000000000800433e                HAL_HCD_PortEnabled_Callback
 .text.HAL_HCD_PortDisabled_Callback
                0x0000000008004352       0x14 CMakeFiles/STM32F407-Buoyancy-Prototype.dir/Drivers/STM32F4xx_HAL_Driver/Src/stm32f4xx_hal_hcd.c.obj
                0x0000000008004352                HAL_HCD_PortDisabled_Callback
 .text.HAL_HCD_HC_NotifyURBChange_Callback
                0x0000000008004366       0x1c CMakeFiles/STM32F407-Buoyancy-Prototype.dir/Drivers/STM32F4xx_HAL_Driver/Src/stm32f4xx_hal_hcd.c.obj
                0x0000000008004366                HAL_HCD_HC_NotifyURBChange_Callback
 .text.HCD_HC_IN_IRQHandler
                0x0000000008004382      0xcd2 CMakeFiles/STM32F407-Buoyancy-Prototype.dir/Drivers/STM32F4xx_HAL_Driver/Src/stm32f4xx_hal_hcd.c.obj
 .text.HCD_HC_OUT_IRQHandler
                0x0000000008005054      0x97e CMakeFiles/STM32F407-Buoyancy-Prototype.dir/Drivers/STM32F4xx_HAL_Driver/Src/stm32f4xx_hal_hcd.c.obj
 .text.HCD_RXQLVL_IRQHandler
                0x00000000080059d2      0x1be CMakeFiles/STM32F407-Buoyancy-Prototype.dir/Drivers/STM32F4xx_HAL_Driver/Src/stm32f4xx_hal_hcd.c.obj
 .text.HCD_Port_IRQHandler
                0x0000000008005b90       0xe6 CMakeFiles/STM32F407-Buoyancy-Prototype.dir/Drivers/STM32F4xx_HAL_Driver/Src/stm32f4xx_hal_hcd.c.obj
 .text.USB_CoreInit
                0x0000000008005c76       0xc8 CMakeFiles/STM32F407-Buoyancy-Prototype.dir/Drivers/STM32F4xx_HAL_Driver/Src/stm32f4xx_ll_usb.c.obj
                0x0000000008005c76                USB_CoreInit
 .text.USB_DisableGlobalInt
                0x0000000008005d3e       0x22 CMakeFiles/STM32F407-Buoyancy-Prototype.dir/Drivers/STM32F4xx_HAL_Driver/Src/stm32f4xx_ll_usb.c.obj
                0x0000000008005d3e                USB_DisableGlobalInt
 .text.USB_SetCurrentMode
                0x0000000008005d60       0x98 CMakeFiles/STM32F407-Buoyancy-Prototype.dir/Drivers/STM32F4xx_HAL_Driver/Src/stm32f4xx_ll_usb.c.obj
                0x0000000008005d60                USB_SetCurrentMode
 .text.USB_FlushTxFifo
                0x0000000008005df8       0x64 CMakeFiles/STM32F407-Buoyancy-Prototype.dir/Drivers/STM32F4xx_HAL_Driver/Src/stm32f4xx_ll_usb.c.obj
                0x0000000008005df8                USB_FlushTxFifo
 .text.USB_FlushRxFifo
                0x0000000008005e5c       0x5c CMakeFiles/STM32F407-Buoyancy-Prototype.dir/Drivers/STM32F4xx_HAL_Driver/Src/stm32f4xx_ll_usb.c.obj
                0x0000000008005e5c                USB_FlushRxFifo
 .text.USB_ReadPacket
                0x0000000008005eb8       0xb0 CMakeFiles/STM32F407-Buoyancy-Prototype.dir/Drivers/STM32F4xx_HAL_Driver/Src/stm32f4xx_ll_usb.c.obj
                0x0000000008005eb8                USB_ReadPacket
 .text.USB_ReadInterrupts
                0x0000000008005f68       0x26 CMakeFiles/STM32F407-Buoyancy-Prototype.dir/Drivers/STM32F4xx_HAL_Driver/Src/stm32f4xx_ll_usb.c.obj
                0x0000000008005f68                USB_ReadInterrupts
 .text.USB_ReadChInterrupts
                0x0000000008005f8e       0x42 CMakeFiles/STM32F407-Buoyancy-Prototype.dir/Drivers/STM32F4xx_HAL_Driver/Src/stm32f4xx_ll_usb.c.obj
                0x0000000008005f8e                USB_ReadChInterrupts
 .text.USB_GetMode
                0x0000000008005fd0       0x1c CMakeFiles/STM32F407-Buoyancy-Prototype.dir/Drivers/STM32F4xx_HAL_Driver/Src/stm32f4xx_ll_usb.c.obj
                0x0000000008005fd0                USB_GetMode
 .text.USB_CoreReset
                0x0000000008005fec       0x62 CMakeFiles/STM32F407-Buoyancy-Prototype.dir/Drivers/STM32F4xx_HAL_Driver/Src/stm32f4xx_ll_usb.c.obj
 *fill*         0x000000000800604e        0x2 
 .text.USB_HostInit
                0x0000000008006050      0x188 CMakeFiles/STM32F407-Buoyancy-Prototype.dir/Drivers/STM32F4xx_HAL_Driver/Src/stm32f4xx_ll_usb.c.obj
                0x0000000008006050                USB_HostInit
 .text.USB_InitFSLSPClkSel
                0x00000000080061d8       0x7a CMakeFiles/STM32F407-Buoyancy-Prototype.dir/Drivers/STM32F4xx_HAL_Driver/Src/stm32f4xx_ll_usb.c.obj
                0x00000000080061d8                USB_InitFSLSPClkSel
 .text.USB_HC_ReadInterrupt
                0x0000000008006252       0x22 CMakeFiles/STM32F407-Buoyancy-Prototype.dir/Drivers/STM32F4xx_HAL_Driver/Src/stm32f4xx_ll_usb.c.obj
                0x0000000008006252                USB_HC_ReadInterrupt
 .text.USB_HC_Halt
                0x0000000008006274      0x240 CMakeFiles/STM32F407-Buoyancy-Prototype.dir/Drivers/STM32F4xx_HAL_Driver/Src/stm32f4xx_ll_usb.c.obj
                0x0000000008006274                USB_HC_Halt
 .text.SystemInit
                0x00000000080064b4       0x24 CMakeFiles/STM32F407-Buoyancy-Prototype.dir/Core/Src/system_stm32f4xx.c.obj
                0x00000000080064b4                SystemInit
 .text.Reset_Handler
                0x00000000080064d8       0x50 CMakeFiles/STM32F407-Buoyancy-Prototype.dir/startup_stm32f407xx.s.obj
                0x00000000080064d8                Reset_Handler
 .text.Default_Handler
                0x0000000008006528        0x2 CMakeFiles/STM32F407-Buoyancy-Prototype.dir/startup_stm32f407xx.s.obj
                0x0000000008006528                DMA1_Stream3_IRQHandler
                0x0000000008006528                HASH_RNG_IRQHandler
                0x0000000008006528                EXTI2_IRQHandler
                0x0000000008006528                TIM8_CC_IRQHandler
                0x0000000008006528                TIM1_CC_IRQHandler
                0x0000000008006528                DMA2_Stream5_IRQHandler
                0x0000000008006528                DMA1_Stream5_IRQHandler
                0x0000000008006528                PVD_IRQHandler
                0x0000000008006528                SDIO_IRQHandler
                0x0000000008006528                TAMP_STAMP_IRQHandler
                0x0000000008006528                CAN2_RX1_IRQHandler
                0x0000000008006528                EXTI3_IRQHandler
                0x0000000008006528                TIM8_TRG_COM_TIM14_IRQHandler
                0x0000000008006528                TIM1_UP_TIM10_IRQHandler
                0x0000000008006528                TIM8_UP_TIM13_IRQHandler
                0x0000000008006528                I2C3_ER_IRQHandler
                0x0000000008006528                I2C2_EV_IRQHandler
                0x0000000008006528                DMA1_Stream2_IRQHandler
                0x0000000008006528                CAN1_RX0_IRQHandler
                0x0000000008006528                FPU_IRQHandler
                0x0000000008006528                OTG_HS_WKUP_IRQHandler
                0x0000000008006528                CAN2_SCE_IRQHandler
                0x0000000008006528                DMA2_Stream2_IRQHandler
                0x0000000008006528                SPI1_IRQHandler
                0x0000000008006528                TIM6_DAC_IRQHandler
                0x0000000008006528                TIM1_BRK_TIM9_IRQHandler
                0x0000000008006528                DCMI_IRQHandler
                0x0000000008006528                CAN2_RX0_IRQHandler
                0x0000000008006528                DMA2_Stream3_IRQHandler
                0x0000000008006528                USART6_IRQHandler
                0x0000000008006528                USART3_IRQHandler
                0x0000000008006528                CAN1_RX1_IRQHandler
                0x0000000008006528                UART5_IRQHandler
                0x0000000008006528                DMA2_Stream0_IRQHandler
                0x0000000008006528                TIM4_IRQHandler
                0x0000000008006528                I2C1_EV_IRQHandler
                0x0000000008006528                DMA1_Stream6_IRQHandler
                0x0000000008006528                DMA1_Stream1_IRQHandler
                0x0000000008006528                UART4_IRQHandler
                0x0000000008006528                RCC_IRQHandler
                0x0000000008006528                TIM8_BRK_TIM12_IRQHandler
                0x0000000008006528                Default_Handler
                0x0000000008006528                EXTI15_10_IRQHandler
                0x0000000008006528                ADC_IRQHandler
                0x0000000008006528                DMA1_Stream7_IRQHandler
                0x0000000008006528                TIM7_IRQHandler
                0x0000000008006528                CAN2_TX_IRQHandler
                0x0000000008006528                TIM5_IRQHandler
                0x0000000008006528                DMA2_Stream7_IRQHandler
                0x0000000008006528                I2C3_EV_IRQHandler
                0x0000000008006528                EXTI9_5_IRQHandler
                0x0000000008006528                RTC_WKUP_IRQHandler
                0x0000000008006528                ETH_WKUP_IRQHandler
                0x0000000008006528                SPI2_IRQHandler
                0x0000000008006528                OTG_HS_EP1_IN_IRQHandler
                0x0000000008006528                DMA1_Stream0_IRQHandler
                0x0000000008006528                CAN1_TX_IRQHandler
                0x0000000008006528                EXTI4_IRQHandler
                0x0000000008006528                FSMC_IRQHandler
                0x0000000008006528                ETH_IRQHandler
                0x0000000008006528                OTG_HS_EP1_OUT_IRQHandler
                0x0000000008006528                WWDG_IRQHandler
                0x0000000008006528                TIM2_IRQHandler
                0x0000000008006528                OTG_FS_WKUP_IRQHandler
                0x0000000008006528                TIM1_TRG_COM_TIM11_IRQHandler
                0x0000000008006528                OTG_HS_IRQHandler
                0x0000000008006528                EXTI1_IRQHandler
                0x0000000008006528                USART2_IRQHandler
                0x0000000008006528                I2C2_ER_IRQHandler
                0x0000000008006528                DMA2_Stream1_IRQHandler
                0x0000000008006528                CAN1_SCE_IRQHandler
                0x0000000008006528                FLASH_IRQHandler
                0x0000000008006528                DMA2_Stream4_IRQHandler
                0x0000000008006528                USART1_IRQHandler
                0x0000000008006528                SPI3_IRQHandler
                0x0000000008006528                DMA1_Stream4_IRQHandler
                0x0000000008006528                I2C1_ER_IRQHandler
                0x0000000008006528                DMA2_Stream6_IRQHandler
                0x0000000008006528                RTC_Alarm_IRQHandler
 *(.glue_7)
 .glue_7        0x000000000800652a        0x0 linker stubs
 *(.glue_7t)
 .glue_7t       0x000000000800652a        0x0 linker stubs
 *(.eh_frame)
 *fill*         0x000000000800652a        0x2 
 .eh_frame      0x000000000800652c        0x0 /usr/local/Cellar/gcc-arm-none-eabi/20200630/bin/../lib/gcc/arm-none-eabi/9.3.1/thumb/v7e-m+fp/hard/crtbegin.o
 *(.init)
 .init          0x000000000800652c        0x4 /usr/local/Cellar/gcc-arm-none-eabi/20200630/bin/../lib/gcc/arm-none-eabi/9.3.1/thumb/v7e-m+fp/hard/crti.o
                0x000000000800652c                _init
 .init          0x0000000008006530        0x8 /usr/local/Cellar/gcc-arm-none-eabi/20200630/bin/../lib/gcc/arm-none-eabi/9.3.1/thumb/v7e-m+fp/hard/crtn.o
 *(.fini)
 .fini          0x0000000008006538        0x4 /usr/local/Cellar/gcc-arm-none-eabi/20200630/bin/../lib/gcc/arm-none-eabi/9.3.1/thumb/v7e-m+fp/hard/crti.o
                0x0000000008006538                _fini
 .fini          0x000000000800653c        0x8 /usr/local/Cellar/gcc-arm-none-eabi/20200630/bin/../lib/gcc/arm-none-eabi/9.3.1/thumb/v7e-m+fp/hard/crtn.o
                0x0000000008006544                . = ALIGN (0x4)
                0x0000000008006544                _etext = .

.vfp11_veneer   0x0000000008006544        0x0
 .vfp11_veneer  0x0000000008006544        0x0 linker stubs

.v4_bx          0x0000000008006544        0x0
 .v4_bx         0x0000000008006544        0x0 linker stubs

.iplt           0x0000000008006544        0x0
 .iplt          0x0000000008006544        0x0 /usr/local/Cellar/gcc-arm-none-eabi/20200630/bin/../lib/gcc/arm-none-eabi/9.3.1/thumb/v7e-m+fp/hard/crtbegin.o

.rodata         0x0000000008006544       0x18
                0x0000000008006544                . = ALIGN (0x4)
 *(.rodata)
 *(.rodata*)
 .rodata.AHBPrescTable
                0x0000000008006544       0x10 CMakeFiles/STM32F407-Buoyancy-Prototype.dir/Core/Src/system_stm32f4xx.c.obj
                0x0000000008006544                AHBPrescTable
 .rodata.APBPrescTable
                0x0000000008006554        0x8 CMakeFiles/STM32F407-Buoyancy-Prototype.dir/Core/Src/system_stm32f4xx.c.obj
                0x0000000008006554                APBPrescTable
                0x000000000800655c                . = ALIGN (0x4)

.ARM.extab
 *(.ARM.extab* .gnu.linkonce.armextab.*)

.ARM            0x000000000800655c        0x8
                0x000000000800655c                __exidx_start = .
 *(.ARM.exidx*)
 .ARM.exidx     0x000000000800655c        0x8 /usr/local/Cellar/gcc-arm-none-eabi/20200630/bin/../lib/gcc/arm-none-eabi/9.3.1/thumb/v7e-m+fp/hard/libgcc.a(_udivmoddi4.o)
                0x0000000008006564                __exidx_end = .

.rel.dyn        0x0000000008006564        0x0
 .rel.iplt      0x0000000008006564        0x0 /usr/local/Cellar/gcc-arm-none-eabi/20200630/bin/../lib/gcc/arm-none-eabi/9.3.1/thumb/v7e-m+fp/hard/crtbegin.o

.preinit_array  0x0000000008006564        0x0
                0x0000000008006564                PROVIDE (__preinit_array_start = .)
 *(.preinit_array*)
                0x0000000008006564                PROVIDE (__preinit_array_end = .)

.init_array     0x0000000008006564        0x4
                0x0000000008006564                PROVIDE (__init_array_start = .)
 *(SORT_BY_NAME(.init_array.*))
 *(.init_array*)
 .init_array    0x0000000008006564        0x4 /usr/local/Cellar/gcc-arm-none-eabi/20200630/bin/../lib/gcc/arm-none-eabi/9.3.1/thumb/v7e-m+fp/hard/crtbegin.o
                0x0000000008006568                PROVIDE (__init_array_end = .)

.fini_array     0x0000000008006568        0x4
                [!provide]                        PROVIDE (__fini_array_start = .)
 *(SORT_BY_NAME(.fini_array.*))
 *(.fini_array*)
 .fini_array    0x0000000008006568        0x4 /usr/local/Cellar/gcc-arm-none-eabi/20200630/bin/../lib/gcc/arm-none-eabi/9.3.1/thumb/v7e-m+fp/hard/crtbegin.o
                [!provide]                        PROVIDE (__fini_array_end = .)
                0x000000000800656c                _sidata = LOADADDR (.data)

.data           0x0000000020000000        0xc load address 0x000000000800656c
                0x0000000020000000                . = ALIGN (0x4)
                0x0000000020000000                _sdata = .
 *(.data)
 *(.data*)
 .data.uwTickPrio
                0x0000000020000000        0x4 CMakeFiles/STM32F407-Buoyancy-Prototype.dir/Drivers/STM32F4xx_HAL_Driver/Src/stm32f4xx_hal.c.obj
                0x0000000020000000                uwTickPrio
 .data.uwTickFreq
                0x0000000020000004        0x1 CMakeFiles/STM32F407-Buoyancy-Prototype.dir/Drivers/STM32F4xx_HAL_Driver/Src/stm32f4xx_hal.c.obj
                0x0000000020000004                uwTickFreq
 *fill*         0x0000000020000005        0x3 
 .data.SystemCoreClock
                0x0000000020000008        0x4 CMakeFiles/STM32F407-Buoyancy-Prototype.dir/Core/Src/system_stm32f4xx.c.obj
                0x0000000020000008                SystemCoreClock
                0x000000002000000c                . = ALIGN (0x4)
                0x000000002000000c                _edata = .
                0x0000000008006578                _siccmram = LOADADDR (.ccmram)

.igot.plt       0x000000002000000c        0x0 load address 0x0000000008006578
 .igot.plt      0x000000002000000c        0x0 /usr/local/Cellar/gcc-arm-none-eabi/20200630/bin/../lib/gcc/arm-none-eabi/9.3.1/thumb/v7e-m+fp/hard/crtbegin.o

.ccmram         0x0000000010000000        0x0 load address 0x0000000008006578
                0x0000000010000000                . = ALIGN (0x4)
                0x0000000010000000                _sccmram = .
 *(.ccmram)
 *(.ccmram*)
                0x0000000010000000                . = ALIGN (0x4)
                0x0000000010000000                _eccmram = .
                0x0000000010000000                . = ALIGN (0x4)

.bss            0x000000002000000c      0x5e0
                0x000000002000000c                _sbss = .
                0x000000002000000c                __bss_start__ = _sbss
 *(.bss)
 .bss           0x000000002000000c       0x1c /usr/local/Cellar/gcc-arm-none-eabi/20200630/bin/../lib/gcc/arm-none-eabi/9.3.1/thumb/v7e-m+fp/hard/crtbegin.o
 *(.bss*)
 .bss.aKeyIsPressed
                0x0000000020000028        0x1 CMakeFiles/STM32F407-Buoyancy-Prototype.dir/Core/Src/main.c.obj
                0x0000000020000028                aKeyIsPressed
 *fill*         0x0000000020000029        0x3 
 .bss.ARM_key   0x000000002000002c        0x4 CMakeFiles/STM32F407-Buoyancy-Prototype.dir/Core/Src/main.c.obj
                0x000000002000002c                ARM_key
 *(COMMON)
 COMMON         0x0000000020000030      0x5b8 CMakeFiles/STM32F407-Buoyancy-Prototype.dir/Core/Src/main.c.obj
                0x0000000020000030                htim4
                0x0000000020000078                hadc2
                0x00000000200000c0                hi2c1
                0x0000000020000114                htim3
                0x000000002000015c                hadc1
                0x00000000200001a4                hdac
                0x00000000200001b8                value2
                0x00000000200001bc                htim2
                0x0000000020000204                hhcd_USB_OTG_FS
                0x00000000200005e4                value1
 COMMON         0x00000000200005e8        0x4 CMakeFiles/STM32F407-Buoyancy-Prototype.dir/Drivers/STM32F4xx_HAL_Driver/Src/stm32f4xx_hal.c.obj
                0x00000000200005e8                uwTick
                0x00000000200005ec                . = ALIGN (0x4)
                0x00000000200005ec                _ebss = .
                0x00000000200005ec                __bss_end__ = _ebss

._user_heap_stack
                0x00000000200005ec      0x604
                0x00000000200005f0                . = ALIGN (0x8)
 *fill*         0x00000000200005ec        0x4 
                [!provide]                        PROVIDE (end = .)
                0x00000000200005f0                PROVIDE (_end = .)
                0x00000000200007f0                . = (. + _Min_Heap_Size)
 *fill*         0x00000000200005f0      0x200 
                0x0000000020000bf0                . = (. + _Min_Stack_Size)
 *fill*         0x00000000200007f0      0x400 
                0x0000000020000bf0                . = ALIGN (0x8)

/DISCARD/
 libc.a(*)
 libm.a(*)
 libgcc.a(*)

.ARM.attributes
                0x0000000000000000       0x30
 *(.ARM.attributes)
 .ARM.attributes
                0x0000000000000000       0x1e /usr/local/Cellar/gcc-arm-none-eabi/20200630/bin/../lib/gcc/arm-none-eabi/9.3.1/thumb/v7e-m+fp/hard/crti.o
 .ARM.attributes
                0x000000000000001e       0x34 /usr/local/Cellar/gcc-arm-none-eabi/20200630/bin/../lib/gcc/arm-none-eabi/9.3.1/thumb/v7e-m+fp/hard/crtbegin.o
 .ARM.attributes
                0x0000000000000052       0x34 /usr/local/Cellar/gcc-arm-none-eabi/20200630/bin/../lib/gcc/arm-none-eabi/9.3.1/../../../../arm-none-eabi/lib/thumb/v7e-m+fp/hard/libc_nano.a(lib_a-init.o)
 .ARM.attributes
                0x0000000000000086       0x34 /usr/local/Cellar/gcc-arm-none-eabi/20200630/bin/../lib/gcc/arm-none-eabi/9.3.1/../../../../arm-none-eabi/lib/thumb/v7e-m+fp/hard/libc_nano.a(lib_a-memset.o)
 .ARM.attributes
                0x00000000000000ba       0x34 CMakeFiles/STM32F407-Buoyancy-Prototype.dir/Core/Inc/Ports/leds.c.obj
 .ARM.attributes
                0x00000000000000ee       0x34 CMakeFiles/STM32F407-Buoyancy-Prototype.dir/Core/Inc/Ports/keys.c.obj
 .ARM.attributes
                0x0000000000000122       0x34 CMakeFiles/STM32F407-Buoyancy-Prototype.dir/Core/Src/main.c.obj
 .ARM.attributes
                0x0000000000000156       0x34 CMakeFiles/STM32F407-Buoyancy-Prototype.dir/Core/Src/stm32f4xx_it.c.obj
 .ARM.attributes
                0x000000000000018a       0x34 CMakeFiles/STM32F407-Buoyancy-Prototype.dir/Core/Src/stm32f4xx_hal_msp.c.obj
 .ARM.attributes
                0x00000000000001be       0x34 CMakeFiles/STM32F407-Buoyancy-Prototype.dir/Drivers/STM32F4xx_HAL_Driver/Src/stm32f4xx_hal_adc.c.obj
 .ARM.attributes
                0x00000000000001f2       0x34 CMakeFiles/STM32F407-Buoyancy-Prototype.dir/Drivers/STM32F4xx_HAL_Driver/Src/stm32f4xx_hal_rcc.c.obj
 .ARM.attributes
                0x0000000000000226       0x34 CMakeFiles/STM32F407-Buoyancy-Prototype.dir/Drivers/STM32F4xx_HAL_Driver/Src/stm32f4xx_hal_gpio.c.obj
 .ARM.attributes
                0x000000000000025a       0x34 CMakeFiles/STM32F407-Buoyancy-Prototype.dir/Drivers/STM32F4xx_HAL_Driver/Src/stm32f4xx_hal_cortex.c.obj
 .ARM.attributes
                0x000000000000028e       0x34 CMakeFiles/STM32F407-Buoyancy-Prototype.dir/Drivers/STM32F4xx_HAL_Driver/Src/stm32f4xx_hal.c.obj
 .ARM.attributes
                0x00000000000002c2       0x34 CMakeFiles/STM32F407-Buoyancy-Prototype.dir/Drivers/STM32F4xx_HAL_Driver/Src/stm32f4xx_hal_dac.c.obj
 .ARM.attributes
                0x00000000000002f6       0x34 CMakeFiles/STM32F407-Buoyancy-Prototype.dir/Drivers/STM32F4xx_HAL_Driver/Src/stm32f4xx_hal_i2c.c.obj
 .ARM.attributes
                0x000000000000032a       0x34 CMakeFiles/STM32F407-Buoyancy-Prototype.dir/Drivers/STM32F4xx_HAL_Driver/Src/stm32f4xx_hal_tim.c.obj
 .ARM.attributes
                0x000000000000035e       0x34 CMakeFiles/STM32F407-Buoyancy-Prototype.dir/Drivers/STM32F4xx_HAL_Driver/Src/stm32f4xx_hal_tim_ex.c.obj
 .ARM.attributes
                0x0000000000000392       0x34 CMakeFiles/STM32F407-Buoyancy-Prototype.dir/Drivers/STM32F4xx_HAL_Driver/Src/stm32f4xx_hal_hcd.c.obj
 .ARM.attributes
                0x00000000000003c6       0x34 CMakeFiles/STM32F407-Buoyancy-Prototype.dir/Drivers/STM32F4xx_HAL_Driver/Src/stm32f4xx_ll_usb.c.obj
 .ARM.attributes
                0x00000000000003fa       0x34 CMakeFiles/STM32F407-Buoyancy-Prototype.dir/Core/Src/system_stm32f4xx.c.obj
 .ARM.attributes
                0x000000000000042e       0x21 CMakeFiles/STM32F407-Buoyancy-Prototype.dir/startup_stm32f407xx.s.obj
 .ARM.attributes
                0x000000000000044f       0x1e /usr/local/Cellar/gcc-arm-none-eabi/20200630/bin/../lib/gcc/arm-none-eabi/9.3.1/thumb/v7e-m+fp/hard/libgcc.a(_aeabi_uldivmod.o)
 .ARM.attributes
                0x000000000000046d       0x34 /usr/local/Cellar/gcc-arm-none-eabi/20200630/bin/../lib/gcc/arm-none-eabi/9.3.1/thumb/v7e-m+fp/hard/libgcc.a(_udivmoddi4.o)
 .ARM.attributes
                0x00000000000004a1       0x1e /usr/local/Cellar/gcc-arm-none-eabi/20200630/bin/../lib/gcc/arm-none-eabi/9.3.1/thumb/v7e-m+fp/hard/libgcc.a(_dvmd_tls.o)
 .ARM.attributes
                0x00000000000004bf       0x1e /usr/local/Cellar/gcc-arm-none-eabi/20200630/bin/../lib/gcc/arm-none-eabi/9.3.1/thumb/v7e-m+fp/hard/crtn.o
OUTPUT(STM32F407-Buoyancy-Prototype.elf elf32-littlearm)
LOAD linker stubs
LOAD /usr/local/Cellar/gcc-arm-none-eabi/20200630/bin/../lib/gcc/arm-none-eabi/9.3.1/../../../../arm-none-eabi/lib/thumb/v7e-m+fp/hard/libc.a
LOAD /usr/local/Cellar/gcc-arm-none-eabi/20200630/bin/../lib/gcc/arm-none-eabi/9.3.1/../../../../arm-none-eabi/lib/thumb/v7e-m+fp/hard/libm.a
LOAD /usr/local/Cellar/gcc-arm-none-eabi/20200630/bin/../lib/gcc/arm-none-eabi/9.3.1/thumb/v7e-m+fp/hard/libgcc.a

.debug_frame    0x0000000000000000     0x4a5c
 .debug_frame   0x0000000000000000       0x2c /usr/local/Cellar/gcc-arm-none-eabi/20200630/bin/../lib/gcc/arm-none-eabi/9.3.1/../../../../arm-none-eabi/lib/thumb/v7e-m+fp/hard/libc_nano.a(lib_a-init.o)
 .debug_frame   0x000000000000002c       0x20 /usr/local/Cellar/gcc-arm-none-eabi/20200630/bin/../lib/gcc/arm-none-eabi/9.3.1/../../../../arm-none-eabi/lib/thumb/v7e-m+fp/hard/libc_nano.a(lib_a-memset.o)
 .debug_frame   0x000000000000004c       0x50 CMakeFiles/STM32F407-Buoyancy-Prototype.dir/Core/Inc/Ports/leds.c.obj
 .debug_frame   0x000000000000009c       0x7c CMakeFiles/STM32F407-Buoyancy-Prototype.dir/Core/Inc/Ports/keys.c.obj
 .debug_frame   0x0000000000000118      0x1ac CMakeFiles/STM32F407-Buoyancy-Prototype.dir/Core/Src/main.c.obj
 .debug_frame   0x00000000000002c4      0x160 CMakeFiles/STM32F407-Buoyancy-Prototype.dir/Core/Src/stm32f4xx_it.c.obj
 .debug_frame   0x0000000000000424      0x1c0 CMakeFiles/STM32F407-Buoyancy-Prototype.dir/Core/Src/stm32f4xx_hal_msp.c.obj
 .debug_frame   0x00000000000005e4      0x3fc CMakeFiles/STM32F407-Buoyancy-Prototype.dir/Drivers/STM32F4xx_HAL_Driver/Src/stm32f4xx_hal_adc.c.obj
 .debug_frame   0x00000000000009e0      0x1f0 CMakeFiles/STM32F407-Buoyancy-Prototype.dir/Drivers/STM32F4xx_HAL_Driver/Src/stm32f4xx_hal_rcc.c.obj
 .debug_frame   0x0000000000000bd0      0x14c CMakeFiles/STM32F407-Buoyancy-Prototype.dir/Drivers/STM32F4xx_HAL_Driver/Src/stm32f4xx_hal_gpio.c.obj
 .debug_frame   0x0000000000000d1c      0x508 CMakeFiles/STM32F407-Buoyancy-Prototype.dir/Drivers/STM32F4xx_HAL_Driver/Src/stm32f4xx_hal_cortex.c.obj
 .debug_frame   0x0000000000001224      0x374 CMakeFiles/STM32F407-Buoyancy-Prototype.dir/Drivers/STM32F4xx_HAL_Driver/Src/stm32f4xx_hal.c.obj
 .debug_frame   0x0000000000001598      0x338 CMakeFiles/STM32F407-Buoyancy-Prototype.dir/Drivers/STM32F4xx_HAL_Driver/Src/stm32f4xx_hal_dac.c.obj
 .debug_frame   0x00000000000018d0      0xc84 CMakeFiles/STM32F407-Buoyancy-Prototype.dir/Drivers/STM32F4xx_HAL_Driver/Src/stm32f4xx_hal_i2c.c.obj
 .debug_frame   0x0000000000002554     0x11c0 CMakeFiles/STM32F407-Buoyancy-Prototype.dir/Drivers/STM32F4xx_HAL_Driver/Src/stm32f4xx_hal_tim.c.obj
 .debug_frame   0x0000000000003714      0x638 CMakeFiles/STM32F407-Buoyancy-Prototype.dir/Drivers/STM32F4xx_HAL_Driver/Src/stm32f4xx_hal_tim_ex.c.obj
 .debug_frame   0x0000000000003d4c      0x498 CMakeFiles/STM32F407-Buoyancy-Prototype.dir/Drivers/STM32F4xx_HAL_Driver/Src/stm32f4xx_hal_hcd.c.obj
 .debug_frame   0x00000000000041e4      0x7c0 CMakeFiles/STM32F407-Buoyancy-Prototype.dir/Drivers/STM32F4xx_HAL_Driver/Src/stm32f4xx_ll_usb.c.obj
 .debug_frame   0x00000000000049a4       0x58 CMakeFiles/STM32F407-Buoyancy-Prototype.dir/Core/Src/system_stm32f4xx.c.obj
 .debug_frame   0x00000000000049fc       0x2c /usr/local/Cellar/gcc-arm-none-eabi/20200630/bin/../lib/gcc/arm-none-eabi/9.3.1/thumb/v7e-m+fp/hard/libgcc.a(_aeabi_uldivmod.o)
 .debug_frame   0x0000000000004a28       0x34 /usr/local/Cellar/gcc-arm-none-eabi/20200630/bin/../lib/gcc/arm-none-eabi/9.3.1/thumb/v7e-m+fp/hard/libgcc.a(_udivmoddi4.o)

.debug_info     0x0000000000000000    0x15e9d
 .debug_info    0x0000000000000000      0xba8 CMakeFiles/STM32F407-Buoyancy-Prototype.dir/Core/Inc/Ports/leds.c.obj
 .debug_info    0x0000000000000ba8      0xbcd CMakeFiles/STM32F407-Buoyancy-Prototype.dir/Core/Inc/Ports/keys.c.obj
 .debug_info    0x0000000000001775     0x27c5 CMakeFiles/STM32F407-Buoyancy-Prototype.dir/Core/Src/main.c.obj
 .debug_info    0x0000000000003f3a     0x1b9a CMakeFiles/STM32F407-Buoyancy-Prototype.dir/Core/Src/stm32f4xx_it.c.obj
 .debug_info    0x0000000000005ad4     0x250e CMakeFiles/STM32F407-Buoyancy-Prototype.dir/Core/Src/stm32f4xx_hal_msp.c.obj
 .debug_info    0x0000000000007fe2      0xddc CMakeFiles/STM32F407-Buoyancy-Prototype.dir/Drivers/STM32F4xx_HAL_Driver/Src/stm32f4xx_hal_adc.c.obj
 .debug_info    0x0000000000008dbe      0x996 CMakeFiles/STM32F407-Buoyancy-Prototype.dir/Drivers/STM32F4xx_HAL_Driver/Src/stm32f4xx_hal_rcc.c.obj
 .debug_info    0x0000000000009754      0x83e CMakeFiles/STM32F407-Buoyancy-Prototype.dir/Drivers/STM32F4xx_HAL_Driver/Src/stm32f4xx_hal_gpio.c.obj
 .debug_info    0x0000000000009f92      0xf1f CMakeFiles/STM32F407-Buoyancy-Prototype.dir/Drivers/STM32F4xx_HAL_Driver/Src/stm32f4xx_hal_cortex.c.obj
 .debug_info    0x000000000000aeb1      0x9b2 CMakeFiles/STM32F407-Buoyancy-Prototype.dir/Drivers/STM32F4xx_HAL_Driver/Src/stm32f4xx_hal.c.obj
 .debug_info    0x000000000000b863      0xb09 CMakeFiles/STM32F407-Buoyancy-Prototype.dir/Drivers/STM32F4xx_HAL_Driver/Src/stm32f4xx_hal_dac.c.obj
 .debug_info    0x000000000000c36c     0x2685 CMakeFiles/STM32F407-Buoyancy-Prototype.dir/Drivers/STM32F4xx_HAL_Driver/Src/stm32f4xx_hal_i2c.c.obj
 .debug_info    0x000000000000e9f1     0x2c7a CMakeFiles/STM32F407-Buoyancy-Prototype.dir/Drivers/STM32F4xx_HAL_Driver/Src/stm32f4xx_hal_tim.c.obj
 .debug_info    0x000000000001166b     0x15c7 CMakeFiles/STM32F407-Buoyancy-Prototype.dir/Drivers/STM32F4xx_HAL_Driver/Src/stm32f4xx_hal_tim_ex.c.obj
 .debug_info    0x0000000000012c32     0x10ab CMakeFiles/STM32F407-Buoyancy-Prototype.dir/Drivers/STM32F4xx_HAL_Driver/Src/stm32f4xx_hal_hcd.c.obj
 .debug_info    0x0000000000013cdd     0x1bfa CMakeFiles/STM32F407-Buoyancy-Prototype.dir/Drivers/STM32F4xx_HAL_Driver/Src/stm32f4xx_ll_usb.c.obj
 .debug_info    0x00000000000158d7      0x5a4 CMakeFiles/STM32F407-Buoyancy-Prototype.dir/Core/Src/system_stm32f4xx.c.obj
 .debug_info    0x0000000000015e7b       0x22 CMakeFiles/STM32F407-Buoyancy-Prototype.dir/startup_stm32f407xx.s.obj

.debug_abbrev   0x0000000000000000     0x2905
 .debug_abbrev  0x0000000000000000      0x267 CMakeFiles/STM32F407-Buoyancy-Prototype.dir/Core/Inc/Ports/leds.c.obj
 .debug_abbrev  0x0000000000000267      0x269 CMakeFiles/STM32F407-Buoyancy-Prototype.dir/Core/Inc/Ports/keys.c.obj
 .debug_abbrev  0x00000000000004d0      0x30d CMakeFiles/STM32F407-Buoyancy-Prototype.dir/Core/Src/main.c.obj
 .debug_abbrev  0x00000000000007dd      0x2c6 CMakeFiles/STM32F407-Buoyancy-Prototype.dir/Core/Src/stm32f4xx_it.c.obj
 .debug_abbrev  0x0000000000000aa3      0x2ea CMakeFiles/STM32F407-Buoyancy-Prototype.dir/Core/Src/stm32f4xx_hal_msp.c.obj
 .debug_abbrev  0x0000000000000d8d      0x22f CMakeFiles/STM32F407-Buoyancy-Prototype.dir/Drivers/STM32F4xx_HAL_Driver/Src/stm32f4xx_hal_adc.c.obj
 .debug_abbrev  0x0000000000000fbc      0x275 CMakeFiles/STM32F407-Buoyancy-Prototype.dir/Drivers/STM32F4xx_HAL_Driver/Src/stm32f4xx_hal_rcc.c.obj
 .debug_abbrev  0x0000000000001231      0x1f1 CMakeFiles/STM32F407-Buoyancy-Prototype.dir/Drivers/STM32F4xx_HAL_Driver/Src/stm32f4xx_hal_gpio.c.obj
 .debug_abbrev  0x0000000000001422      0x333 CMakeFiles/STM32F407-Buoyancy-Prototype.dir/Drivers/STM32F4xx_HAL_Driver/Src/stm32f4xx_hal_cortex.c.obj
 .debug_abbrev  0x0000000000001755      0x1ed CMakeFiles/STM32F407-Buoyancy-Prototype.dir/Drivers/STM32F4xx_HAL_Driver/Src/stm32f4xx_hal.c.obj
 .debug_abbrev  0x0000000000001942      0x1f2 CMakeFiles/STM32F407-Buoyancy-Prototype.dir/Drivers/STM32F4xx_HAL_Driver/Src/stm32f4xx_hal_dac.c.obj
 .debug_abbrev  0x0000000000001b34      0x282 CMakeFiles/STM32F407-Buoyancy-Prototype.dir/Drivers/STM32F4xx_HAL_Driver/Src/stm32f4xx_hal_i2c.c.obj
 .debug_abbrev  0x0000000000001db6      0x25e CMakeFiles/STM32F407-Buoyancy-Prototype.dir/Drivers/STM32F4xx_HAL_Driver/Src/stm32f4xx_hal_tim.c.obj
 .debug_abbrev  0x0000000000002014      0x266 CMakeFiles/STM32F407-Buoyancy-Prototype.dir/Drivers/STM32F4xx_HAL_Driver/Src/stm32f4xx_hal_tim_ex.c.obj
 .debug_abbrev  0x000000000000227a      0x28d CMakeFiles/STM32F407-Buoyancy-Prototype.dir/Drivers/STM32F4xx_HAL_Driver/Src/stm32f4xx_hal_hcd.c.obj
 .debug_abbrev  0x0000000000002507      0x2a7 CMakeFiles/STM32F407-Buoyancy-Prototype.dir/Drivers/STM32F4xx_HAL_Driver/Src/stm32f4xx_ll_usb.c.obj
 .debug_abbrev  0x00000000000027ae      0x145 CMakeFiles/STM32F407-Buoyancy-Prototype.dir/Core/Src/system_stm32f4xx.c.obj
 .debug_abbrev  0x00000000000028f3       0x12 CMakeFiles/STM32F407-Buoyancy-Prototype.dir/startup_stm32f407xx.s.obj

.debug_aranges  0x0000000000000000     0x1140
 .debug_aranges
                0x0000000000000000       0x28 CMakeFiles/STM32F407-Buoyancy-Prototype.dir/Core/Inc/Ports/leds.c.obj
 .debug_aranges
                0x0000000000000028       0x30 CMakeFiles/STM32F407-Buoyancy-Prototype.dir/Core/Inc/Ports/keys.c.obj
 .debug_aranges
                0x0000000000000058       0x78 CMakeFiles/STM32F407-Buoyancy-Prototype.dir/Core/Src/main.c.obj
 .debug_aranges
                0x00000000000000d0       0x78 CMakeFiles/STM32F407-Buoyancy-Prototype.dir/Core/Src/stm32f4xx_it.c.obj
 .debug_aranges
                0x0000000000000148       0x78 CMakeFiles/STM32F407-Buoyancy-Prototype.dir/Core/Src/stm32f4xx_hal_msp.c.obj
 .debug_aranges
                0x00000000000001c0       0xe8 CMakeFiles/STM32F407-Buoyancy-Prototype.dir/Drivers/STM32F4xx_HAL_Driver/Src/stm32f4xx_hal_adc.c.obj
 .debug_aranges
                0x00000000000002a8       0x88 CMakeFiles/STM32F407-Buoyancy-Prototype.dir/Drivers/STM32F4xx_HAL_Driver/Src/stm32f4xx_hal_rcc.c.obj
 .debug_aranges
                0x0000000000000330       0x58 CMakeFiles/STM32F407-Buoyancy-Prototype.dir/Drivers/STM32F4xx_HAL_Driver/Src/stm32f4xx_hal_gpio.c.obj
 .debug_aranges
                0x0000000000000388      0x130 CMakeFiles/STM32F407-Buoyancy-Prototype.dir/Drivers/STM32F4xx_HAL_Driver/Src/stm32f4xx_hal_cortex.c.obj
 .debug_aranges
                0x00000000000004b8       0xf0 CMakeFiles/STM32F407-Buoyancy-Prototype.dir/Drivers/STM32F4xx_HAL_Driver/Src/stm32f4xx_hal.c.obj
 .debug_aranges
                0x00000000000005a8       0xc0 CMakeFiles/STM32F407-Buoyancy-Prototype.dir/Drivers/STM32F4xx_HAL_Driver/Src/stm32f4xx_hal_dac.c.obj
 .debug_aranges
                0x0000000000000668      0x2a8 CMakeFiles/STM32F407-Buoyancy-Prototype.dir/Drivers/STM32F4xx_HAL_Driver/Src/stm32f4xx_hal_i2c.c.obj
 .debug_aranges
                0x0000000000000910      0x3d0 CMakeFiles/STM32F407-Buoyancy-Prototype.dir/Drivers/STM32F4xx_HAL_Driver/Src/stm32f4xx_hal_tim.c.obj
 .debug_aranges
                0x0000000000000ce0      0x168 CMakeFiles/STM32F407-Buoyancy-Prototype.dir/Drivers/STM32F4xx_HAL_Driver/Src/stm32f4xx_hal_tim_ex.c.obj
 .debug_aranges
                0x0000000000000e48      0x108 CMakeFiles/STM32F407-Buoyancy-Prototype.dir/Drivers/STM32F4xx_HAL_Driver/Src/stm32f4xx_hal_hcd.c.obj
 .debug_aranges
                0x0000000000000f50      0x1a0 CMakeFiles/STM32F407-Buoyancy-Prototype.dir/Drivers/STM32F4xx_HAL_Driver/Src/stm32f4xx_ll_usb.c.obj
 .debug_aranges
                0x00000000000010f0       0x28 CMakeFiles/STM32F407-Buoyancy-Prototype.dir/Core/Src/system_stm32f4xx.c.obj
 .debug_aranges
                0x0000000000001118       0x28 CMakeFiles/STM32F407-Buoyancy-Prototype.dir/startup_stm32f407xx.s.obj

.debug_ranges   0x0000000000000000     0x1040
 .debug_ranges  0x0000000000000000       0x18 CMakeFiles/STM32F407-Buoyancy-Prototype.dir/Core/Inc/Ports/leds.c.obj
 .debug_ranges  0x0000000000000018       0x20 CMakeFiles/STM32F407-Buoyancy-Prototype.dir/Core/Inc/Ports/keys.c.obj
 .debug_ranges  0x0000000000000038       0x68 CMakeFiles/STM32F407-Buoyancy-Prototype.dir/Core/Src/main.c.obj
 .debug_ranges  0x00000000000000a0       0x68 CMakeFiles/STM32F407-Buoyancy-Prototype.dir/Core/Src/stm32f4xx_it.c.obj
 .debug_ranges  0x0000000000000108       0x68 CMakeFiles/STM32F407-Buoyancy-Prototype.dir/Core/Src/stm32f4xx_hal_msp.c.obj
 .debug_ranges  0x0000000000000170       0xd8 CMakeFiles/STM32F407-Buoyancy-Prototype.dir/Drivers/STM32F4xx_HAL_Driver/Src/stm32f4xx_hal_adc.c.obj
 .debug_ranges  0x0000000000000248       0x78 CMakeFiles/STM32F407-Buoyancy-Prototype.dir/Drivers/STM32F4xx_HAL_Driver/Src/stm32f4xx_hal_rcc.c.obj
 .debug_ranges  0x00000000000002c0       0x48 CMakeFiles/STM32F407-Buoyancy-Prototype.dir/Drivers/STM32F4xx_HAL_Driver/Src/stm32f4xx_hal_gpio.c.obj
 .debug_ranges  0x0000000000000308      0x120 CMakeFiles/STM32F407-Buoyancy-Prototype.dir/Drivers/STM32F4xx_HAL_Driver/Src/stm32f4xx_hal_cortex.c.obj
 .debug_ranges  0x0000000000000428       0xe0 CMakeFiles/STM32F407-Buoyancy-Prototype.dir/Drivers/STM32F4xx_HAL_Driver/Src/stm32f4xx_hal.c.obj
 .debug_ranges  0x0000000000000508       0xb0 CMakeFiles/STM32F407-Buoyancy-Prototype.dir/Drivers/STM32F4xx_HAL_Driver/Src/stm32f4xx_hal_dac.c.obj
 .debug_ranges  0x00000000000005b8      0x2b0 CMakeFiles/STM32F407-Buoyancy-Prototype.dir/Drivers/STM32F4xx_HAL_Driver/Src/stm32f4xx_hal_i2c.c.obj
 .debug_ranges  0x0000000000000868      0x3c0 CMakeFiles/STM32F407-Buoyancy-Prototype.dir/Drivers/STM32F4xx_HAL_Driver/Src/stm32f4xx_hal_tim.c.obj
 .debug_ranges  0x0000000000000c28      0x158 CMakeFiles/STM32F407-Buoyancy-Prototype.dir/Drivers/STM32F4xx_HAL_Driver/Src/stm32f4xx_hal_tim_ex.c.obj
 .debug_ranges  0x0000000000000d80       0xf8 CMakeFiles/STM32F407-Buoyancy-Prototype.dir/Drivers/STM32F4xx_HAL_Driver/Src/stm32f4xx_hal_hcd.c.obj
 .debug_ranges  0x0000000000000e78      0x190 CMakeFiles/STM32F407-Buoyancy-Prototype.dir/Drivers/STM32F4xx_HAL_Driver/Src/stm32f4xx_ll_usb.c.obj
 .debug_ranges  0x0000000000001008       0x18 CMakeFiles/STM32F407-Buoyancy-Prototype.dir/Core/Src/system_stm32f4xx.c.obj
 .debug_ranges  0x0000000000001020       0x20 CMakeFiles/STM32F407-Buoyancy-Prototype.dir/startup_stm32f407xx.s.obj

.debug_macro    0x0000000000000000    0x23b38
 .debug_macro   0x0000000000000000      0x36b CMakeFiles/STM32F407-Buoyancy-Prototype.dir/Core/Inc/Ports/leds.c.obj
 .debug_macro   0x000000000000036b      0xaa8 CMakeFiles/STM32F407-Buoyancy-Prototype.dir/Core/Inc/Ports/leds.c.obj
 .debug_macro   0x0000000000000e13      0x2ad CMakeFiles/STM32F407-Buoyancy-Prototype.dir/Core/Inc/Ports/leds.c.obj
 .debug_macro   0x00000000000010c0       0x2e CMakeFiles/STM32F407-Buoyancy-Prototype.dir/Core/Inc/Ports/leds.c.obj
 .debug_macro   0x00000000000010ee       0x2f CMakeFiles/STM32F407-Buoyancy-Prototype.dir/Core/Inc/Ports/leds.c.obj
 .debug_macro   0x000000000000111d       0x22 CMakeFiles/STM32F407-Buoyancy-Prototype.dir/Core/Inc/Ports/leds.c.obj
 .debug_macro   0x000000000000113f       0x8e CMakeFiles/STM32F407-Buoyancy-Prototype.dir/Core/Inc/Ports/leds.c.obj
 .debug_macro   0x00000000000011cd       0x51 CMakeFiles/STM32F407-Buoyancy-Prototype.dir/Core/Inc/Ports/leds.c.obj
 .debug_macro   0x000000000000121e      0x103 CMakeFiles/STM32F407-Buoyancy-Prototype.dir/Core/Inc/Ports/leds.c.obj
 .debug_macro   0x0000000000001321       0x6a CMakeFiles/STM32F407-Buoyancy-Prototype.dir/Core/Inc/Ports/leds.c.obj
 .debug_macro   0x000000000000138b      0x1df CMakeFiles/STM32F407-Buoyancy-Prototype.dir/Core/Inc/Ports/leds.c.obj
 .debug_macro   0x000000000000156a       0x1c CMakeFiles/STM32F407-Buoyancy-Prototype.dir/Core/Inc/Ports/leds.c.obj
 .debug_macro   0x0000000000001586       0x22 CMakeFiles/STM32F407-Buoyancy-Prototype.dir/Core/Inc/Ports/leds.c.obj
 .debug_macro   0x00000000000015a8      0x101 CMakeFiles/STM32F407-Buoyancy-Prototype.dir/Core/Inc/Ports/leds.c.obj
 .debug_macro   0x00000000000016a9     0x1011 CMakeFiles/STM32F407-Buoyancy-Prototype.dir/Core/Inc/Ports/leds.c.obj
 .debug_macro   0x00000000000026ba      0x11f CMakeFiles/STM32F407-Buoyancy-Prototype.dir/Core/Inc/Ports/leds.c.obj
 .debug_macro   0x00000000000027d9    0x15e97 CMakeFiles/STM32F407-Buoyancy-Prototype.dir/Core/Inc/Ports/leds.c.obj
 .debug_macro   0x0000000000018670       0x6d CMakeFiles/STM32F407-Buoyancy-Prototype.dir/Core/Inc/Ports/leds.c.obj
 .debug_macro   0x00000000000186dd     0x369a CMakeFiles/STM32F407-Buoyancy-Prototype.dir/Core/Inc/Ports/leds.c.obj
 .debug_macro   0x000000000001bd77      0x174 CMakeFiles/STM32F407-Buoyancy-Prototype.dir/Core/Inc/Ports/leds.c.obj
 .debug_macro   0x000000000001beeb       0x5c CMakeFiles/STM32F407-Buoyancy-Prototype.dir/Core/Inc/Ports/leds.c.obj
 .debug_macro   0x000000000001bf47      0x980 CMakeFiles/STM32F407-Buoyancy-Prototype.dir/Core/Inc/Ports/leds.c.obj
 .debug_macro   0x000000000001c8c7      0x9e9 CMakeFiles/STM32F407-Buoyancy-Prototype.dir/Core/Inc/Ports/leds.c.obj
 .debug_macro   0x000000000001d2b0      0x115 CMakeFiles/STM32F407-Buoyancy-Prototype.dir/Core/Inc/Ports/leds.c.obj
 .debug_macro   0x000000000001d3c5      0x13e CMakeFiles/STM32F407-Buoyancy-Prototype.dir/Core/Inc/Ports/leds.c.obj
 .debug_macro   0x000000000001d503       0xa5 CMakeFiles/STM32F407-Buoyancy-Prototype.dir/Core/Inc/Ports/leds.c.obj
 .debug_macro   0x000000000001d5a8      0x174 CMakeFiles/STM32F407-Buoyancy-Prototype.dir/Core/Inc/Ports/leds.c.obj
 .debug_macro   0x000000000001d71c      0x287 CMakeFiles/STM32F407-Buoyancy-Prototype.dir/Core/Inc/Ports/leds.c.obj
 .debug_macro   0x000000000001d9a3       0x5f CMakeFiles/STM32F407-Buoyancy-Prototype.dir/Core/Inc/Ports/leds.c.obj
 .debug_macro   0x000000000001da02      0x236 CMakeFiles/STM32F407-Buoyancy-Prototype.dir/Core/Inc/Ports/leds.c.obj
 .debug_macro   0x000000000001dc38      0xb5b CMakeFiles/STM32F407-Buoyancy-Prototype.dir/Core/Inc/Ports/leds.c.obj
 .debug_macro   0x000000000001e793      0x38b CMakeFiles/STM32F407-Buoyancy-Prototype.dir/Core/Inc/Ports/leds.c.obj
 .debug_macro   0x000000000001eb1e      0x176 CMakeFiles/STM32F407-Buoyancy-Prototype.dir/Core/Inc/Ports/leds.c.obj
 .debug_macro   0x000000000001ec94       0xf9 CMakeFiles/STM32F407-Buoyancy-Prototype.dir/Core/Inc/Ports/leds.c.obj
 .debug_macro   0x000000000001ed8d      0x122 CMakeFiles/STM32F407-Buoyancy-Prototype.dir/Core/Inc/Ports/leds.c.obj
 .debug_macro   0x000000000001eeaf       0xa6 CMakeFiles/STM32F407-Buoyancy-Prototype.dir/Core/Inc/Ports/leds.c.obj
 .debug_macro   0x000000000001ef55      0x12c CMakeFiles/STM32F407-Buoyancy-Prototype.dir/Core/Inc/Ports/leds.c.obj
 .debug_macro   0x000000000001f081      0x21e CMakeFiles/STM32F407-Buoyancy-Prototype.dir/Core/Inc/Ports/leds.c.obj
 .debug_macro   0x000000000001f29f       0x2e CMakeFiles/STM32F407-Buoyancy-Prototype.dir/Core/Inc/Ports/leds.c.obj
 .debug_macro   0x000000000001f2cd      0x1b5 CMakeFiles/STM32F407-Buoyancy-Prototype.dir/Core/Inc/Ports/leds.c.obj
 .debug_macro   0x000000000001f482       0xd6 CMakeFiles/STM32F407-Buoyancy-Prototype.dir/Core/Inc/Ports/leds.c.obj
 .debug_macro   0x000000000001f558      0x127 CMakeFiles/STM32F407-Buoyancy-Prototype.dir/Core/Inc/Ports/leds.c.obj
 .debug_macro   0x000000000001f67f       0x7e CMakeFiles/STM32F407-Buoyancy-Prototype.dir/Core/Inc/Ports/leds.c.obj
 .debug_macro   0x000000000001f6fd       0x89 CMakeFiles/STM32F407-Buoyancy-Prototype.dir/Core/Inc/Ports/leds.c.obj
 .debug_macro   0x000000000001f786      0x8ed CMakeFiles/STM32F407-Buoyancy-Prototype.dir/Core/Inc/Ports/leds.c.obj
 .debug_macro   0x0000000000020073       0x4d CMakeFiles/STM32F407-Buoyancy-Prototype.dir/Core/Inc/Ports/leds.c.obj
 .debug_macro   0x00000000000200c0      0x293 CMakeFiles/STM32F407-Buoyancy-Prototype.dir/Core/Inc/Ports/leds.c.obj
 .debug_macro   0x0000000000020353       0x98 CMakeFiles/STM32F407-Buoyancy-Prototype.dir/Core/Inc/Ports/leds.c.obj
 .debug_macro   0x00000000000203eb      0x12d CMakeFiles/STM32F407-Buoyancy-Prototype.dir/Core/Inc/Ports/leds.c.obj
 .debug_macro   0x0000000000020518       0x58 CMakeFiles/STM32F407-Buoyancy-Prototype.dir/Core/Inc/Ports/leds.c.obj
 .debug_macro   0x0000000000020570       0x64 CMakeFiles/STM32F407-Buoyancy-Prototype.dir/Core/Inc/Ports/leds.c.obj
 .debug_macro   0x00000000000205d4       0x18 CMakeFiles/STM32F407-Buoyancy-Prototype.dir/Core/Inc/Ports/leds.c.obj
 .debug_macro   0x00000000000205ec       0x35 CMakeFiles/STM32F407-Buoyancy-Prototype.dir/Core/Inc/Ports/leds.c.obj
 .debug_macro   0x0000000000020621       0x34 CMakeFiles/STM32F407-Buoyancy-Prototype.dir/Core/Inc/Ports/leds.c.obj
 .debug_macro   0x0000000000020655       0x16 CMakeFiles/STM32F407-Buoyancy-Prototype.dir/Core/Inc/Ports/leds.c.obj
 .debug_macro   0x000000000002066b       0x43 CMakeFiles/STM32F407-Buoyancy-Prototype.dir/Core/Inc/Ports/leds.c.obj
 .debug_macro   0x00000000000206ae       0x34 CMakeFiles/STM32F407-Buoyancy-Prototype.dir/Core/Inc/Ports/leds.c.obj
 .debug_macro   0x00000000000206e2       0x10 CMakeFiles/STM32F407-Buoyancy-Prototype.dir/Core/Inc/Ports/leds.c.obj
 .debug_macro   0x00000000000206f2       0x58 CMakeFiles/STM32F407-Buoyancy-Prototype.dir/Core/Inc/Ports/leds.c.obj
 .debug_macro   0x000000000002074a      0x182 CMakeFiles/STM32F407-Buoyancy-Prototype.dir/Core/Inc/Ports/leds.c.obj
 .debug_macro   0x00000000000208cc      0x333 CMakeFiles/STM32F407-Buoyancy-Prototype.dir/Core/Inc/Ports/leds.c.obj
 .debug_macro   0x0000000000020bff       0x10 CMakeFiles/STM32F407-Buoyancy-Prototype.dir/Core/Inc/Ports/leds.c.obj
 .debug_macro   0x0000000000020c0f       0x35 CMakeFiles/STM32F407-Buoyancy-Prototype.dir/Core/Inc/Ports/leds.c.obj
 .debug_macro   0x0000000000020c44       0x16 CMakeFiles/STM32F407-Buoyancy-Prototype.dir/Core/Inc/Ports/leds.c.obj
 .debug_macro   0x0000000000020c5a       0x16 CMakeFiles/STM32F407-Buoyancy-Prototype.dir/Core/Inc/Ports/leds.c.obj
 .debug_macro   0x0000000000020c70       0x29 CMakeFiles/STM32F407-Buoyancy-Prototype.dir/Core/Inc/Ports/leds.c.obj
 .debug_macro   0x0000000000020c99      0x11f CMakeFiles/STM32F407-Buoyancy-Prototype.dir/Core/Inc/Ports/leds.c.obj
 .debug_macro   0x0000000000020db8       0x22 CMakeFiles/STM32F407-Buoyancy-Prototype.dir/Core/Inc/Ports/leds.c.obj
 .debug_macro   0x0000000000020dda      0x1a9 CMakeFiles/STM32F407-Buoyancy-Prototype.dir/Core/Inc/Ports/leds.c.obj
 .debug_macro   0x0000000000020f83       0x70 CMakeFiles/STM32F407-Buoyancy-Prototype.dir/Core/Inc/Ports/leds.c.obj
 .debug_macro   0x0000000000020ff3      0x250 CMakeFiles/STM32F407-Buoyancy-Prototype.dir/Core/Inc/Ports/leds.c.obj
 .debug_macro   0x0000000000021243      0x36b CMakeFiles/STM32F407-Buoyancy-Prototype.dir/Core/Inc/Ports/keys.c.obj
 .debug_macro   0x00000000000215ae      0x36b CMakeFiles/STM32F407-Buoyancy-Prototype.dir/Core/Src/main.c.obj
 .debug_macro   0x0000000000021919      0x375 CMakeFiles/STM32F407-Buoyancy-Prototype.dir/Core/Src/stm32f4xx_it.c.obj
 .debug_macro   0x0000000000021c8e      0x36b CMakeFiles/STM32F407-Buoyancy-Prototype.dir/Core/Src/stm32f4xx_hal_msp.c.obj
 .debug_macro   0x0000000000021ff9      0x234 CMakeFiles/STM32F407-Buoyancy-Prototype.dir/Drivers/STM32F4xx_HAL_Driver/Src/stm32f4xx_hal_adc.c.obj
 .debug_macro   0x000000000002222d      0x257 CMakeFiles/STM32F407-Buoyancy-Prototype.dir/Drivers/STM32F4xx_HAL_Driver/Src/stm32f4xx_hal_rcc.c.obj
 .debug_macro   0x0000000000022484      0x239 CMakeFiles/STM32F407-Buoyancy-Prototype.dir/Drivers/STM32F4xx_HAL_Driver/Src/stm32f4xx_hal_gpio.c.obj
 .debug_macro   0x00000000000226bd      0x233 CMakeFiles/STM32F407-Buoyancy-Prototype.dir/Drivers/STM32F4xx_HAL_Driver/Src/stm32f4xx_hal_cortex.c.obj
 .debug_macro   0x00000000000228f0      0x293 CMakeFiles/STM32F407-Buoyancy-Prototype.dir/Drivers/STM32F4xx_HAL_Driver/Src/stm32f4xx_hal.c.obj
 .debug_macro   0x0000000000022b83      0x234 CMakeFiles/STM32F407-Buoyancy-Prototype.dir/Drivers/STM32F4xx_HAL_Driver/Src/stm32f4xx_hal_dac.c.obj
 .debug_macro   0x0000000000022db7      0x281 CMakeFiles/STM32F407-Buoyancy-Prototype.dir/Drivers/STM32F4xx_HAL_Driver/Src/stm32f4xx_hal_i2c.c.obj
 .debug_macro   0x0000000000023038      0x234 CMakeFiles/STM32F407-Buoyancy-Prototype.dir/Drivers/STM32F4xx_HAL_Driver/Src/stm32f4xx_hal_tim.c.obj
 .debug_macro   0x000000000002326c      0x233 CMakeFiles/STM32F407-Buoyancy-Prototype.dir/Drivers/STM32F4xx_HAL_Driver/Src/stm32f4xx_hal_tim_ex.c.obj
 .debug_macro   0x000000000002349f      0x233 CMakeFiles/STM32F407-Buoyancy-Prototype.dir/Drivers/STM32F4xx_HAL_Driver/Src/stm32f4xx_hal_hcd.c.obj
 .debug_macro   0x00000000000236d2      0x233 CMakeFiles/STM32F407-Buoyancy-Prototype.dir/Drivers/STM32F4xx_HAL_Driver/Src/stm32f4xx_ll_usb.c.obj
 .debug_macro   0x0000000000023905      0x233 CMakeFiles/STM32F407-Buoyancy-Prototype.dir/Core/Src/system_stm32f4xx.c.obj

.debug_line     0x0000000000000000    0x170ef
 .debug_line    0x0000000000000000      0xae3 CMakeFiles/STM32F407-Buoyancy-Prototype.dir/Core/Inc/Ports/leds.c.obj
 .debug_line    0x0000000000000ae3      0xb51 CMakeFiles/STM32F407-Buoyancy-Prototype.dir/Core/Inc/Ports/keys.c.obj
 .debug_line    0x0000000000001634      0xfad CMakeFiles/STM32F407-Buoyancy-Prototype.dir/Core/Src/main.c.obj
 .debug_line    0x00000000000025e1      0xc60 CMakeFiles/STM32F407-Buoyancy-Prototype.dir/Core/Src/stm32f4xx_it.c.obj
 .debug_line    0x0000000000003241      0xd86 CMakeFiles/STM32F407-Buoyancy-Prototype.dir/Core/Src/stm32f4xx_hal_msp.c.obj
 .debug_line    0x0000000000003fc7     0x151a CMakeFiles/STM32F407-Buoyancy-Prototype.dir/Drivers/STM32F4xx_HAL_Driver/Src/stm32f4xx_hal_adc.c.obj
 .debug_line    0x00000000000054e1     0x1022 CMakeFiles/STM32F407-Buoyancy-Prototype.dir/Drivers/STM32F4xx_HAL_Driver/Src/stm32f4xx_hal_rcc.c.obj
 .debug_line    0x0000000000006503      0xe02 CMakeFiles/STM32F407-Buoyancy-Prototype.dir/Drivers/STM32F4xx_HAL_Driver/Src/stm32f4xx_hal_gpio.c.obj
 .debug_line    0x0000000000007305      0xf88 CMakeFiles/STM32F407-Buoyancy-Prototype.dir/Drivers/STM32F4xx_HAL_Driver/Src/stm32f4xx_hal_cortex.c.obj
 .debug_line    0x000000000000828d      0xc8e CMakeFiles/STM32F407-Buoyancy-Prototype.dir/Drivers/STM32F4xx_HAL_Driver/Src/stm32f4xx_hal.c.obj
 .debug_line    0x0000000000008f1b      0xe02 CMakeFiles/STM32F407-Buoyancy-Prototype.dir/Drivers/STM32F4xx_HAL_Driver/Src/stm32f4xx_hal_dac.c.obj
 .debug_line    0x0000000000009d1d     0x3ce3 CMakeFiles/STM32F407-Buoyancy-Prototype.dir/Drivers/STM32F4xx_HAL_Driver/Src/stm32f4xx_hal_i2c.c.obj
 .debug_line    0x000000000000da00     0x39ad CMakeFiles/STM32F407-Buoyancy-Prototype.dir/Drivers/STM32F4xx_HAL_Driver/Src/stm32f4xx_hal_tim.c.obj
 .debug_line    0x00000000000113ad     0x1c81 CMakeFiles/STM32F407-Buoyancy-Prototype.dir/Drivers/STM32F4xx_HAL_Driver/Src/stm32f4xx_hal_tim_ex.c.obj
 .debug_line    0x000000000001302e     0x1737 CMakeFiles/STM32F407-Buoyancy-Prototype.dir/Drivers/STM32F4xx_HAL_Driver/Src/stm32f4xx_hal_hcd.c.obj
 .debug_line    0x0000000000014765     0x1e5a CMakeFiles/STM32F407-Buoyancy-Prototype.dir/Drivers/STM32F4xx_HAL_Driver/Src/stm32f4xx_ll_usb.c.obj
 .debug_line    0x00000000000165bf      0xa28 CMakeFiles/STM32F407-Buoyancy-Prototype.dir/Core/Src/system_stm32f4xx.c.obj
 .debug_line    0x0000000000016fe7      0x108 CMakeFiles/STM32F407-Buoyancy-Prototype.dir/startup_stm32f407xx.s.obj

.debug_str      0x0000000000000000    0xdc6f7
 .debug_str     0x0000000000000000    0xd69a6 CMakeFiles/STM32F407-Buoyancy-Prototype.dir/Core/Inc/Ports/leds.c.obj
                                      0xd6d09 (size before relaxing)
 .debug_str     0x00000000000d69a6       0xcf CMakeFiles/STM32F407-Buoyancy-Prototype.dir/Core/Inc/Ports/keys.c.obj
                                      0xd6cfa (size before relaxing)
 .debug_str     0x00000000000d6a75     0x1764 CMakeFiles/STM32F407-Buoyancy-Prototype.dir/Core/Src/main.c.obj
                                      0xd8504 (size before relaxing)
 .debug_str     0x00000000000d81d9      0x193 CMakeFiles/STM32F407-Buoyancy-Prototype.dir/Core/Src/stm32f4xx_it.c.obj
                                      0xd79d1 (size before relaxing)
 .debug_str     0x00000000000d836c      0x1a1 CMakeFiles/STM32F407-Buoyancy-Prototype.dir/Core/Src/stm32f4xx_hal_msp.c.obj
                                      0xd8230 (size before relaxing)
 .debug_str     0x00000000000d850d      0x351 CMakeFiles/STM32F407-Buoyancy-Prototype.dir/Drivers/STM32F4xx_HAL_Driver/Src/stm32f4xx_hal_adc.c.obj
                                      0xd2b52 (size before relaxing)
 .debug_str     0x00000000000d885e      0x31c CMakeFiles/STM32F407-Buoyancy-Prototype.dir/Drivers/STM32F4xx_HAL_Driver/Src/stm32f4xx_hal_rcc.c.obj
                                      0xd2999 (size before relaxing)
 .debug_str     0x00000000000d8b7a      0x1ee CMakeFiles/STM32F407-Buoyancy-Prototype.dir/Drivers/STM32F4xx_HAL_Driver/Src/stm32f4xx_hal_gpio.c.obj
                                      0xd273e (size before relaxing)
 .debug_str     0x00000000000d8d68      0x4d2 CMakeFiles/STM32F407-Buoyancy-Prototype.dir/Drivers/STM32F4xx_HAL_Driver/Src/stm32f4xx_hal_cortex.c.obj
                                      0xd2eb1 (size before relaxing)
 .debug_str     0x00000000000d923a      0x5c5 CMakeFiles/STM32F407-Buoyancy-Prototype.dir/Drivers/STM32F4xx_HAL_Driver/Src/stm32f4xx_hal.c.obj
                                      0xd3079 (size before relaxing)
 .debug_str     0x00000000000d97ff      0x25c CMakeFiles/STM32F407-Buoyancy-Prototype.dir/Drivers/STM32F4xx_HAL_Driver/Src/stm32f4xx_hal_dac.c.obj
                                      0xd29dd (size before relaxing)
 .debug_str     0x00000000000d9a5b      0xb6e CMakeFiles/STM32F407-Buoyancy-Prototype.dir/Drivers/STM32F4xx_HAL_Driver/Src/stm32f4xx_hal_i2c.c.obj
                                      0xd356c (size before relaxing)
 .debug_str     0x00000000000da5c9      0xe12 CMakeFiles/STM32F407-Buoyancy-Prototype.dir/Drivers/STM32F4xx_HAL_Driver/Src/stm32f4xx_hal_tim.c.obj
                                      0xd38d6 (size before relaxing)
 .debug_str     0x00000000000db3db      0x57d CMakeFiles/STM32F407-Buoyancy-Prototype.dir/Drivers/STM32F4xx_HAL_Driver/Src/stm32f4xx_hal_tim_ex.c.obj
                                      0xd3077 (size before relaxing)
 .debug_str     0x00000000000db958      0x4ec CMakeFiles/STM32F407-Buoyancy-Prototype.dir/Drivers/STM32F4xx_HAL_Driver/Src/stm32f4xx_hal_hcd.c.obj
                                      0xd2d2e (size before relaxing)
 .debug_str     0x00000000000dbe44      0x724 CMakeFiles/STM32F407-Buoyancy-Prototype.dir/Drivers/STM32F4xx_HAL_Driver/Src/stm32f4xx_ll_usb.c.obj
                                      0xd2f72 (size before relaxing)
 .debug_str     0x00000000000dc568       0xd9 CMakeFiles/STM32F407-Buoyancy-Prototype.dir/Core/Src/system_stm32f4xx.c.obj
                                      0xd2597 (size before relaxing)
 .debug_str     0x00000000000dc641       0xb6 CMakeFiles/STM32F407-Buoyancy-Prototype.dir/startup_stm32f407xx.s.obj
                                        0x154 (size before relaxing)

.comment        0x0000000000000000       0x4c
 .comment       0x0000000000000000       0x4c CMakeFiles/STM32F407-Buoyancy-Prototype.dir/Core/Inc/Ports/leds.c.obj
                                         0x4d (size before relaxing)
 .comment       0x000000000000004c       0x4d CMakeFiles/STM32F407-Buoyancy-Prototype.dir/Core/Inc/Ports/keys.c.obj
 .comment       0x000000000000004c       0x4d CMakeFiles/STM32F407-Buoyancy-Prototype.dir/Core/Src/main.c.obj
 .comment       0x000000000000004c       0x4d CMakeFiles/STM32F407-Buoyancy-Prototype.dir/Core/Src/stm32f4xx_it.c.obj
 .comment       0x000000000000004c       0x4d CMakeFiles/STM32F407-Buoyancy-Prototype.dir/Core/Src/stm32f4xx_hal_msp.c.obj
 .comment       0x000000000000004c       0x4d CMakeFiles/STM32F407-Buoyancy-Prototype.dir/Drivers/STM32F4xx_HAL_Driver/Src/stm32f4xx_hal_adc.c.obj
 .comment       0x000000000000004c       0x4d CMakeFiles/STM32F407-Buoyancy-Prototype.dir/Drivers/STM32F4xx_HAL_Driver/Src/stm32f4xx_hal_rcc.c.obj
 .comment       0x000000000000004c       0x4d CMakeFiles/STM32F407-Buoyancy-Prototype.dir/Drivers/STM32F4xx_HAL_Driver/Src/stm32f4xx_hal_gpio.c.obj
 .comment       0x000000000000004c       0x4d CMakeFiles/STM32F407-Buoyancy-Prototype.dir/Drivers/STM32F4xx_HAL_Driver/Src/stm32f4xx_hal_cortex.c.obj
 .comment       0x000000000000004c       0x4d CMakeFiles/STM32F407-Buoyancy-Prototype.dir/Drivers/STM32F4xx_HAL_Driver/Src/stm32f4xx_hal.c.obj
 .comment       0x000000000000004c       0x4d CMakeFiles/STM32F407-Buoyancy-Prototype.dir/Drivers/STM32F4xx_HAL_Driver/Src/stm32f4xx_hal_dac.c.obj
 .comment       0x000000000000004c       0x4d CMakeFiles/STM32F407-Buoyancy-Prototype.dir/Drivers/STM32F4xx_HAL_Driver/Src/stm32f4xx_hal_i2c.c.obj
 .comment       0x000000000000004c       0x4d CMakeFiles/STM32F407-Buoyancy-Prototype.dir/Drivers/STM32F4xx_HAL_Driver/Src/stm32f4xx_hal_tim.c.obj
 .comment       0x000000000000004c       0x4d CMakeFiles/STM32F407-Buoyancy-Prototype.dir/Drivers/STM32F4xx_HAL_Driver/Src/stm32f4xx_hal_tim_ex.c.obj
 .comment       0x000000000000004c       0x4d CMakeFiles/STM32F407-Buoyancy-Prototype.dir/Drivers/STM32F4xx_HAL_Driver/Src/stm32f4xx_hal_hcd.c.obj
 .comment       0x000000000000004c       0x4d CMakeFiles/STM32F407-Buoyancy-Prototype.dir/Drivers/STM32F4xx_HAL_Driver/Src/stm32f4xx_ll_usb.c.obj
 .comment       0x000000000000004c       0x4d CMakeFiles/STM32F407-Buoyancy-Prototype.dir/Core/Src/system_stm32f4xx.c.obj
