Archive member included to satisfy reference by file (symbol)

/usr/local/Cellar/gcc-arm-none-eabi/20200630/bin/../lib/gcc/arm-none-eabi/9.3.1/../../../../arm-none-eabi/lib/thumb/v7e-m+fp/hard/libc_nano.a(lib_a-exit.o)
                              /usr/local/Cellar/gcc-arm-none-eabi/20200630/bin/../lib/gcc/arm-none-eabi/9.3.1/../../../../arm-none-eabi/lib/thumb/v7e-m+fp/hard/crt0.o (exit)
/usr/local/Cellar/gcc-arm-none-eabi/20200630/bin/../lib/gcc/arm-none-eabi/9.3.1/../../../../arm-none-eabi/lib/thumb/v7e-m+fp/hard/libc_nano.a(lib_a-impure.o)
                              /usr/local/Cellar/gcc-arm-none-eabi/20200630/bin/../lib/gcc/arm-none-eabi/9.3.1/../../../../arm-none-eabi/lib/thumb/v7e-m+fp/hard/libc_nano.a(lib_a-exit.o) (_global_impure_ptr)
/usr/local/Cellar/gcc-arm-none-eabi/20200630/bin/../lib/gcc/arm-none-eabi/9.3.1/../../../../arm-none-eabi/lib/thumb/v7e-m+fp/hard/libc_nano.a(lib_a-init.o)
                              /usr/local/Cellar/gcc-arm-none-eabi/20200630/bin/../lib/gcc/arm-none-eabi/9.3.1/../../../../arm-none-eabi/lib/thumb/v7e-m+fp/hard/crt0.o (__libc_init_array)
/usr/local/Cellar/gcc-arm-none-eabi/20200630/bin/../lib/gcc/arm-none-eabi/9.3.1/../../../../arm-none-eabi/lib/thumb/v7e-m+fp/hard/libc_nano.a(lib_a-memset.o)
                              /usr/local/Cellar/gcc-arm-none-eabi/20200630/bin/../lib/gcc/arm-none-eabi/9.3.1/../../../../arm-none-eabi/lib/thumb/v7e-m+fp/hard/crt0.o (memset)
/usr/local/Cellar/gcc-arm-none-eabi/20200630/bin/../lib/gcc/arm-none-eabi/9.3.1/thumb/v7e-m+fp/hard/libgcc.a(_aeabi_uldivmod.o)
                              CMakeFiles/STM32F407-Buoyancy-Prototype.dir/Drivers/STM32F4xx_HAL_Driver/Src/stm32f4xx_hal_rcc.c.obj (__aeabi_uldivmod)
/usr/local/Cellar/gcc-arm-none-eabi/20200630/bin/../lib/gcc/arm-none-eabi/9.3.1/thumb/v7e-m+fp/hard/libgcc.a(_udivmoddi4.o)
                              /usr/local/Cellar/gcc-arm-none-eabi/20200630/bin/../lib/gcc/arm-none-eabi/9.3.1/thumb/v7e-m+fp/hard/libgcc.a(_aeabi_uldivmod.o) (__udivmoddi4)
/usr/local/Cellar/gcc-arm-none-eabi/20200630/bin/../lib/gcc/arm-none-eabi/9.3.1/thumb/v7e-m+fp/hard/libgcc.a(_dvmd_tls.o)
                              /usr/local/Cellar/gcc-arm-none-eabi/20200630/bin/../lib/gcc/arm-none-eabi/9.3.1/thumb/v7e-m+fp/hard/libgcc.a(_aeabi_uldivmod.o) (__aeabi_ldiv0)
/usr/local/Cellar/gcc-arm-none-eabi/20200630/bin/../lib/gcc/arm-none-eabi/9.3.1/../../../../arm-none-eabi/lib/thumb/v7e-m+fp/hard/libg_nano.a(lib_a-errno.o)
                              CMakeFiles/STM32F407-Buoyancy-Prototype.dir/Core/Src/sysmem.c.obj (__errno)

Allocating common symbols
Common symbol       size              file

hadc2               0x48              CMakeFiles/STM32F407-Buoyancy-Prototype.dir/Core/Src/main.c.obj
hi2c1               0x54              CMakeFiles/STM32F407-Buoyancy-Prototype.dir/Core/Src/main.c.obj
uwTick              0x4               CMakeFiles/STM32F407-Buoyancy-Prototype.dir/Drivers/STM32F4xx_HAL_Driver/Src/stm32f4xx_hal.c.obj
pFlash              0x20              CMakeFiles/STM32F407-Buoyancy-Prototype.dir/Drivers/STM32F4xx_HAL_Driver/Src/stm32f4xx_hal_flash.c.obj
htim3               0x48              CMakeFiles/STM32F407-Buoyancy-Prototype.dir/Core/Src/main.c.obj
hadc1               0x48              CMakeFiles/STM32F407-Buoyancy-Prototype.dir/Core/Src/main.c.obj
hdac                0x14              CMakeFiles/STM32F407-Buoyancy-Prototype.dir/Core/Src/main.c.obj
value2              0x4               CMakeFiles/STM32F407-Buoyancy-Prototype.dir/Core/Src/main.c.obj
htim2               0x48              CMakeFiles/STM32F407-Buoyancy-Prototype.dir/Core/Src/main.c.obj
hhcd_USB_OTG_FS     0x3e0             CMakeFiles/STM32F407-Buoyancy-Prototype.dir/Core/Src/main.c.obj
value1              0x4               CMakeFiles/STM32F407-Buoyancy-Prototype.dir/Core/Src/main.c.obj

Discarded input sections

 .text          0x0000000000000000        0x0 /usr/local/Cellar/gcc-arm-none-eabi/20200630/bin/../lib/gcc/arm-none-eabi/9.3.1/thumb/v7e-m+fp/hard/crti.o
 .data          0x0000000000000000        0x0 /usr/local/Cellar/gcc-arm-none-eabi/20200630/bin/../lib/gcc/arm-none-eabi/9.3.1/thumb/v7e-m+fp/hard/crti.o
 .bss           0x0000000000000000        0x0 /usr/local/Cellar/gcc-arm-none-eabi/20200630/bin/../lib/gcc/arm-none-eabi/9.3.1/thumb/v7e-m+fp/hard/crti.o
 .data          0x0000000000000000        0x4 /usr/local/Cellar/gcc-arm-none-eabi/20200630/bin/../lib/gcc/arm-none-eabi/9.3.1/thumb/v7e-m+fp/hard/crtbegin.o
 .text          0x0000000000000000       0x7c /usr/local/Cellar/gcc-arm-none-eabi/20200630/bin/../lib/gcc/arm-none-eabi/9.3.1/../../../../arm-none-eabi/lib/thumb/v7e-m+fp/hard/crt0.o
 .data          0x0000000000000000        0x0 /usr/local/Cellar/gcc-arm-none-eabi/20200630/bin/../lib/gcc/arm-none-eabi/9.3.1/../../../../arm-none-eabi/lib/thumb/v7e-m+fp/hard/crt0.o
[...]
Memory Configuration

Name             Origin             Length             Attributes
RAM              0x0000000020000000 0x0000000000020000 xrw
CCMRAM           0x0000000010000000 0x0000000000010000 xrw
FLASH            0x0000000008000000 0x0000000000100000 xr
*default*        0x0000000000000000 0xffffffffffffffff

Linker script and memory map

LOAD /usr/local/Cellar/gcc-arm-none-eabi/20200630/bin/../lib/gcc/arm-none-eabi/9.3.1/thumb/v7e-m+fp/hard/crti.o
LOAD /usr/local/Cellar/gcc-arm-none-eabi/20200630/bin/../lib/gcc/arm-none-eabi/9.3.1/thumb/v7e-m+fp/hard/crtbegin.o
LOAD /usr/local/Cellar/gcc-arm-none-eabi/20200630/bin/../lib/gcc/arm-none-eabi/9.3.1/../../../../arm-none-eabi/lib/thumb/v7e-m+fp/hard/crt0.o
START GROUP
LOAD /usr/local/Cellar/gcc-arm-none-eabi/20200630/bin/../lib/gcc/arm-none-eabi/9.3.1/../../../../arm-none-eabi/lib/thumb/v7e-m+fp/hard/libc_nano.a
LOAD /usr/local/Cellar/gcc-arm-none-eabi/20200630/bin/../lib/gcc/arm-none-eabi/9.3.1/../../../../arm-none-eabi/lib/thumb/v7e-m+fp/hard/libm.a
END GROUP
LOAD CMakeFiles/STM32F407-Buoyancy-Prototype.dir/Core/Inc/Ports/leds.c.obj
LOAD CMakeFiles/STM32F407-Buoyancy-Prototype.dir/Core/Inc/Ports/keys.c.obj
LOAD CMakeFiles/STM32F407-Buoyancy-Prototype.dir/Core/Src/main.c.obj
LOAD CMakeFiles/STM32F407-Buoyancy-Prototype.dir/Core/Src/stm32f4xx_it.c.obj
LOAD CMakeFiles/STM32F407-Buoyancy-Prototype.dir/Core/Src/stm32f4xx_hal_msp.c.obj
LOAD CMakeFiles/STM32F407-Buoyancy-Prototype.dir/Drivers/STM32F4xx_HAL_Driver/Src/stm32f4xx_hal_adc.c.obj
LOAD CMakeFiles/STM32F407-Buoyancy-Prototype.dir/Drivers/STM32F4xx_HAL_Driver/Src/stm32f4xx_hal_adc_ex.c.obj
LOAD CMakeFiles/STM32F407-Buoyancy-Prototype.dir/Drivers/STM32F4xx_HAL_Driver/Src/stm32f4xx_ll_adc.c.obj
LOAD CMakeFiles/STM32F407-Buoyancy-Prototype.dir/Drivers/STM32F4xx_HAL_Driver/Src/stm32f4xx_hal_rcc.c.obj
LOAD CMakeFiles/STM32F407-Buoyancy-Prototype.dir/Drivers/STM32F4xx_HAL_Driver/Src/stm32f4xx_hal_rcc_ex.c.obj
LOAD CMakeFiles/STM32F407-Buoyancy-Prototype.dir/Drivers/STM32F4xx_HAL_Driver/Src/stm32f4xx_hal_flash.c.obj
LOAD CMakeFiles/STM32F407-Buoyancy-Prototype.dir/Drivers/STM32F4xx_HAL_Driver/Src/stm32f4xx_hal_flash_ex.c.obj
LOAD CMakeFiles/STM32F407-Buoyancy-Prototype.dir/Drivers/STM32F4xx_HAL_Driver/Src/stm32f4xx_hal_flash_ramfunc.c.obj
LOAD CMakeFiles/STM32F407-Buoyancy-Prototype.dir/Drivers/STM32F4xx_HAL_Driver/Src/stm32f4xx_hal_gpio.c.obj
LOAD CMakeFiles/STM32F407-Buoyancy-Prototype.dir/Drivers/STM32F4xx_HAL_Driver/Src/stm32f4xx_hal_dma_ex.c.obj
LOAD CMakeFiles/STM32F407-Buoyancy-Prototype.dir/Drivers/STM32F4xx_HAL_Driver/Src/stm32f4xx_hal_dma.c.obj
LOAD CMakeFiles/STM32F407-Buoyancy-Prototype.dir/Drivers/STM32F4xx_HAL_Driver/Src/stm32f4xx_hal_pwr.c.obj
LOAD CMakeFiles/STM32F407-Buoyancy-Prototype.dir/Drivers/STM32F4xx_HAL_Driver/Src/stm32f4xx_hal_pwr_ex.c.obj
LOAD CMakeFiles/STM32F407-Buoyancy-Prototype.dir/Drivers/STM32F4xx_HAL_Driver/Src/stm32f4xx_hal_cortex.c.obj
LOAD CMakeFiles/STM32F407-Buoyancy-Prototype.dir/Drivers/STM32F4xx_HAL_Driver/Src/stm32f4xx_hal.c.obj
LOAD CMakeFiles/STM32F407-Buoyancy-Prototype.dir/Drivers/STM32F4xx_HAL_Driver/Src/stm32f4xx_hal_exti.c.obj
LOAD CMakeFiles/STM32F407-Buoyancy-Prototype.dir/Drivers/STM32F4xx_HAL_Driver/Src/stm32f4xx_hal_dac.c.obj
LOAD CMakeFiles/STM32F407-Buoyancy-Prototype.dir/Drivers/STM32F4xx_HAL_Driver/Src/stm32f4xx_hal_dac_ex.c.obj
LOAD CMakeFiles/STM32F407-Buoyancy-Prototype.dir/Drivers/STM32F4xx_HAL_Driver/Src/stm32f4xx_hal_i2c.c.obj
LOAD CMakeFiles/STM32F407-Buoyancy-Prototype.dir/Drivers/STM32F4xx_HAL_Driver/Src/stm32f4xx_hal_i2c_ex.c.obj
LOAD CMakeFiles/STM32F407-Buoyancy-Prototype.dir/Drivers/STM32F4xx_HAL_Driver/Src/stm32f4xx_hal_tim.c.obj
LOAD CMakeFiles/STM32F407-Buoyancy-Prototype.dir/Drivers/STM32F4xx_HAL_Driver/Src/stm32f4xx_hal_tim_ex.c.obj
LOAD CMakeFiles/STM32F407-Buoyancy-Prototype.dir/Drivers/STM32F4xx_HAL_Driver/Src/stm32f4xx_hal_hcd.c.obj
LOAD CMakeFiles/STM32F407-Buoyancy-Prototype.dir/Drivers/STM32F4xx_HAL_Driver/Src/stm32f4xx_ll_usb.c.obj
LOAD CMakeFiles/STM32F407-Buoyancy-Prototype.dir/Core/Src/system_stm32f4xx.c.obj
LOAD CMakeFiles/STM32F407-Buoyancy-Prototype.dir/Core/Src/sysmem.c.obj
LOAD CMakeFiles/STM32F407-Buoyancy-Prototype.dir/Core/Src/syscalls.c.obj
LOAD CMakeFiles/STM32F407-Buoyancy-Prototype.dir/startup_stm32f407xx.s.obj
START GROUP
LOAD /usr/local/Cellar/gcc-arm-none-eabi/20200630/bin/../lib/gcc/arm-none-eabi/9.3.1/thumb/v7e-m+fp/hard/libgcc.a
LOAD /usr/local/Cellar/gcc-arm-none-eabi/20200630/bin/../lib/gcc/arm-none-eabi/9.3.1/../../../../arm-none-eabi/lib/thumb/v7e-m+fp/hard/libg_nano.a
LOAD /usr/local/Cellar/gcc-arm-none-eabi/20200630/bin/../lib/gcc/arm-none-eabi/9.3.1/../../../../arm-none-eabi/lib/thumb/v7e-m+fp/hard/libc_nano.a
END GROUP
START GROUP
LOAD /usr/local/Cellar/gcc-arm-none-eabi/20200630/bin/../lib/gcc/arm-none-eabi/9.3.1/thumb/v7e-m+fp/hard/libgcc.a
LOAD /usr/local/Cellar/gcc-arm-none-eabi/20200630/bin/../lib/gcc/arm-none-eabi/9.3.1/../../../../arm-none-eabi/lib/thumb/v7e-m+fp/hard/libc_nano.a
END GROUP
LOAD /usr/local/Cellar/gcc-arm-none-eabi/20200630/bin/../lib/gcc/arm-none-eabi/9.3.1/thumb/v7e-m+fp/hard/crtend.o
LOAD /usr/local/Cellar/gcc-arm-none-eabi/20200630/bin/../lib/gcc/arm-none-eabi/9.3.1/thumb/v7e-m+fp/hard/crtn.o
                0x0000000020020000                _estack = (ORIGIN (RAM) + LENGTH (RAM))
                0x0000000000000200                _Min_Heap_Size = 0x200
                0x0000000000000400                _Min_Stack_Size = 0x400

.isr_vector     0x0000000008000000      0x188
                0x0000000008000000                . = ALIGN (0x4)
 *(.isr_vector)
 .isr_vector    0x0000000008000000      0x188 CMakeFiles/STM32F407-Buoyancy-Prototype.dir/startup_stm32f407xx.s.obj
                0x0000000008000000                g_pfnVectors
                0x0000000008000188                . = ALIGN (0x4)

.text           0x0000000008000188     0x619c
                0x0000000008000188                . = ALIGN (0x4)
 *(.text)
 .text          0x0000000008000188       0x40 /usr/local/Cellar/gcc-arm-none-eabi/20200630/bin/../lib/gcc/arm-none-eabi/9.3.1/thumb/v7e-m+fp/hard/crtbegin.o
 .text          0x00000000080001c8       0x30 /usr/local/Cellar/gcc-arm-none-eabi/20200630/bin/../lib/gcc/arm-none-eabi/9.3.1/thumb/v7e-m+fp/hard/libgcc.a(_aeabi_uldivmod.o)
                0x00000000080001c8                __aeabi_uldivmod
 .text          0x00000000080001f8      0x2c4 /usr/local/Cellar/gcc-arm-none-eabi/20200630/bin/../lib/gcc/arm-none-eabi/9.3.1/thumb/v7e-m+fp/hard/libgcc.a(_udivmoddi4.o)
                0x00000000080001f8                __udivmoddi4
 .text          0x00000000080004bc        0x4 /usr/local/Cellar/gcc-arm-none-eabi/20200630/bin/../lib/gcc/arm-none-eabi/9.3.1/thumb/v7e-m+fp/hard/libgcc.a(_dvmd_tls.o)
                0x00000000080004bc                __aeabi_ldiv0
                0x00000000080004bc                __aeabi_idiv0
 *(.text*)
 .text.__libc_init_array
                0x00000000080004c0       0x48 /usr/local/Cellar/gcc-arm-none-eabi/20200630/bin/../lib/gcc/arm-none-eabi/9.3.1/../../../../arm-none-eabi/lib/thumb/v7e-m+fp/hard/libc_nano.a(lib_a-init.o)
                0x00000000080004c0                __libc_init_array
 .text.memset   0x0000000008000508       0x10 /usr/local/Cellar/gcc-arm-none-eabi/20200630/bin/../lib/gcc/arm-none-eabi/9.3.1/../../../../arm-none-eabi/lib/thumb/v7e-m+fp/hard/libc_nano.a(lib_a-memset.o)
                0x0000000008000508                memset
 .text.LED_init
                0x0000000008000518       0x40 CMakeFiles/STM32F407-Buoyancy-Prototype.dir/Core/Inc/Ports/leds.c.obj
                0x0000000008000518                LED_init
 .text.LED_put  0x0000000008000558       0x74 CMakeFiles/STM32F407-Buoyancy-Prototype.dir/Core/Inc/Ports/leds.c.obj
                0x0000000008000558                LED_put
 .text.KEYS_initISR
                0x00000000080005cc       0x50 CMakeFiles/STM32F407-Buoyancy-Prototype.dir/Core/Inc/Ports/keys.c.obj
                0x00000000080005cc                KEYS_initISR
 .text.KEYS_read
                0x000000000800061c       0xb8 CMakeFiles/STM32F407-Buoyancy-Prototype.dir/Core/Inc/Ports/keys.c.obj
                0x000000000800061c                KEYS_read
 .text.KEYS_kolom
                0x00000000080006d4       0x64 CMakeFiles/STM32F407-Buoyancy-Prototype.dir/Core/Inc/Ports/keys.c.obj
                0x00000000080006d4                KEYS_kolom
 .text.main     0x0000000008000738      0x14c CMakeFiles/STM32F407-Buoyancy-Prototype.dir/Core/Src/main.c.obj
                0x0000000008000738                main
 .text.SystemClock_Config
                0x0000000008000884       0xd4 CMakeFiles/STM32F407-Buoyancy-Prototype.dir/Core/Src/main.c.obj
                0x0000000008000884                SystemClock_Config
 .text.MX_ADC1_Init
                0x0000000008000958       0xa4 CMakeFiles/STM32F407-Buoyancy-Prototype.dir/Core/Src/main.c.obj
 .text.MX_ADC2_Init
                0x00000000080009fc       0xa4 CMakeFiles/STM32F407-Buoyancy-Prototype.dir/Core/Src/main.c.obj
 .text.MX_DAC_Init
                0x0000000008000aa0       0x68 CMakeFiles/STM32F407-Buoyancy-Prototype.dir/Core/Src/main.c.obj
 .text.MX_I2C1_Init
                0x0000000008000b08       0x5c CMakeFiles/STM32F407-Buoyancy-Prototype.dir/Core/Src/main.c.obj
 .text.MX_TIM2_Init
                0x0000000008000b64       0xec CMakeFiles/STM32F407-Buoyancy-Prototype.dir/Core/Src/main.c.obj
 .text.MX_TIM3_Init
                0x0000000008000c50       0x9c CMakeFiles/STM32F407-Buoyancy-Prototype.dir/Core/Src/main.c.obj
 .text.MX_USB_OTG_FS_HCD_Init
                0x0000000008000cec       0x44 CMakeFiles/STM32F407-Buoyancy-Prototype.dir/Core/Src/main.c.obj
 .text.MX_GPIO_Init
                0x0000000008000d30      0x308 CMakeFiles/STM32F407-Buoyancy-Prototype.dir/Core/Src/main.c.obj
 .text.Error_Handler
                0x0000000008001038        0xe CMakeFiles/STM32F407-Buoyancy-Prototype.dir/Core/Src/main.c.obj
                0x0000000008001038                Error_Handler
 .text.NMI_Handler
                0x0000000008001046        0xe CMakeFiles/STM32F407-Buoyancy-Prototype.dir/Core/Src/stm32f4xx_it.c.obj
                0x0000000008001046                NMI_Handler
 .text.HardFault_Handler
                0x0000000008001054        0x6 CMakeFiles/STM32F407-Buoyancy-Prototype.dir/Core/Src/stm32f4xx_it.c.obj
                0x0000000008001054                HardFault_Handler
 .text.MemManage_Handler
                0x000000000800105a        0x6 CMakeFiles/STM32F407-Buoyancy-Prototype.dir/Core/Src/stm32f4xx_it.c.obj
                0x000000000800105a                MemManage_Handler
 .text.BusFault_Handler
                0x0000000008001060        0x6 CMakeFiles/STM32F407-Buoyancy-Prototype.dir/Core/Src/stm32f4xx_it.c.obj
                0x0000000008001060                BusFault_Handler
 .text.UsageFault_Handler
                0x0000000008001066        0x6 CMakeFiles/STM32F407-Buoyancy-Prototype.dir/Core/Src/stm32f4xx_it.c.obj
                0x0000000008001066                UsageFault_Handler
 .text.SVC_Handler
                0x000000000800106c        0xe CMakeFiles/STM32F407-Buoyancy-Prototype.dir/Core/Src/stm32f4xx_it.c.obj
                0x000000000800106c                SVC_Handler
 .text.DebugMon_Handler
                0x000000000800107a        0xe CMakeFiles/STM32F407-Buoyancy-Prototype.dir/Core/Src/stm32f4xx_it.c.obj
                0x000000000800107a                DebugMon_Handler
 .text.PendSV_Handler
                0x0000000008001088        0xe CMakeFiles/STM32F407-Buoyancy-Prototype.dir/Core/Src/stm32f4xx_it.c.obj
                0x0000000008001088                PendSV_Handler
 .text.SysTick_Handler
                0x0000000008001096        0xc CMakeFiles/STM32F407-Buoyancy-Prototype.dir/Core/Src/stm32f4xx_it.c.obj
                0x0000000008001096                SysTick_Handler
 *fill*         0x00000000080010a2        0x2 
 .text.EXTI0_IRQHandler
                0x00000000080010a4       0x40 CMakeFiles/STM32F407-Buoyancy-Prototype.dir/Core/Src/stm32f4xx_it.c.obj
                0x00000000080010a4                EXTI0_IRQHandler
 .text.TIM3_IRQHandler
                0x00000000080010e4       0x20 CMakeFiles/STM32F407-Buoyancy-Prototype.dir/Core/Src/stm32f4xx_it.c.obj
                0x00000000080010e4                TIM3_IRQHandler
 .text.OTG_FS_IRQHandler
                0x0000000008001104       0x14 CMakeFiles/STM32F407-Buoyancy-Prototype.dir/Core/Src/stm32f4xx_it.c.obj
                0x0000000008001104                OTG_FS_IRQHandler
 .text.HAL_MspInit
                0x0000000008001118       0x50 CMakeFiles/STM32F407-Buoyancy-Prototype.dir/Core/Src/stm32f4xx_hal_msp.c.obj
                0x0000000008001118                HAL_MspInit
 .text.HAL_ADC_MspInit
                0x0000000008001168       0xe8 CMakeFiles/STM32F407-Buoyancy-Prototype.dir/Core/Src/stm32f4xx_hal_msp.c.obj
                0x0000000008001168                HAL_ADC_MspInit
 .text.HAL_DAC_MspInit
                0x0000000008001250       0x88 CMakeFiles/STM32F407-Buoyancy-Prototype.dir/Core/Src/stm32f4xx_hal_msp.c.obj
                0x0000000008001250                HAL_DAC_MspInit
 .text.HAL_I2C_MspInit
                0x00000000080012d8       0x90 CMakeFiles/STM32F407-Buoyancy-Prototype.dir/Core/Src/stm32f4xx_hal_msp.c.obj
                0x00000000080012d8                HAL_I2C_MspInit
 .text.HAL_TIM_Base_MspInit
                0x0000000008001368       0x78 CMakeFiles/STM32F407-Buoyancy-Prototype.dir/Core/Src/stm32f4xx_hal_msp.c.obj
                0x0000000008001368                HAL_TIM_Base_MspInit
 .text.HAL_TIM_MspPostInit
                0x00000000080013e0       0x70 CMakeFiles/STM32F407-Buoyancy-Prototype.dir/Core/Src/stm32f4xx_hal_msp.c.obj
                0x00000000080013e0                HAL_TIM_MspPostInit
 .text.HAL_HCD_MspInit
                0x0000000008001450       0xc4 CMakeFiles/STM32F407-Buoyancy-Prototype.dir/Core/Src/stm32f4xx_hal_msp.c.obj
                0x0000000008001450                HAL_HCD_MspInit
 .text.HAL_ADC_Init
                0x0000000008001514       0x86 CMakeFiles/STM32F407-Buoyancy-Prototype.dir/Drivers/STM32F4xx_HAL_Driver/Src/stm32f4xx_hal_adc.c.obj
                0x0000000008001514                HAL_ADC_Init
 *fill*         0x000000000800159a        0x2 
 .text.HAL_ADC_ConfigChannel
                0x000000000800159c      0x244 CMakeFiles/STM32F407-Buoyancy-Prototype.dir/Drivers/STM32F4xx_HAL_Driver/Src/stm32f4xx_hal_adc.c.obj
                0x000000000800159c                HAL_ADC_ConfigChannel
 .text.ADC_Init
                0x00000000080017e0      0x1f8 CMakeFiles/STM32F407-Buoyancy-Prototype.dir/Drivers/STM32F4xx_HAL_Driver/Src/stm32f4xx_hal_adc.c.obj
 .text.HAL_RCC_OscConfig
                0x00000000080019d8      0x4f0 CMakeFiles/STM32F407-Buoyancy-Prototype.dir/Drivers/STM32F4xx_HAL_Driver/Src/stm32f4xx_hal_rcc.c.obj
                0x00000000080019d8                HAL_RCC_OscConfig
 .text.HAL_RCC_ClockConfig
                0x0000000008001ec8      0x1cc CMakeFiles/STM32F407-Buoyancy-Prototype.dir/Drivers/STM32F4xx_HAL_Driver/Src/stm32f4xx_hal_rcc.c.obj
                0x0000000008001ec8                HAL_RCC_ClockConfig
 .text.HAL_RCC_GetSysClockFreq
                0x0000000008002094      0x1c4 CMakeFiles/STM32F407-Buoyancy-Prototype.dir/Drivers/STM32F4xx_HAL_Driver/Src/stm32f4xx_hal_rcc.c.obj
                0x0000000008002094                HAL_RCC_GetSysClockFreq
 .text.HAL_RCC_GetHCLKFreq
                0x0000000008002258       0x18 CMakeFiles/STM32F407-Buoyancy-Prototype.dir/Drivers/STM32F4xx_HAL_Driver/Src/stm32f4xx_hal_rcc.c.obj
                0x0000000008002258                HAL_RCC_GetHCLKFreq
 .text.HAL_RCC_GetPCLK1Freq
                0x0000000008002270       0x28 CMakeFiles/STM32F407-Buoyancy-Prototype.dir/Drivers/STM32F4xx_HAL_Driver/Src/stm32f4xx_hal_rcc.c.obj
                0x0000000008002270                HAL_RCC_GetPCLK1Freq
 .text.HAL_GPIO_Init
                0x0000000008002298      0x338 CMakeFiles/STM32F407-Buoyancy-Prototype.dir/Drivers/STM32F4xx_HAL_Driver/Src/stm32f4xx_hal_gpio.c.obj
                0x0000000008002298                HAL_GPIO_Init
 .text.HAL_GPIO_ReadPin
                0x00000000080025d0       0x30 CMakeFiles/STM32F407-Buoyancy-Prototype.dir/Drivers/STM32F4xx_HAL_Driver/Src/stm32f4xx_hal_gpio.c.obj
                0x00000000080025d0                HAL_GPIO_ReadPin
 .text.HAL_GPIO_WritePin
                0x0000000008002600       0x32 CMakeFiles/STM32F407-Buoyancy-Prototype.dir/Drivers/STM32F4xx_HAL_Driver/Src/stm32f4xx_hal_gpio.c.obj
                0x0000000008002600                HAL_GPIO_WritePin
 .text.HAL_GPIO_TogglePin
                0x0000000008002632       0x34 CMakeFiles/STM32F407-Buoyancy-Prototype.dir/Drivers/STM32F4xx_HAL_Driver/Src/stm32f4xx_hal_gpio.c.obj
                0x0000000008002632                HAL_GPIO_TogglePin
 *fill*         0x0000000008002666        0x2 
 .text.HAL_GPIO_EXTI_IRQHandler
                0x0000000008002668       0x30 CMakeFiles/STM32F407-Buoyancy-Prototype.dir/Drivers/STM32F4xx_HAL_Driver/Src/stm32f4xx_hal_gpio.c.obj
                0x0000000008002668                HAL_GPIO_EXTI_IRQHandler
 .text.HAL_GPIO_EXTI_Callback
                0x0000000008002698       0x16 CMakeFiles/STM32F407-Buoyancy-Prototype.dir/Drivers/STM32F4xx_HAL_Driver/Src/stm32f4xx_hal_gpio.c.obj
                0x0000000008002698                HAL_GPIO_EXTI_Callback
 *fill*         0x00000000080026ae        0x2 
 .text.__NVIC_SetPriorityGrouping
                0x00000000080026b0       0x48 CMakeFiles/STM32F407-Buoyancy-Prototype.dir/Drivers/STM32F4xx_HAL_Driver/Src/stm32f4xx_hal_cortex.c.obj
 .text.__NVIC_GetPriorityGrouping
                0x00000000080026f8       0x1c CMakeFiles/STM32F407-Buoyancy-Prototype.dir/Drivers/STM32F4xx_HAL_Driver/Src/stm32f4xx_hal_cortex.c.obj
 .text.__NVIC_EnableIRQ
                0x0000000008002714       0x3c CMakeFiles/STM32F407-Buoyancy-Prototype.dir/Drivers/STM32F4xx_HAL_Driver/Src/stm32f4xx_hal_cortex.c.obj
 .text.__NVIC_SetPriority
                0x0000000008002750       0x54 CMakeFiles/STM32F407-Buoyancy-Prototype.dir/Drivers/STM32F4xx_HAL_Driver/Src/stm32f4xx_hal_cortex.c.obj
 .text.NVIC_EncodePriority
                0x00000000080027a4       0x66 CMakeFiles/STM32F407-Buoyancy-Prototype.dir/Drivers/STM32F4xx_HAL_Driver/Src/stm32f4xx_hal_cortex.c.obj
 *fill*         0x000000000800280a        0x2 
 .text.SysTick_Config
                0x000000000800280c       0x44 CMakeFiles/STM32F407-Buoyancy-Prototype.dir/Drivers/STM32F4xx_HAL_Driver/Src/stm32f4xx_hal_cortex.c.obj
 .text.HAL_NVIC_SetPriorityGrouping
                0x0000000008002850       0x16 CMakeFiles/STM32F407-Buoyancy-Prototype.dir/Drivers/STM32F4xx_HAL_Driver/Src/stm32f4xx_hal_cortex.c.obj
                0x0000000008002850                HAL_NVIC_SetPriorityGrouping
 .text.HAL_NVIC_SetPriority
                0x0000000008002866       0x38 CMakeFiles/STM32F407-Buoyancy-Prototype.dir/Drivers/STM32F4xx_HAL_Driver/Src/stm32f4xx_hal_cortex.c.obj
                0x0000000008002866                HAL_NVIC_SetPriority
 .text.HAL_NVIC_EnableIRQ
                0x000000000800289e       0x1c CMakeFiles/STM32F407-Buoyancy-Prototype.dir/Drivers/STM32F4xx_HAL_Driver/Src/stm32f4xx_hal_cortex.c.obj
                0x000000000800289e                HAL_NVIC_EnableIRQ
 .text.HAL_SYSTICK_Config
                0x00000000080028ba       0x18 CMakeFiles/STM32F407-Buoyancy-Prototype.dir/Drivers/STM32F4xx_HAL_Driver/Src/stm32f4xx_hal_cortex.c.obj
                0x00000000080028ba                HAL_SYSTICK_Config
 *fill*         0x00000000080028d2        0x2 
 .text.HAL_Init
                0x00000000080028d4       0x44 CMakeFiles/STM32F407-Buoyancy-Prototype.dir/Drivers/STM32F4xx_HAL_Driver/Src/stm32f4xx_hal.c.obj
                0x00000000080028d4                HAL_Init
 .text.HAL_InitTick
                0x0000000008002918       0x60 CMakeFiles/STM32F407-Buoyancy-Prototype.dir/Drivers/STM32F4xx_HAL_Driver/Src/stm32f4xx_hal.c.obj
                0x0000000008002918                HAL_InitTick
 .text.HAL_IncTick
                0x0000000008002978       0x28 CMakeFiles/STM32F407-Buoyancy-Prototype.dir/Drivers/STM32F4xx_HAL_Driver/Src/stm32f4xx_hal.c.obj
                0x0000000008002978                HAL_IncTick
 .text.HAL_GetTick
                0x00000000080029a0       0x18 CMakeFiles/STM32F407-Buoyancy-Prototype.dir/Drivers/STM32F4xx_HAL_Driver/Src/stm32f4xx_hal.c.obj
                0x00000000080029a0                HAL_GetTick
 .text.HAL_Delay
                0x00000000080029b8       0x48 CMakeFiles/STM32F407-Buoyancy-Prototype.dir/Drivers/STM32F4xx_HAL_Driver/Src/stm32f4xx_hal.c.obj
                0x00000000080029b8                HAL_Delay
 .text.HAL_DAC_Init
                0x0000000008002a00       0x44 CMakeFiles/STM32F407-Buoyancy-Prototype.dir/Drivers/STM32F4xx_HAL_Driver/Src/stm32f4xx_hal_dac.c.obj
                0x0000000008002a00                HAL_DAC_Init
 .text.HAL_DAC_ConfigChannel
                0x0000000008002a44       0xb2 CMakeFiles/STM32F407-Buoyancy-Prototype.dir/Drivers/STM32F4xx_HAL_Driver/Src/stm32f4xx_hal_dac.c.obj
                0x0000000008002a44                HAL_DAC_ConfigChannel
 *fill*         0x0000000008002af6        0x2 
 .text.HAL_I2C_Init
                0x0000000008002af8      0x288 CMakeFiles/STM32F407-Buoyancy-Prototype.dir/Drivers/STM32F4xx_HAL_Driver/Src/stm32f4xx_hal_i2c.c.obj
                0x0000000008002af8                HAL_I2C_Init
 .text.HAL_TIM_Base_Init
                0x0000000008002d80       0x9e CMakeFiles/STM32F407-Buoyancy-Prototype.dir/Drivers/STM32F4xx_HAL_Driver/Src/stm32f4xx_hal_tim.c.obj
                0x0000000008002d80                HAL_TIM_Base_Init
 *fill*         0x0000000008002e1e        0x2 
 .text.HAL_TIM_Base_Start_IT
                0x0000000008002e20       0xe0 CMakeFiles/STM32F407-Buoyancy-Prototype.dir/Drivers/STM32F4xx_HAL_Driver/Src/stm32f4xx_hal_tim.c.obj
                0x0000000008002e20                HAL_TIM_Base_Start_IT
 .text.HAL_TIM_PWM_Init
                0x0000000008002f00       0x9e CMakeFiles/STM32F407-Buoyancy-Prototype.dir/Drivers/STM32F4xx_HAL_Driver/Src/stm32f4xx_hal_tim.c.obj
                0x0000000008002f00                HAL_TIM_PWM_Init
 .text.HAL_TIM_PWM_MspInit
                0x0000000008002f9e       0x14 CMakeFiles/STM32F407-Buoyancy-Prototype.dir/Drivers/STM32F4xx_HAL_Driver/Src/stm32f4xx_hal_tim.c.obj
                0x0000000008002f9e                HAL_TIM_PWM_MspInit
 *fill*         0x0000000008002fb2        0x2 
 .text.HAL_TIM_PWM_Start
                0x0000000008002fb4      0x190 CMakeFiles/STM32F407-Buoyancy-Prototype.dir/Drivers/STM32F4xx_HAL_Driver/Src/stm32f4xx_hal_tim.c.obj
                0x0000000008002fb4                HAL_TIM_PWM_Start
 .text.HAL_TIM_IRQHandler
                0x0000000008003144      0x1e0 CMakeFiles/STM32F407-Buoyancy-Prototype.dir/Drivers/STM32F4xx_HAL_Driver/Src/stm32f4xx_hal_tim.c.obj
                0x0000000008003144                HAL_TIM_IRQHandler
 .text.HAL_TIM_PWM_ConfigChannel
                0x0000000008003324      0x184 CMakeFiles/STM32F407-Buoyancy-Prototype.dir/Drivers/STM32F4xx_HAL_Driver/Src/stm32f4xx_hal_tim.c.obj
                0x0000000008003324                HAL_TIM_PWM_ConfigChannel
 .text.HAL_TIM_ConfigClockSource
                0x00000000080034a8      0x18e CMakeFiles/STM32F407-Buoyancy-Prototype.dir/Drivers/STM32F4xx_HAL_Driver/Src/stm32f4xx_hal_tim.c.obj
                0x00000000080034a8                HAL_TIM_ConfigClockSource
 .text.HAL_TIM_PeriodElapsedCallback
                0x0000000008003636       0x14 CMakeFiles/STM32F407-Buoyancy-Prototype.dir/Drivers/STM32F4xx_HAL_Driver/Src/stm32f4xx_hal_tim.c.obj
                0x0000000008003636                HAL_TIM_PeriodElapsedCallback
 .text.HAL_TIM_OC_DelayElapsedCallback
                0x000000000800364a       0x14 CMakeFiles/STM32F407-Buoyancy-Prototype.dir/Drivers/STM32F4xx_HAL_Driver/Src/stm32f4xx_hal_tim.c.obj
                0x000000000800364a                HAL_TIM_OC_DelayElapsedCallback
 .text.HAL_TIM_IC_CaptureCallback
                0x000000000800365e       0x14 CMakeFiles/STM32F407-Buoyancy-Prototype.dir/Drivers/STM32F4xx_HAL_Driver/Src/stm32f4xx_hal_tim.c.obj
                0x000000000800365e                HAL_TIM_IC_CaptureCallback
 .text.HAL_TIM_PWM_PulseFinishedCallback
                0x0000000008003672       0x14 CMakeFiles/STM32F407-Buoyancy-Prototype.dir/Drivers/STM32F4xx_HAL_Driver/Src/stm32f4xx_hal_tim.c.obj
                0x0000000008003672                HAL_TIM_PWM_PulseFinishedCallback
 .text.HAL_TIM_TriggerCallback
                0x0000000008003686       0x14 CMakeFiles/STM32F407-Buoyancy-Prototype.dir/Drivers/STM32F4xx_HAL_Driver/Src/stm32f4xx_hal_tim.c.obj
                0x0000000008003686                HAL_TIM_TriggerCallback
 *fill*         0x000000000800369a        0x2 
 .text.TIM_Base_SetConfig
                0x000000000800369c      0x158 CMakeFiles/STM32F407-Buoyancy-Prototype.dir/Drivers/STM32F4xx_HAL_Driver/Src/stm32f4xx_hal_tim.c.obj
                0x000000000800369c                TIM_Base_SetConfig
 .text.TIM_OC1_SetConfig
                0x00000000080037f4       0xe0 CMakeFiles/STM32F407-Buoyancy-Prototype.dir/Drivers/STM32F4xx_HAL_Driver/Src/stm32f4xx_hal_tim.c.obj
 .text.TIM_OC2_SetConfig
                0x00000000080038d4       0xec CMakeFiles/STM32F407-Buoyancy-Prototype.dir/Drivers/STM32F4xx_HAL_Driver/Src/stm32f4xx_hal_tim.c.obj
                0x00000000080038d4                TIM_OC2_SetConfig
 .text.TIM_OC3_SetConfig
                0x00000000080039c0       0xe8 CMakeFiles/STM32F407-Buoyancy-Prototype.dir/Drivers/STM32F4xx_HAL_Driver/Src/stm32f4xx_hal_tim.c.obj
 .text.TIM_OC4_SetConfig
                0x0000000008003aa8       0xac CMakeFiles/STM32F407-Buoyancy-Prototype.dir/Drivers/STM32F4xx_HAL_Driver/Src/stm32f4xx_hal_tim.c.obj
 .text.TIM_TI1_ConfigInputStage
                0x0000000008003b54       0x5e CMakeFiles/STM32F407-Buoyancy-Prototype.dir/Drivers/STM32F4xx_HAL_Driver/Src/stm32f4xx_hal_tim.c.obj
 .text.TIM_TI2_ConfigInputStage
                0x0000000008003bb2       0x60 CMakeFiles/STM32F407-Buoyancy-Prototype.dir/Drivers/STM32F4xx_HAL_Driver/Src/stm32f4xx_hal_tim.c.obj
 .text.TIM_ITRx_SetConfig
                0x0000000008003c12       0x36 CMakeFiles/STM32F407-Buoyancy-Prototype.dir/Drivers/STM32F4xx_HAL_Driver/Src/stm32f4xx_hal_tim.c.obj
 .text.TIM_ETR_SetConfig
                0x0000000008003c48       0x40 CMakeFiles/STM32F407-Buoyancy-Prototype.dir/Drivers/STM32F4xx_HAL_Driver/Src/stm32f4xx_hal_tim.c.obj
                0x0000000008003c48                TIM_ETR_SetConfig
 .text.TIM_CCxChannelCmd
                0x0000000008003c88       0x4a CMakeFiles/STM32F407-Buoyancy-Prototype.dir/Drivers/STM32F4xx_HAL_Driver/Src/stm32f4xx_hal_tim.c.obj
                0x0000000008003c88                TIM_CCxChannelCmd
 *fill*         0x0000000008003cd2        0x2 
 .text.HAL_TIMEx_MasterConfigSynchronization
                0x0000000008003cd4       0xf8 CMakeFiles/STM32F407-Buoyancy-Prototype.dir/Drivers/STM32F4xx_HAL_Driver/Src/stm32f4xx_hal_tim_ex.c.obj
                0x0000000008003cd4                HAL_TIMEx_MasterConfigSynchronization
 .text.HAL_TIMEx_CommutCallback
                0x0000000008003dcc       0x14 CMakeFiles/STM32F407-Buoyancy-Prototype.dir/Drivers/STM32F4xx_HAL_Driver/Src/stm32f4xx_hal_tim_ex.c.obj
                0x0000000008003dcc                HAL_TIMEx_CommutCallback
 .text.HAL_TIMEx_BreakCallback
                0x0000000008003de0       0x14 CMakeFiles/STM32F407-Buoyancy-Prototype.dir/Drivers/STM32F4xx_HAL_Driver/Src/stm32f4xx_hal_tim_ex.c.obj
                0x0000000008003de0                HAL_TIMEx_BreakCallback
 .text.HAL_HCD_Init
                0x0000000008003df4       0xce CMakeFiles/STM32F407-Buoyancy-Prototype.dir/Drivers/STM32F4xx_HAL_Driver/Src/stm32f4xx_hal_hcd.c.obj
                0x0000000008003df4                HAL_HCD_Init
 .text.HAL_HCD_IRQHandler
                0x0000000008003ec2      0x220 CMakeFiles/STM32F407-Buoyancy-Prototype.dir/Drivers/STM32F4xx_HAL_Driver/Src/stm32f4xx_hal_hcd.c.obj
                0x0000000008003ec2                HAL_HCD_IRQHandler
 .text.HAL_HCD_SOF_Callback
                0x00000000080040e2       0x14 CMakeFiles/STM32F407-Buoyancy-Prototype.dir/Drivers/STM32F4xx_HAL_Driver/Src/stm32f4xx_hal_hcd.c.obj
                0x00000000080040e2                HAL_HCD_SOF_Callback
 .text.HAL_HCD_Connect_Callback
                0x00000000080040f6       0x14 CMakeFiles/STM32F407-Buoyancy-Prototype.dir/Drivers/STM32F4xx_HAL_Driver/Src/stm32f4xx_hal_hcd.c.obj
                0x00000000080040f6                HAL_HCD_Connect_Callback
 .text.HAL_HCD_Disconnect_Callback
                0x000000000800410a       0x14 CMakeFiles/STM32F407-Buoyancy-Prototype.dir/Drivers/STM32F4xx_HAL_Driver/Src/stm32f4xx_hal_hcd.c.obj
                0x000000000800410a                HAL_HCD_Disconnect_Callback
 .text.HAL_HCD_PortEnabled_Callback
                0x000000000800411e       0x14 CMakeFiles/STM32F407-Buoyancy-Prototype.dir/Drivers/STM32F4xx_HAL_Driver/Src/stm32f4xx_hal_hcd.c.obj
                0x000000000800411e                HAL_HCD_PortEnabled_Callback
 .text.HAL_HCD_PortDisabled_Callback
                0x0000000008004132       0x14 CMakeFiles/STM32F407-Buoyancy-Prototype.dir/Drivers/STM32F4xx_HAL_Driver/Src/stm32f4xx_hal_hcd.c.obj
                0x0000000008004132                HAL_HCD_PortDisabled_Callback
 .text.HAL_HCD_HC_NotifyURBChange_Callback
                0x0000000008004146       0x1c CMakeFiles/STM32F407-Buoyancy-Prototype.dir/Drivers/STM32F4xx_HAL_Driver/Src/stm32f4xx_hal_hcd.c.obj
                0x0000000008004146                HAL_HCD_HC_NotifyURBChange_Callback
 .text.HCD_HC_IN_IRQHandler
                0x0000000008004162      0xcd2 CMakeFiles/STM32F407-Buoyancy-Prototype.dir/Drivers/STM32F4xx_HAL_Driver/Src/stm32f4xx_hal_hcd.c.obj
 .text.HCD_HC_OUT_IRQHandler
                0x0000000008004e34      0x97e CMakeFiles/STM32F407-Buoyancy-Prototype.dir/Drivers/STM32F4xx_HAL_Driver/Src/stm32f4xx_hal_hcd.c.obj
 .text.HCD_RXQLVL_IRQHandler
                0x00000000080057b2      0x1be CMakeFiles/STM32F407-Buoyancy-Prototype.dir/Drivers/STM32F4xx_HAL_Driver/Src/stm32f4xx_hal_hcd.c.obj
 .text.HCD_Port_IRQHandler
                0x0000000008005970       0xe6 CMakeFiles/STM32F407-Buoyancy-Prototype.dir/Drivers/STM32F4xx_HAL_Driver/Src/stm32f4xx_hal_hcd.c.obj
 .text.USB_CoreInit
                0x0000000008005a56       0xc8 CMakeFiles/STM32F407-Buoyancy-Prototype.dir/Drivers/STM32F4xx_HAL_Driver/Src/stm32f4xx_ll_usb.c.obj
                0x0000000008005a56                USB_CoreInit
 .text.USB_DisableGlobalInt
                0x0000000008005b1e       0x22 CMakeFiles/STM32F407-Buoyancy-Prototype.dir/Drivers/STM32F4xx_HAL_Driver/Src/stm32f4xx_ll_usb.c.obj
                0x0000000008005b1e                USB_DisableGlobalInt
 .text.USB_SetCurrentMode
                0x0000000008005b40       0x98 CMakeFiles/STM32F407-Buoyancy-Prototype.dir/Drivers/STM32F4xx_HAL_Driver/Src/stm32f4xx_ll_usb.c.obj
                0x0000000008005b40                USB_SetCurrentMode
 .text.USB_FlushTxFifo
                0x0000000008005bd8       0x64 CMakeFiles/STM32F407-Buoyancy-Prototype.dir/Drivers/STM32F4xx_HAL_Driver/Src/stm32f4xx_ll_usb.c.obj
                0x0000000008005bd8                USB_FlushTxFifo
 .text.USB_FlushRxFifo
                0x0000000008005c3c       0x5c CMakeFiles/STM32F407-Buoyancy-Prototype.dir/Drivers/STM32F4xx_HAL_Driver/Src/stm32f4xx_ll_usb.c.obj
                0x0000000008005c3c                USB_FlushRxFifo
 .text.USB_ReadPacket
                0x0000000008005c98       0xb0 CMakeFiles/STM32F407-Buoyancy-Prototype.dir/Drivers/STM32F4xx_HAL_Driver/Src/stm32f4xx_ll_usb.c.obj
                0x0000000008005c98                USB_ReadPacket
 .text.USB_ReadInterrupts
                0x0000000008005d48       0x26 CMakeFiles/STM32F407-Buoyancy-Prototype.dir/Drivers/STM32F4xx_HAL_Driver/Src/stm32f4xx_ll_usb.c.obj
                0x0000000008005d48                USB_ReadInterrupts
 .text.USB_ReadChInterrupts
                0x0000000008005d6e       0x42 CMakeFiles/STM32F407-Buoyancy-Prototype.dir/Drivers/STM32F4xx_HAL_Driver/Src/stm32f4xx_ll_usb.c.obj
                0x0000000008005d6e                USB_ReadChInterrupts
 .text.USB_GetMode
                0x0000000008005db0       0x1c CMakeFiles/STM32F407-Buoyancy-Prototype.dir/Drivers/STM32F4xx_HAL_Driver/Src/stm32f4xx_ll_usb.c.obj
                0x0000000008005db0                USB_GetMode
 .text.USB_CoreReset
                0x0000000008005dcc       0x62 CMakeFiles/STM32F407-Buoyancy-Prototype.dir/Drivers/STM32F4xx_HAL_Driver/Src/stm32f4xx_ll_usb.c.obj
 *fill*         0x0000000008005e2e        0x2 
 .text.USB_HostInit
                0x0000000008005e30      0x188 CMakeFiles/STM32F407-Buoyancy-Prototype.dir/Drivers/STM32F4xx_HAL_Driver/Src/stm32f4xx_ll_usb.c.obj
                0x0000000008005e30                USB_HostInit
 .text.USB_InitFSLSPClkSel
                0x0000000008005fb8       0x7a CMakeFiles/STM32F407-Buoyancy-Prototype.dir/Drivers/STM32F4xx_HAL_Driver/Src/stm32f4xx_ll_usb.c.obj
                0x0000000008005fb8                USB_InitFSLSPClkSel
 .text.USB_HC_ReadInterrupt
                0x0000000008006032       0x22 CMakeFiles/STM32F407-Buoyancy-Prototype.dir/Drivers/STM32F4xx_HAL_Driver/Src/stm32f4xx_ll_usb.c.obj
                0x0000000008006032                USB_HC_ReadInterrupt
 .text.USB_HC_Halt
                0x0000000008006054      0x240 CMakeFiles/STM32F407-Buoyancy-Prototype.dir/Drivers/STM32F4xx_HAL_Driver/Src/stm32f4xx_ll_usb.c.obj
                0x0000000008006054                USB_HC_Halt
 .text.SystemInit
                0x0000000008006294       0x24 CMakeFiles/STM32F407-Buoyancy-Prototype.dir/Core/Src/system_stm32f4xx.c.obj
                0x0000000008006294                SystemInit
 .text.Reset_Handler
                0x00000000080062b8       0x50 CMakeFiles/STM32F407-Buoyancy-Prototype.dir/startup_stm32f407xx.s.obj
                0x00000000080062b8                Reset_Handler
 .text.Default_Handler
                0x0000000008006308        0x2 CMakeFiles/STM32F407-Buoyancy-Prototype.dir/startup_stm32f407xx.s.obj
                0x0000000008006308                DMA1_Stream3_IRQHandler
                0x0000000008006308                HASH_RNG_IRQHandler
                0x0000000008006308                EXTI2_IRQHandler
                0x0000000008006308                TIM8_CC_IRQHandler
                0x0000000008006308                TIM1_CC_IRQHandler
                0x0000000008006308                DMA2_Stream5_IRQHandler
                0x0000000008006308                DMA1_Stream5_IRQHandler
                0x0000000008006308                PVD_IRQHandler
                0x0000000008006308                SDIO_IRQHandler
                0x0000000008006308                TAMP_STAMP_IRQHandler
                0x0000000008006308                CAN2_RX1_IRQHandler
                0x0000000008006308                EXTI3_IRQHandler
                0x0000000008006308                TIM8_TRG_COM_TIM14_IRQHandler
                0x0000000008006308                TIM1_UP_TIM10_IRQHandler
                0x0000000008006308                TIM8_UP_TIM13_IRQHandler
                0x0000000008006308                I2C3_ER_IRQHandler
                0x0000000008006308                I2C2_EV_IRQHandler
                0x0000000008006308                DMA1_Stream2_IRQHandler
                0x0000000008006308                CAN1_RX0_IRQHandler
                0x0000000008006308                FPU_IRQHandler
                0x0000000008006308                OTG_HS_WKUP_IRQHandler
                0x0000000008006308                CAN2_SCE_IRQHandler
                0x0000000008006308                DMA2_Stream2_IRQHandler
                0x0000000008006308                SPI1_IRQHandler
                0x0000000008006308                TIM6_DAC_IRQHandler
                0x0000000008006308                TIM1_BRK_TIM9_IRQHandler
                0x0000000008006308                DCMI_IRQHandler
                0x0000000008006308                CAN2_RX0_IRQHandler
                0x0000000008006308                DMA2_Stream3_IRQHandler
                0x0000000008006308                USART6_IRQHandler
                0x0000000008006308                USART3_IRQHandler
                0x0000000008006308                CAN1_RX1_IRQHandler
                0x0000000008006308                UART5_IRQHandler
                0x0000000008006308                DMA2_Stream0_IRQHandler
                0x0000000008006308                TIM4_IRQHandler
                0x0000000008006308                I2C1_EV_IRQHandler
                0x0000000008006308                DMA1_Stream6_IRQHandler
                0x0000000008006308                DMA1_Stream1_IRQHandler
                0x0000000008006308                UART4_IRQHandler
                0x0000000008006308                RCC_IRQHandler
                0x0000000008006308                TIM8_BRK_TIM12_IRQHandler
                0x0000000008006308                Default_Handler
                0x0000000008006308                EXTI15_10_IRQHandler
                0x0000000008006308                ADC_IRQHandler
                0x0000000008006308                DMA1_Stream7_IRQHandler
                0x0000000008006308                TIM7_IRQHandler
                0x0000000008006308                CAN2_TX_IRQHandler
                0x0000000008006308                TIM5_IRQHandler
                0x0000000008006308                DMA2_Stream7_IRQHandler
                0x0000000008006308                I2C3_EV_IRQHandler
                0x0000000008006308                EXTI9_5_IRQHandler
                0x0000000008006308                RTC_WKUP_IRQHandler
                0x0000000008006308                ETH_WKUP_IRQHandler
                0x0000000008006308                SPI2_IRQHandler
                0x0000000008006308                OTG_HS_EP1_IN_IRQHandler
                0x0000000008006308                DMA1_Stream0_IRQHandler
                0x0000000008006308                CAN1_TX_IRQHandler
                0x0000000008006308                EXTI4_IRQHandler
                0x0000000008006308                FSMC_IRQHandler
                0x0000000008006308                ETH_IRQHandler
                0x0000000008006308                OTG_HS_EP1_OUT_IRQHandler
                0x0000000008006308                WWDG_IRQHandler
                0x0000000008006308                TIM2_IRQHandler
                0x0000000008006308                OTG_FS_WKUP_IRQHandler
                0x0000000008006308                TIM1_TRG_COM_TIM11_IRQHandler
                0x0000000008006308                OTG_HS_IRQHandler
                0x0000000008006308                EXTI1_IRQHandler
                0x0000000008006308                USART2_IRQHandler
                0x0000000008006308                I2C2_ER_IRQHandler
                0x0000000008006308                DMA2_Stream1_IRQHandler
                0x0000000008006308                CAN1_SCE_IRQHandler
                0x0000000008006308                FLASH_IRQHandler
                0x0000000008006308                DMA2_Stream4_IRQHandler
                0x0000000008006308                USART1_IRQHandler
                0x0000000008006308                SPI3_IRQHandler
                0x0000000008006308                DMA1_Stream4_IRQHandler
                0x0000000008006308                I2C1_ER_IRQHandler
                0x0000000008006308                DMA2_Stream6_IRQHandler
                0x0000000008006308                RTC_Alarm_IRQHandler
 *(.glue_7)
 .glue_7        0x000000000800630a        0x0 linker stubs
 *(.glue_7t)
 .glue_7t       0x000000000800630a        0x0 linker stubs
 *(.eh_frame)
 *fill*         0x000000000800630a        0x2 
 .eh_frame      0x000000000800630c        0x0 /usr/local/Cellar/gcc-arm-none-eabi/20200630/bin/../lib/gcc/arm-none-eabi/9.3.1/thumb/v7e-m+fp/hard/crtbegin.o
 *(.init)
 .init          0x000000000800630c        0x4 /usr/local/Cellar/gcc-arm-none-eabi/20200630/bin/../lib/gcc/arm-none-eabi/9.3.1/thumb/v7e-m+fp/hard/crti.o
                0x000000000800630c                _init
 .init          0x0000000008006310        0x8 /usr/local/Cellar/gcc-arm-none-eabi/20200630/bin/../lib/gcc/arm-none-eabi/9.3.1/thumb/v7e-m+fp/hard/crtn.o
 *(.fini)
 .fini          0x0000000008006318        0x4 /usr/local/Cellar/gcc-arm-none-eabi/20200630/bin/../lib/gcc/arm-none-eabi/9.3.1/thumb/v7e-m+fp/hard/crti.o
                0x0000000008006318                _fini
 .fini          0x000000000800631c        0x8 /usr/local/Cellar/gcc-arm-none-eabi/20200630/bin/../lib/gcc/arm-none-eabi/9.3.1/thumb/v7e-m+fp/hard/crtn.o
                0x0000000008006324                . = ALIGN (0x4)
                0x0000000008006324                _etext = .

.vfp11_veneer   0x0000000008006324        0x0
 .vfp11_veneer  0x0000000008006324        0x0 linker stubs

.v4_bx          0x0000000008006324        0x0
 .v4_bx         0x0000000008006324        0x0 linker stubs

.iplt           0x0000000008006324        0x0
 .iplt          0x0000000008006324        0x0 /usr/local/Cellar/gcc-arm-none-eabi/20200630/bin/../lib/gcc/arm-none-eabi/9.3.1/thumb/v7e-m+fp/hard/crtbegin.o

.rodata         0x0000000008006324       0x18
                0x0000000008006324                . = ALIGN (0x4)
 *(.rodata)
 *(.rodata*)
 .rodata.AHBPrescTable
                0x0000000008006324       0x10 CMakeFiles/STM32F407-Buoyancy-Prototype.dir/Core/Src/system_stm32f4xx.c.obj
                0x0000000008006324                AHBPrescTable
 .rodata.APBPrescTable
                0x0000000008006334        0x8 CMakeFiles/STM32F407-Buoyancy-Prototype.dir/Core/Src/system_stm32f4xx.c.obj
                0x0000000008006334                APBPrescTable
                0x000000000800633c                . = ALIGN (0x4)

.ARM.extab
 *(.ARM.extab* .gnu.linkonce.armextab.*)

.ARM            0x000000000800633c        0x8
                0x000000000800633c                __exidx_start = .
 *(.ARM.exidx*)
 .ARM.exidx     0x000000000800633c        0x8 /usr/local/Cellar/gcc-arm-none-eabi/20200630/bin/../lib/gcc/arm-none-eabi/9.3.1/thumb/v7e-m+fp/hard/libgcc.a(_udivmoddi4.o)
                0x0000000008006344                __exidx_end = .

.rel.dyn        0x0000000008006344        0x0
 .rel.iplt      0x0000000008006344        0x0 /usr/local/Cellar/gcc-arm-none-eabi/20200630/bin/../lib/gcc/arm-none-eabi/9.3.1/thumb/v7e-m+fp/hard/crtbegin.o

.preinit_array  0x0000000008006344        0x0
                0x0000000008006344                PROVIDE (__preinit_array_start = .)
 *(.preinit_array*)
                0x0000000008006344                PROVIDE (__preinit_array_end = .)

.init_array     0x0000000008006344        0x4
                0x0000000008006344                PROVIDE (__init_array_start = .)
 *(SORT_BY_NAME(.init_array.*))
 *(.init_array*)
 .init_array    0x0000000008006344        0x4 /usr/local/Cellar/gcc-arm-none-eabi/20200630/bin/../lib/gcc/arm-none-eabi/9.3.1/thumb/v7e-m+fp/hard/crtbegin.o
                0x0000000008006348                PROVIDE (__init_array_end = .)

.fini_array     0x0000000008006348        0x4
                [!provide]                        PROVIDE (__fini_array_start = .)
 *(SORT_BY_NAME(.fini_array.*))
 *(.fini_array*)
 .fini_array    0x0000000008006348        0x4 /usr/local/Cellar/gcc-arm-none-eabi/20200630/bin/../lib/gcc/arm-none-eabi/9.3.1/thumb/v7e-m+fp/hard/crtbegin.o
                [!provide]                        PROVIDE (__fini_array_end = .)
                0x000000000800634c                _sidata = LOADADDR (.data)

.data           0x0000000020000000        0xc load address 0x000000000800634c
                0x0000000020000000                . = ALIGN (0x4)
                0x0000000020000000                _sdata = .
 *(.data)
 *(.data*)
 .data.uwTickPrio
                0x0000000020000000        0x4 CMakeFiles/STM32F407-Buoyancy-Prototype.dir/Drivers/STM32F4xx_HAL_Driver/Src/stm32f4xx_hal.c.obj
                0x0000000020000000                uwTickPrio
 .data.uwTickFreq
                0x0000000020000004        0x1 CMakeFiles/STM32F407-Buoyancy-Prototype.dir/Drivers/STM32F4xx_HAL_Driver/Src/stm32f4xx_hal.c.obj
                0x0000000020000004                uwTickFreq
 *fill*         0x0000000020000005        0x3 
 .data.SystemCoreClock
                0x0000000020000008        0x4 CMakeFiles/STM32F407-Buoyancy-Prototype.dir/Core/Src/system_stm32f4xx.c.obj
                0x0000000020000008                SystemCoreClock
                0x000000002000000c                . = ALIGN (0x4)
                0x000000002000000c                _edata = .
                0x0000000008006358                _siccmram = LOADADDR (.ccmram)

.igot.plt       0x000000002000000c        0x0 load address 0x0000000008006358
 .igot.plt      0x000000002000000c        0x0 /usr/local/Cellar/gcc-arm-none-eabi/20200630/bin/../lib/gcc/arm-none-eabi/9.3.1/thumb/v7e-m+fp/hard/crtbegin.o

.ccmram         0x0000000010000000        0x0 load address 0x0000000008006358
                0x0000000010000000                . = ALIGN (0x4)
                0x0000000010000000                _sccmram = .
 *(.ccmram)
 *(.ccmram*)
                0x0000000010000000                . = ALIGN (0x4)
                0x0000000010000000                _eccmram = .
                0x0000000010000000                . = ALIGN (0x4)

.bss            0x000000002000000c      0x598
                0x000000002000000c                _sbss = .
                0x000000002000000c                __bss_start__ = _sbss
 *(.bss)
 .bss           0x000000002000000c       0x1c /usr/local/Cellar/gcc-arm-none-eabi/20200630/bin/../lib/gcc/arm-none-eabi/9.3.1/thumb/v7e-m+fp/hard/crtbegin.o
 *(.bss*)
 .bss.aKeyIsPressed
                0x0000000020000028        0x1 CMakeFiles/STM32F407-Buoyancy-Prototype.dir/Core/Src/main.c.obj
                0x0000000020000028                aKeyIsPressed
 *fill*         0x0000000020000029        0x3 
 .bss.ARM_key   0x000000002000002c        0x4 CMakeFiles/STM32F407-Buoyancy-Prototype.dir/Core/Src/main.c.obj
                0x000000002000002c                ARM_key
 *(COMMON)
 COMMON         0x0000000020000030      0x570 CMakeFiles/STM32F407-Buoyancy-Prototype.dir/Core/Src/main.c.obj
                0x0000000020000030                hadc2
                0x0000000020000078                hi2c1
                0x00000000200000cc                htim3
                0x0000000020000114                hadc1
                0x000000002000015c                hdac
                0x0000000020000170                value2
                0x0000000020000174                htim2
                0x00000000200001bc                hhcd_USB_OTG_FS
                0x000000002000059c                value1
 COMMON         0x00000000200005a0        0x4 CMakeFiles/STM32F407-Buoyancy-Prototype.dir/Drivers/STM32F4xx_HAL_Driver/Src/stm32f4xx_hal.c.obj
                0x00000000200005a0                uwTick
                0x00000000200005a4                . = ALIGN (0x4)
                0x00000000200005a4                _ebss = .
                0x00000000200005a4                __bss_end__ = _ebss

._user_heap_stack
                0x00000000200005a4      0x604
                0x00000000200005a8                . = ALIGN (0x8)
 *fill*         0x00000000200005a4        0x4 
                [!provide]                        PROVIDE (end = .)
                0x00000000200005a8                PROVIDE (_end = .)
                0x00000000200007a8                . = (. + _Min_Heap_Size)
 *fill*         0x00000000200005a8      0x200 
                0x0000000020000ba8                . = (. + _Min_Stack_Size)
 *fill*         0x00000000200007a8      0x400 
                0x0000000020000ba8                . = ALIGN (0x8)

/DISCARD/
 libc.a(*)
 libm.a(*)
 libgcc.a(*)

.ARM.attributes
                0x0000000000000000       0x30
 *(.ARM.attributes)
 .ARM.attributes
                0x0000000000000000       0x1e /usr/local/Cellar/gcc-arm-none-eabi/20200630/bin/../lib/gcc/arm-none-eabi/9.3.1/thumb/v7e-m+fp/hard/crti.o
 .ARM.attributes
                0x000000000000001e       0x34 /usr/local/Cellar/gcc-arm-none-eabi/20200630/bin/../lib/gcc/arm-none-eabi/9.3.1/thumb/v7e-m+fp/hard/crtbegin.o
 .ARM.attributes
                0x0000000000000052       0x34 /usr/local/Cellar/gcc-arm-none-eabi/20200630/bin/../lib/gcc/arm-none-eabi/9.3.1/../../../../arm-none-eabi/lib/thumb/v7e-m+fp/hard/libc_nano.a(lib_a-init.o)
 .ARM.attributes
                0x0000000000000086       0x34 /usr/local/Cellar/gcc-arm-none-eabi/20200630/bin/../lib/gcc/arm-none-eabi/9.3.1/../../../../arm-none-eabi/lib/thumb/v7e-m+fp/hard/libc_nano.a(lib_a-memset.o)
 .ARM.attributes
                0x00000000000000ba       0x34 CMakeFiles/STM32F407-Buoyancy-Prototype.dir/Core/Inc/Ports/leds.c.obj
 .ARM.attributes
                0x00000000000000ee       0x34 CMakeFiles/STM32F407-Buoyancy-Prototype.dir/Core/Inc/Ports/keys.c.obj
 .ARM.attributes
                0x0000000000000122       0x34 CMakeFiles/STM32F407-Buoyancy-Prototype.dir/Core/Src/main.c.obj
 .ARM.attributes
                0x0000000000000156       0x34 CMakeFiles/STM32F407-Buoyancy-Prototype.dir/Core/Src/stm32f4xx_it.c.obj
 .ARM.attributes
                0x000000000000018a       0x34 CMakeFiles/STM32F407-Buoyancy-Prototype.dir/Core/Src/stm32f4xx_hal_msp.c.obj
 .ARM.attributes
                0x00000000000001be       0x34 CMakeFiles/STM32F407-Buoyancy-Prototype.dir/Drivers/STM32F4xx_HAL_Driver/Src/stm32f4xx_hal_adc.c.obj
 .ARM.attributes
                0x00000000000001f2       0x34 CMakeFiles/STM32F407-Buoyancy-Prototype.dir/Drivers/STM32F4xx_HAL_Driver/Src/stm32f4xx_hal_rcc.c.obj
 .ARM.attributes
                0x0000000000000226       0x34 CMakeFiles/STM32F407-Buoyancy-Prototype.dir/Drivers/STM32F4xx_HAL_Driver/Src/stm32f4xx_hal_gpio.c.obj
 .ARM.attributes
                0x000000000000025a       0x34 CMakeFiles/STM32F407-Buoyancy-Prototype.dir/Drivers/STM32F4xx_HAL_Driver/Src/stm32f4xx_hal_cortex.c.obj
 .ARM.attributes
                0x000000000000028e       0x34 CMakeFiles/STM32F407-Buoyancy-Prototype.dir/Drivers/STM32F4xx_HAL_Driver/Src/stm32f4xx_hal.c.obj
 .ARM.attributes
                0x00000000000002c2       0x34 CMakeFiles/STM32F407-Buoyancy-Prototype.dir/Drivers/STM32F4xx_HAL_Driver/Src/stm32f4xx_hal_dac.c.obj
 .ARM.attributes
                0x00000000000002f6       0x34 CMakeFiles/STM32F407-Buoyancy-Prototype.dir/Drivers/STM32F4xx_HAL_Driver/Src/stm32f4xx_hal_i2c.c.obj
 .ARM.attributes
                0x000000000000032a       0x34 CMakeFiles/STM32F407-Buoyancy-Prototype.dir/Drivers/STM32F4xx_HAL_Driver/Src/stm32f4xx_hal_tim.c.obj
 .ARM.attributes
                0x000000000000035e       0x34 CMakeFiles/STM32F407-Buoyancy-Prototype.dir/Drivers/STM32F4xx_HAL_Driver/Src/stm32f4xx_hal_tim_ex.c.obj
 .ARM.attributes
                0x0000000000000392       0x34 CMakeFiles/STM32F407-Buoyancy-Prototype.dir/Drivers/STM32F4xx_HAL_Driver/Src/stm32f4xx_hal_hcd.c.obj
 .ARM.attributes
                0x00000000000003c6       0x34 CMakeFiles/STM32F407-Buoyancy-Prototype.dir/Drivers/STM32F4xx_HAL_Driver/Src/stm32f4xx_ll_usb.c.obj
 .ARM.attributes
                0x00000000000003fa       0x34 CMakeFiles/STM32F407-Buoyancy-Prototype.dir/Core/Src/system_stm32f4xx.c.obj
 .ARM.attributes
                0x000000000000042e       0x21 CMakeFiles/STM32F407-Buoyancy-Prototype.dir/startup_stm32f407xx.s.obj
 .ARM.attributes
                0x000000000000044f       0x1e /usr/local/Cellar/gcc-arm-none-eabi/20200630/bin/../lib/gcc/arm-none-eabi/9.3.1/thumb/v7e-m+fp/hard/libgcc.a(_aeabi_uldivmod.o)
 .ARM.attributes
                0x000000000000046d       0x34 /usr/local/Cellar/gcc-arm-none-eabi/20200630/bin/../lib/gcc/arm-none-eabi/9.3.1/thumb/v7e-m+fp/hard/libgcc.a(_udivmoddi4.o)
 .ARM.attributes
                0x00000000000004a1       0x1e /usr/local/Cellar/gcc-arm-none-eabi/20200630/bin/../lib/gcc/arm-none-eabi/9.3.1/thumb/v7e-m+fp/hard/libgcc.a(_dvmd_tls.o)
 .ARM.attributes
                0x00000000000004bf       0x1e /usr/local/Cellar/gcc-arm-none-eabi/20200630/bin/../lib/gcc/arm-none-eabi/9.3.1/thumb/v7e-m+fp/hard/crtn.o
OUTPUT(STM32F407-Buoyancy-Prototype.elf elf32-littlearm)
LOAD linker stubs
LOAD /usr/local/Cellar/gcc-arm-none-eabi/20200630/bin/../lib/gcc/arm-none-eabi/9.3.1/../../../../arm-none-eabi/lib/thumb/v7e-m+fp/hard/libc.a
LOAD /usr/local/Cellar/gcc-arm-none-eabi/20200630/bin/../lib/gcc/arm-none-eabi/9.3.1/../../../../arm-none-eabi/lib/thumb/v7e-m+fp/hard/libm.a
LOAD /usr/local/Cellar/gcc-arm-none-eabi/20200630/bin/../lib/gcc/arm-none-eabi/9.3.1/thumb/v7e-m+fp/hard/libgcc.a

.debug_frame    0x0000000000000000     0x4a38
 .debug_frame   0x0000000000000000       0x2c /usr/local/Cellar/gcc-arm-none-eabi/20200630/bin/../lib/gcc/arm-none-eabi/9.3.1/../../../../arm-none-eabi/lib/thumb/v7e-m+fp/hard/libc_nano.a(lib_a-init.o)
 .debug_frame   0x000000000000002c       0x20 /usr/local/Cellar/gcc-arm-none-eabi/20200630/bin/../lib/gcc/arm-none-eabi/9.3.1/../../../../arm-none-eabi/lib/thumb/v7e-m+fp/hard/libc_nano.a(lib_a-memset.o)
 .debug_frame   0x000000000000004c       0x50 CMakeFiles/STM32F407-Buoyancy-Prototype.dir/Core/Inc/Ports/leds.c.obj
 .debug_frame   0x000000000000009c       0x7c CMakeFiles/STM32F407-Buoyancy-Prototype.dir/Core/Inc/Ports/keys.c.obj
 .debug_frame   0x0000000000000118      0x188 CMakeFiles/STM32F407-Buoyancy-Prototype.dir/Core/Src/main.c.obj
 .debug_frame   0x00000000000002a0      0x160 CMakeFiles/STM32F407-Buoyancy-Prototype.dir/Core/Src/stm32f4xx_it.c.obj
 .debug_frame   0x0000000000000400      0x1c0 CMakeFiles/STM32F407-Buoyancy-Prototype.dir/Core/Src/stm32f4xx_hal_msp.c.obj
 .debug_frame   0x00000000000005c0      0x3fc CMakeFiles/STM32F407-Buoyancy-Prototype.dir/Drivers/STM32F4xx_HAL_Driver/Src/stm32f4xx_hal_adc.c.obj
 .debug_frame   0x00000000000009bc      0x1f0 CMakeFiles/STM32F407-Buoyancy-Prototype.dir/Drivers/STM32F4xx_HAL_Driver/Src/stm32f4xx_hal_rcc.c.obj
 .debug_frame   0x0000000000000bac      0x14c CMakeFiles/STM32F407-Buoyancy-Prototype.dir/Drivers/STM32F4xx_HAL_Driver/Src/stm32f4xx_hal_gpio.c.obj
 .debug_frame   0x0000000000000cf8      0x508 CMakeFiles/STM32F407-Buoyancy-Prototype.dir/Drivers/STM32F4xx_HAL_Driver/Src/stm32f4xx_hal_cortex.c.obj
 .debug_frame   0x0000000000001200      0x374 CMakeFiles/STM32F407-Buoyancy-Prototype.dir/Drivers/STM32F4xx_HAL_Driver/Src/stm32f4xx_hal.c.obj
 .debug_frame   0x0000000000001574      0x338 CMakeFiles/STM32F407-Buoyancy-Prototype.dir/Drivers/STM32F4xx_HAL_Driver/Src/stm32f4xx_hal_dac.c.obj
 .debug_frame   0x00000000000018ac      0xc84 CMakeFiles/STM32F407-Buoyancy-Prototype.dir/Drivers/STM32F4xx_HAL_Driver/Src/stm32f4xx_hal_i2c.c.obj
 .debug_frame   0x0000000000002530     0x11c0 CMakeFiles/STM32F407-Buoyancy-Prototype.dir/Drivers/STM32F4xx_HAL_Driver/Src/stm32f4xx_hal_tim.c.obj
 .debug_frame   0x00000000000036f0      0x638 CMakeFiles/STM32F407-Buoyancy-Prototype.dir/Drivers/STM32F4xx_HAL_Driver/Src/stm32f4xx_hal_tim_ex.c.obj
 .debug_frame   0x0000000000003d28      0x498 CMakeFiles/STM32F407-Buoyancy-Prototype.dir/Drivers/STM32F4xx_HAL_Driver/Src/stm32f4xx_hal_hcd.c.obj
 .debug_frame   0x00000000000041c0      0x7c0 CMakeFiles/STM32F407-Buoyancy-Prototype.dir/Drivers/STM32F4xx_HAL_Driver/Src/stm32f4xx_ll_usb.c.obj
 .debug_frame   0x0000000000004980       0x58 CMakeFiles/STM32F407-Buoyancy-Prototype.dir/Core/Src/system_stm32f4xx.c.obj
 .debug_frame   0x00000000000049d8       0x2c /usr/local/Cellar/gcc-arm-none-eabi/20200630/bin/../lib/gcc/arm-none-eabi/9.3.1/thumb/v7e-m+fp/hard/libgcc.a(_aeabi_uldivmod.o)
 .debug_frame   0x0000000000004a04       0x34 /usr/local/Cellar/gcc-arm-none-eabi/20200630/bin/../lib/gcc/arm-none-eabi/9.3.1/thumb/v7e-m+fp/hard/libgcc.a(_udivmoddi4.o)

.debug_info     0x0000000000000000    0x15de7
 .debug_info    0x0000000000000000      0xba8 CMakeFiles/STM32F407-Buoyancy-Prototype.dir/Core/Inc/Ports/leds.c.obj
 .debug_info    0x0000000000000ba8      0xbcd CMakeFiles/STM32F407-Buoyancy-Prototype.dir/Core/Inc/Ports/keys.c.obj
 .debug_info    0x0000000000001775     0x2769 CMakeFiles/STM32F407-Buoyancy-Prototype.dir/Core/Src/main.c.obj
 .debug_info    0x0000000000003ede     0x1b9a CMakeFiles/STM32F407-Buoyancy-Prototype.dir/Core/Src/stm32f4xx_it.c.obj
 .debug_info    0x0000000000005a78     0x24b4 CMakeFiles/STM32F407-Buoyancy-Prototype.dir/Core/Src/stm32f4xx_hal_msp.c.obj
 .debug_info    0x0000000000007f2c      0xddc CMakeFiles/STM32F407-Buoyancy-Prototype.dir/Drivers/STM32F4xx_HAL_Driver/Src/stm32f4xx_hal_adc.c.obj
 .debug_info    0x0000000000008d08      0x996 CMakeFiles/STM32F407-Buoyancy-Prototype.dir/Drivers/STM32F4xx_HAL_Driver/Src/stm32f4xx_hal_rcc.c.obj
 .debug_info    0x000000000000969e      0x83e CMakeFiles/STM32F407-Buoyancy-Prototype.dir/Drivers/STM32F4xx_HAL_Driver/Src/stm32f4xx_hal_gpio.c.obj
 .debug_info    0x0000000000009edc      0xf1f CMakeFiles/STM32F407-Buoyancy-Prototype.dir/Drivers/STM32F4xx_HAL_Driver/Src/stm32f4xx_hal_cortex.c.obj
 .debug_info    0x000000000000adfb      0x9b2 CMakeFiles/STM32F407-Buoyancy-Prototype.dir/Drivers/STM32F4xx_HAL_Driver/Src/stm32f4xx_hal.c.obj
 .debug_info    0x000000000000b7ad      0xb09 CMakeFiles/STM32F407-Buoyancy-Prototype.dir/Drivers/STM32F4xx_HAL_Driver/Src/stm32f4xx_hal_dac.c.obj
 .debug_info    0x000000000000c2b6     0x2685 CMakeFiles/STM32F407-Buoyancy-Prototype.dir/Drivers/STM32F4xx_HAL_Driver/Src/stm32f4xx_hal_i2c.c.obj
 .debug_info    0x000000000000e93b     0x2c7a CMakeFiles/STM32F407-Buoyancy-Prototype.dir/Drivers/STM32F4xx_HAL_Driver/Src/stm32f4xx_hal_tim.c.obj
 .debug_info    0x00000000000115b5     0x15c7 CMakeFiles/STM32F407-Buoyancy-Prototype.dir/Drivers/STM32F4xx_HAL_Driver/Src/stm32f4xx_hal_tim_ex.c.obj
 .debug_info    0x0000000000012b7c     0x10ab CMakeFiles/STM32F407-Buoyancy-Prototype.dir/Drivers/STM32F4xx_HAL_Driver/Src/stm32f4xx_hal_hcd.c.obj
 .debug_info    0x0000000000013c27     0x1bfa CMakeFiles/STM32F407-Buoyancy-Prototype.dir/Drivers/STM32F4xx_HAL_Driver/Src/stm32f4xx_ll_usb.c.obj
 .debug_info    0x0000000000015821      0x5a4 CMakeFiles/STM32F407-Buoyancy-Prototype.dir/Core/Src/system_stm32f4xx.c.obj
 .debug_info    0x0000000000015dc5       0x22 CMakeFiles/STM32F407-Buoyancy-Prototype.dir/startup_stm32f407xx.s.obj

.debug_abbrev   0x0000000000000000     0x291f
 .debug_abbrev  0x0000000000000000      0x267 CMakeFiles/STM32F407-Buoyancy-Prototype.dir/Core/Inc/Ports/leds.c.obj
 .debug_abbrev  0x0000000000000267      0x269 CMakeFiles/STM32F407-Buoyancy-Prototype.dir/Core/Inc/Ports/keys.c.obj
 .debug_abbrev  0x00000000000004d0      0x327 CMakeFiles/STM32F407-Buoyancy-Prototype.dir/Core/Src/main.c.obj
 .debug_abbrev  0x00000000000007f7      0x2c6 CMakeFiles/STM32F407-Buoyancy-Prototype.dir/Core/Src/stm32f4xx_it.c.obj
 .debug_abbrev  0x0000000000000abd      0x2ea CMakeFiles/STM32F407-Buoyancy-Prototype.dir/Core/Src/stm32f4xx_hal_msp.c.obj
 .debug_abbrev  0x0000000000000da7      0x22f CMakeFiles/STM32F407-Buoyancy-Prototype.dir/Drivers/STM32F4xx_HAL_Driver/Src/stm32f4xx_hal_adc.c.obj
 .debug_abbrev  0x0000000000000fd6      0x275 CMakeFiles/STM32F407-Buoyancy-Prototype.dir/Drivers/STM32F4xx_HAL_Driver/Src/stm32f4xx_hal_rcc.c.obj
 .debug_abbrev  0x000000000000124b      0x1f1 CMakeFiles/STM32F407-Buoyancy-Prototype.dir/Drivers/STM32F4xx_HAL_Driver/Src/stm32f4xx_hal_gpio.c.obj
 .debug_abbrev  0x000000000000143c      0x333 CMakeFiles/STM32F407-Buoyancy-Prototype.dir/Drivers/STM32F4xx_HAL_Driver/Src/stm32f4xx_hal_cortex.c.obj
 .debug_abbrev  0x000000000000176f      0x1ed CMakeFiles/STM32F407-Buoyancy-Prototype.dir/Drivers/STM32F4xx_HAL_Driver/Src/stm32f4xx_hal.c.obj
 .debug_abbrev  0x000000000000195c      0x1f2 CMakeFiles/STM32F407-Buoyancy-Prototype.dir/Drivers/STM32F4xx_HAL_Driver/Src/stm32f4xx_hal_dac.c.obj
 .debug_abbrev  0x0000000000001b4e      0x282 CMakeFiles/STM32F407-Buoyancy-Prototype.dir/Drivers/STM32F4xx_HAL_Driver/Src/stm32f4xx_hal_i2c.c.obj
 .debug_abbrev  0x0000000000001dd0      0x25e CMakeFiles/STM32F407-Buoyancy-Prototype.dir/Drivers/STM32F4xx_HAL_Driver/Src/stm32f4xx_hal_tim.c.obj
 .debug_abbrev  0x000000000000202e      0x266 CMakeFiles/STM32F407-Buoyancy-Prototype.dir/Drivers/STM32F4xx_HAL_Driver/Src/stm32f4xx_hal_tim_ex.c.obj
 .debug_abbrev  0x0000000000002294      0x28d CMakeFiles/STM32F407-Buoyancy-Prototype.dir/Drivers/STM32F4xx_HAL_Driver/Src/stm32f4xx_hal_hcd.c.obj
 .debug_abbrev  0x0000000000002521      0x2a7 CMakeFiles/STM32F407-Buoyancy-Prototype.dir/Drivers/STM32F4xx_HAL_Driver/Src/stm32f4xx_ll_usb.c.obj
 .debug_abbrev  0x00000000000027c8      0x145 CMakeFiles/STM32F407-Buoyancy-Prototype.dir/Core/Src/system_stm32f4xx.c.obj
 .debug_abbrev  0x000000000000290d       0x12 CMakeFiles/STM32F407-Buoyancy-Prototype.dir/startup_stm32f407xx.s.obj

.debug_aranges  0x0000000000000000     0x1138
 .debug_aranges
                0x0000000000000000       0x28 CMakeFiles/STM32F407-Buoyancy-Prototype.dir/Core/Inc/Ports/leds.c.obj
 .debug_aranges
                0x0000000000000028       0x30 CMakeFiles/STM32F407-Buoyancy-Prototype.dir/Core/Inc/Ports/keys.c.obj
 .debug_aranges
                0x0000000000000058       0x70 CMakeFiles/STM32F407-Buoyancy-Prototype.dir/Core/Src/main.c.obj
 .debug_aranges
                0x00000000000000c8       0x78 CMakeFiles/STM32F407-Buoyancy-Prototype.dir/Core/Src/stm32f4xx_it.c.obj
 .debug_aranges
                0x0000000000000140       0x78 CMakeFiles/STM32F407-Buoyancy-Prototype.dir/Core/Src/stm32f4xx_hal_msp.c.obj
 .debug_aranges
                0x00000000000001b8       0xe8 CMakeFiles/STM32F407-Buoyancy-Prototype.dir/Drivers/STM32F4xx_HAL_Driver/Src/stm32f4xx_hal_adc.c.obj
 .debug_aranges
                0x00000000000002a0       0x88 CMakeFiles/STM32F407-Buoyancy-Prototype.dir/Drivers/STM32F4xx_HAL_Driver/Src/stm32f4xx_hal_rcc.c.obj
 .debug_aranges
                0x0000000000000328       0x58 CMakeFiles/STM32F407-Buoyancy-Prototype.dir/Drivers/STM32F4xx_HAL_Driver/Src/stm32f4xx_hal_gpio.c.obj
 .debug_aranges
                0x0000000000000380      0x130 CMakeFiles/STM32F407-Buoyancy-Prototype.dir/Drivers/STM32F4xx_HAL_Driver/Src/stm32f4xx_hal_cortex.c.obj
 .debug_aranges
                0x00000000000004b0       0xf0 CMakeFiles/STM32F407-Buoyancy-Prototype.dir/Drivers/STM32F4xx_HAL_Driver/Src/stm32f4xx_hal.c.obj
 .debug_aranges
                0x00000000000005a0       0xc0 CMakeFiles/STM32F407-Buoyancy-Prototype.dir/Drivers/STM32F4xx_HAL_Driver/Src/stm32f4xx_hal_dac.c.obj
 .debug_aranges
                0x0000000000000660      0x2a8 CMakeFiles/STM32F407-Buoyancy-Prototype.dir/Drivers/STM32F4xx_HAL_Driver/Src/stm32f4xx_hal_i2c.c.obj
 .debug_aranges
                0x0000000000000908      0x3d0 CMakeFiles/STM32F407-Buoyancy-Prototype.dir/Drivers/STM32F4xx_HAL_Driver/Src/stm32f4xx_hal_tim.c.obj
 .debug_aranges
                0x0000000000000cd8      0x168 CMakeFiles/STM32F407-Buoyancy-Prototype.dir/Drivers/STM32F4xx_HAL_Driver/Src/stm32f4xx_hal_tim_ex.c.obj
 .debug_aranges
                0x0000000000000e40      0x108 CMakeFiles/STM32F407-Buoyancy-Prototype.dir/Drivers/STM32F4xx_HAL_Driver/Src/stm32f4xx_hal_hcd.c.obj
 .debug_aranges
                0x0000000000000f48      0x1a0 CMakeFiles/STM32F407-Buoyancy-Prototype.dir/Drivers/STM32F4xx_HAL_Driver/Src/stm32f4xx_ll_usb.c.obj
 .debug_aranges
                0x00000000000010e8       0x28 CMakeFiles/STM32F407-Buoyancy-Prototype.dir/Core/Src/system_stm32f4xx.c.obj
 .debug_aranges
                0x0000000000001110       0x28 CMakeFiles/STM32F407-Buoyancy-Prototype.dir/startup_stm32f407xx.s.obj

.debug_ranges   0x0000000000000000     0x1038
 .debug_ranges  0x0000000000000000       0x18 CMakeFiles/STM32F407-Buoyancy-Prototype.dir/Core/Inc/Ports/leds.c.obj
 .debug_ranges  0x0000000000000018       0x20 CMakeFiles/STM32F407-Buoyancy-Prototype.dir/Core/Inc/Ports/keys.c.obj
 .debug_ranges  0x0000000000000038       0x60 CMakeFiles/STM32F407-Buoyancy-Prototype.dir/Core/Src/main.c.obj
 .debug_ranges  0x0000000000000098       0x68 CMakeFiles/STM32F407-Buoyancy-Prototype.dir/Core/Src/stm32f4xx_it.c.obj
 .debug_ranges  0x0000000000000100       0x68 CMakeFiles/STM32F407-Buoyancy-Prototype.dir/Core/Src/stm32f4xx_hal_msp.c.obj
 .debug_ranges  0x0000000000000168       0xd8 CMakeFiles/STM32F407-Buoyancy-Prototype.dir/Drivers/STM32F4xx_HAL_Driver/Src/stm32f4xx_hal_adc.c.obj
 .debug_ranges  0x0000000000000240       0x78 CMakeFiles/STM32F407-Buoyancy-Prototype.dir/Drivers/STM32F4xx_HAL_Driver/Src/stm32f4xx_hal_rcc.c.obj
 .debug_ranges  0x00000000000002b8       0x48 CMakeFiles/STM32F407-Buoyancy-Prototype.dir/Drivers/STM32F4xx_HAL_Driver/Src/stm32f4xx_hal_gpio.c.obj
 .debug_ranges  0x0000000000000300      0x120 CMakeFiles/STM32F407-Buoyancy-Prototype.dir/Drivers/STM32F4xx_HAL_Driver/Src/stm32f4xx_hal_cortex.c.obj
 .debug_ranges  0x0000000000000420       0xe0 CMakeFiles/STM32F407-Buoyancy-Prototype.dir/Drivers/STM32F4xx_HAL_Driver/Src/stm32f4xx_hal.c.obj
 .debug_ranges  0x0000000000000500       0xb0 CMakeFiles/STM32F407-Buoyancy-Prototype.dir/Drivers/STM32F4xx_HAL_Driver/Src/stm32f4xx_hal_dac.c.obj
 .debug_ranges  0x00000000000005b0      0x2b0 CMakeFiles/STM32F407-Buoyancy-Prototype.dir/Drivers/STM32F4xx_HAL_Driver/Src/stm32f4xx_hal_i2c.c.obj
 .debug_ranges  0x0000000000000860      0x3c0 CMakeFiles/STM32F407-Buoyancy-Prototype.dir/Drivers/STM32F4xx_HAL_Driver/Src/stm32f4xx_hal_tim.c.obj
 .debug_ranges  0x0000000000000c20      0x158 CMakeFiles/STM32F407-Buoyancy-Prototype.dir/Drivers/STM32F4xx_HAL_Driver/Src/stm32f4xx_hal_tim_ex.c.obj
 .debug_ranges  0x0000000000000d78       0xf8 CMakeFiles/STM32F407-Buoyancy-Prototype.dir/Drivers/STM32F4xx_HAL_Driver/Src/stm32f4xx_hal_hcd.c.obj
 .debug_ranges  0x0000000000000e70      0x190 CMakeFiles/STM32F407-Buoyancy-Prototype.dir/Drivers/STM32F4xx_HAL_Driver/Src/stm32f4xx_ll_usb.c.obj
 .debug_ranges  0x0000000000001000       0x18 CMakeFiles/STM32F407-Buoyancy-Prototype.dir/Core/Src/system_stm32f4xx.c.obj
 .debug_ranges  0x0000000000001018       0x20 CMakeFiles/STM32F407-Buoyancy-Prototype.dir/startup_stm32f407xx.s.obj

.debug_macro    0x0000000000000000    0x23b54
 .debug_macro   0x0000000000000000      0x36b CMakeFiles/STM32F407-Buoyancy-Prototype.dir/Core/Inc/Ports/leds.c.obj
 .debug_macro   0x000000000000036b      0xaa8 CMakeFiles/STM32F407-Buoyancy-Prototype.dir/Core/Inc/Ports/leds.c.obj
 .debug_macro   0x0000000000000e13      0x2ad CMakeFiles/STM32F407-Buoyancy-Prototype.dir/Core/Inc/Ports/leds.c.obj
 .debug_macro   0x00000000000010c0       0x2e CMakeFiles/STM32F407-Buoyancy-Prototype.dir/Core/Inc/Ports/leds.c.obj
 .debug_macro   0x00000000000010ee       0x2f CMakeFiles/STM32F407-Buoyancy-Prototype.dir/Core/Inc/Ports/leds.c.obj
 .debug_macro   0x000000000000111d       0x22 CMakeFiles/STM32F407-Buoyancy-Prototype.dir/Core/Inc/Ports/leds.c.obj
 .debug_macro   0x000000000000113f       0x8e CMakeFiles/STM32F407-Buoyancy-Prototype.dir/Core/Inc/Ports/leds.c.obj
 .debug_macro   0x00000000000011cd       0x51 CMakeFiles/STM32F407-Buoyancy-Prototype.dir/Core/Inc/Ports/leds.c.obj
 .debug_macro   0x000000000000121e      0x103 CMakeFiles/STM32F407-Buoyancy-Prototype.dir/Core/Inc/Ports/leds.c.obj
 .debug_macro   0x0000000000001321       0x6a CMakeFiles/STM32F407-Buoyancy-Prototype.dir/Core/Inc/Ports/leds.c.obj
 .debug_macro   0x000000000000138b      0x1df CMakeFiles/STM32F407-Buoyancy-Prototype.dir/Core/Inc/Ports/leds.c.obj
 .debug_macro   0x000000000000156a       0x1c CMakeFiles/STM32F407-Buoyancy-Prototype.dir/Core/Inc/Ports/leds.c.obj
 .debug_macro   0x0000000000001586       0x22 CMakeFiles/STM32F407-Buoyancy-Prototype.dir/Core/Inc/Ports/leds.c.obj
 .debug_macro   0x00000000000015a8      0x101 CMakeFiles/STM32F407-Buoyancy-Prototype.dir/Core/Inc/Ports/leds.c.obj
 .debug_macro   0x00000000000016a9     0x1011 CMakeFiles/STM32F407-Buoyancy-Prototype.dir/Core/Inc/Ports/leds.c.obj
 .debug_macro   0x00000000000026ba      0x11f CMakeFiles/STM32F407-Buoyancy-Prototype.dir/Core/Inc/Ports/leds.c.obj
 .debug_macro   0x00000000000027d9    0x15e97 CMakeFiles/STM32F407-Buoyancy-Prototype.dir/Core/Inc/Ports/leds.c.obj
 .debug_macro   0x0000000000018670       0x6d CMakeFiles/STM32F407-Buoyancy-Prototype.dir/Core/Inc/Ports/leds.c.obj
 .debug_macro   0x00000000000186dd     0x369a CMakeFiles/STM32F407-Buoyancy-Prototype.dir/Core/Inc/Ports/leds.c.obj
 .debug_macro   0x000000000001bd77      0x174 CMakeFiles/STM32F407-Buoyancy-Prototype.dir/Core/Inc/Ports/leds.c.obj
 .debug_macro   0x000000000001beeb       0x5c CMakeFiles/STM32F407-Buoyancy-Prototype.dir/Core/Inc/Ports/leds.c.obj
 .debug_macro   0x000000000001bf47      0x980 CMakeFiles/STM32F407-Buoyancy-Prototype.dir/Core/Inc/Ports/leds.c.obj
 .debug_macro   0x000000000001c8c7      0x9e9 CMakeFiles/STM32F407-Buoyancy-Prototype.dir/Core/Inc/Ports/leds.c.obj
 .debug_macro   0x000000000001d2b0      0x115 CMakeFiles/STM32F407-Buoyancy-Prototype.dir/Core/Inc/Ports/leds.c.obj
 .debug_macro   0x000000000001d3c5      0x13e CMakeFiles/STM32F407-Buoyancy-Prototype.dir/Core/Inc/Ports/leds.c.obj
 .debug_macro   0x000000000001d503       0xa5 CMakeFiles/STM32F407-Buoyancy-Prototype.dir/Core/Inc/Ports/leds.c.obj
 .debug_macro   0x000000000001d5a8      0x174 CMakeFiles/STM32F407-Buoyancy-Prototype.dir/Core/Inc/Ports/leds.c.obj
 .debug_macro   0x000000000001d71c      0x287 CMakeFiles/STM32F407-Buoyancy-Prototype.dir/Core/Inc/Ports/leds.c.obj
 .debug_macro   0x000000000001d9a3       0x5f CMakeFiles/STM32F407-Buoyancy-Prototype.dir/Core/Inc/Ports/leds.c.obj
 .debug_macro   0x000000000001da02      0x236 CMakeFiles/STM32F407-Buoyancy-Prototype.dir/Core/Inc/Ports/leds.c.obj
 .debug_macro   0x000000000001dc38      0xb5b CMakeFiles/STM32F407-Buoyancy-Prototype.dir/Core/Inc/Ports/leds.c.obj
 .debug_macro   0x000000000001e793      0x38b CMakeFiles/STM32F407-Buoyancy-Prototype.dir/Core/Inc/Ports/leds.c.obj
 .debug_macro   0x000000000001eb1e      0x176 CMakeFiles/STM32F407-Buoyancy-Prototype.dir/Core/Inc/Ports/leds.c.obj
 .debug_macro   0x000000000001ec94       0xf9 CMakeFiles/STM32F407-Buoyancy-Prototype.dir/Core/Inc/Ports/leds.c.obj
 .debug_macro   0x000000000001ed8d      0x122 CMakeFiles/STM32F407-Buoyancy-Prototype.dir/Core/Inc/Ports/leds.c.obj
 .debug_macro   0x000000000001eeaf       0xa6 CMakeFiles/STM32F407-Buoyancy-Prototype.dir/Core/Inc/Ports/leds.c.obj
 .debug_macro   0x000000000001ef55      0x12c CMakeFiles/STM32F407-Buoyancy-Prototype.dir/Core/Inc/Ports/leds.c.obj
 .debug_macro   0x000000000001f081      0x21e CMakeFiles/STM32F407-Buoyancy-Prototype.dir/Core/Inc/Ports/leds.c.obj
 .debug_macro   0x000000000001f29f       0x2e CMakeFiles/STM32F407-Buoyancy-Prototype.dir/Core/Inc/Ports/leds.c.obj
 .debug_macro   0x000000000001f2cd      0x1b5 CMakeFiles/STM32F407-Buoyancy-Prototype.dir/Core/Inc/Ports/leds.c.obj
 .debug_macro   0x000000000001f482       0xd6 CMakeFiles/STM32F407-Buoyancy-Prototype.dir/Core/Inc/Ports/leds.c.obj
 .debug_macro   0x000000000001f558      0x127 CMakeFiles/STM32F407-Buoyancy-Prototype.dir/Core/Inc/Ports/leds.c.obj
 .debug_macro   0x000000000001f67f       0x7e CMakeFiles/STM32F407-Buoyancy-Prototype.dir/Core/Inc/Ports/leds.c.obj
 .debug_macro   0x000000000001f6fd       0x89 CMakeFiles/STM32F407-Buoyancy-Prototype.dir/Core/Inc/Ports/leds.c.obj
 .debug_macro   0x000000000001f786      0x8ed CMakeFiles/STM32F407-Buoyancy-Prototype.dir/Core/Inc/Ports/leds.c.obj
 .debug_macro   0x0000000000020073       0x4d CMakeFiles/STM32F407-Buoyancy-Prototype.dir/Core/Inc/Ports/leds.c.obj
 .debug_macro   0x00000000000200c0      0x293 CMakeFiles/STM32F407-Buoyancy-Prototype.dir/Core/Inc/Ports/leds.c.obj
 .debug_macro   0x0000000000020353       0x98 CMakeFiles/STM32F407-Buoyancy-Prototype.dir/Core/Inc/Ports/leds.c.obj
 .debug_macro   0x00000000000203eb      0x12d CMakeFiles/STM32F407-Buoyancy-Prototype.dir/Core/Inc/Ports/leds.c.obj
 .debug_macro   0x0000000000020518       0x58 CMakeFiles/STM32F407-Buoyancy-Prototype.dir/Core/Inc/Ports/leds.c.obj
 .debug_macro   0x0000000000020570       0x64 CMakeFiles/STM32F407-Buoyancy-Prototype.dir/Core/Inc/Ports/leds.c.obj
 .debug_macro   0x00000000000205d4       0x18 CMakeFiles/STM32F407-Buoyancy-Prototype.dir/Core/Inc/Ports/leds.c.obj
 .debug_macro   0x00000000000205ec       0x35 CMakeFiles/STM32F407-Buoyancy-Prototype.dir/Core/Inc/Ports/leds.c.obj
 .debug_macro   0x0000000000020621       0x34 CMakeFiles/STM32F407-Buoyancy-Prototype.dir/Core/Inc/Ports/leds.c.obj
 .debug_macro   0x0000000000020655       0x16 CMakeFiles/STM32F407-Buoyancy-Prototype.dir/Core/Inc/Ports/leds.c.obj
 .debug_macro   0x000000000002066b       0x43 CMakeFiles/STM32F407-Buoyancy-Prototype.dir/Core/Inc/Ports/leds.c.obj
 .debug_macro   0x00000000000206ae       0x34 CMakeFiles/STM32F407-Buoyancy-Prototype.dir/Core/Inc/Ports/leds.c.obj
 .debug_macro   0x00000000000206e2       0x10 CMakeFiles/STM32F407-Buoyancy-Prototype.dir/Core/Inc/Ports/leds.c.obj
 .debug_macro   0x00000000000206f2       0x58 CMakeFiles/STM32F407-Buoyancy-Prototype.dir/Core/Inc/Ports/leds.c.obj
 .debug_macro   0x000000000002074a      0x182 CMakeFiles/STM32F407-Buoyancy-Prototype.dir/Core/Inc/Ports/leds.c.obj
 .debug_macro   0x00000000000208cc      0x333 CMakeFiles/STM32F407-Buoyancy-Prototype.dir/Core/Inc/Ports/leds.c.obj
 .debug_macro   0x0000000000020bff       0x10 CMakeFiles/STM32F407-Buoyancy-Prototype.dir/Core/Inc/Ports/leds.c.obj
 .debug_macro   0x0000000000020c0f       0x35 CMakeFiles/STM32F407-Buoyancy-Prototype.dir/Core/Inc/Ports/leds.c.obj
 .debug_macro   0x0000000000020c44       0x16 CMakeFiles/STM32F407-Buoyancy-Prototype.dir/Core/Inc/Ports/leds.c.obj
 .debug_macro   0x0000000000020c5a       0x16 CMakeFiles/STM32F407-Buoyancy-Prototype.dir/Core/Inc/Ports/leds.c.obj
 .debug_macro   0x0000000000020c70       0x29 CMakeFiles/STM32F407-Buoyancy-Prototype.dir/Core/Inc/Ports/leds.c.obj
 .debug_macro   0x0000000000020c99      0x11f CMakeFiles/STM32F407-Buoyancy-Prototype.dir/Core/Inc/Ports/leds.c.obj
 .debug_macro   0x0000000000020db8       0x22 CMakeFiles/STM32F407-Buoyancy-Prototype.dir/Core/Inc/Ports/leds.c.obj
 .debug_macro   0x0000000000020dda      0x1a9 CMakeFiles/STM32F407-Buoyancy-Prototype.dir/Core/Inc/Ports/leds.c.obj
 .debug_macro   0x0000000000020f83       0x70 CMakeFiles/STM32F407-Buoyancy-Prototype.dir/Core/Inc/Ports/leds.c.obj
 .debug_macro   0x0000000000020ff3      0x26c CMakeFiles/STM32F407-Buoyancy-Prototype.dir/Core/Inc/Ports/leds.c.obj
 .debug_macro   0x000000000002125f      0x36b CMakeFiles/STM32F407-Buoyancy-Prototype.dir/Core/Inc/Ports/keys.c.obj
 .debug_macro   0x00000000000215ca      0x36b CMakeFiles/STM32F407-Buoyancy-Prototype.dir/Core/Src/main.c.obj
 .debug_macro   0x0000000000021935      0x375 CMakeFiles/STM32F407-Buoyancy-Prototype.dir/Core/Src/stm32f4xx_it.c.obj
 .debug_macro   0x0000000000021caa      0x36b CMakeFiles/STM32F407-Buoyancy-Prototype.dir/Core/Src/stm32f4xx_hal_msp.c.obj
 .debug_macro   0x0000000000022015      0x234 CMakeFiles/STM32F407-Buoyancy-Prototype.dir/Drivers/STM32F4xx_HAL_Driver/Src/stm32f4xx_hal_adc.c.obj
 .debug_macro   0x0000000000022249      0x257 CMakeFiles/STM32F407-Buoyancy-Prototype.dir/Drivers/STM32F4xx_HAL_Driver/Src/stm32f4xx_hal_rcc.c.obj
 .debug_macro   0x00000000000224a0      0x239 CMakeFiles/STM32F407-Buoyancy-Prototype.dir/Drivers/STM32F4xx_HAL_Driver/Src/stm32f4xx_hal_gpio.c.obj
 .debug_macro   0x00000000000226d9      0x233 CMakeFiles/STM32F407-Buoyancy-Prototype.dir/Drivers/STM32F4xx_HAL_Driver/Src/stm32f4xx_hal_cortex.c.obj
 .debug_macro   0x000000000002290c      0x293 CMakeFiles/STM32F407-Buoyancy-Prototype.dir/Drivers/STM32F4xx_HAL_Driver/Src/stm32f4xx_hal.c.obj
 .debug_macro   0x0000000000022b9f      0x234 CMakeFiles/STM32F407-Buoyancy-Prototype.dir/Drivers/STM32F4xx_HAL_Driver/Src/stm32f4xx_hal_dac.c.obj
 .debug_macro   0x0000000000022dd3      0x281 CMakeFiles/STM32F407-Buoyancy-Prototype.dir/Drivers/STM32F4xx_HAL_Driver/Src/stm32f4xx_hal_i2c.c.obj
 .debug_macro   0x0000000000023054      0x234 CMakeFiles/STM32F407-Buoyancy-Prototype.dir/Drivers/STM32F4xx_HAL_Driver/Src/stm32f4xx_hal_tim.c.obj
 .debug_macro   0x0000000000023288      0x233 CMakeFiles/STM32F407-Buoyancy-Prototype.dir/Drivers/STM32F4xx_HAL_Driver/Src/stm32f4xx_hal_tim_ex.c.obj
 .debug_macro   0x00000000000234bb      0x233 CMakeFiles/STM32F407-Buoyancy-Prototype.dir/Drivers/STM32F4xx_HAL_Driver/Src/stm32f4xx_hal_hcd.c.obj
 .debug_macro   0x00000000000236ee      0x233 CMakeFiles/STM32F407-Buoyancy-Prototype.dir/Drivers/STM32F4xx_HAL_Driver/Src/stm32f4xx_ll_usb.c.obj
 .debug_macro   0x0000000000023921      0x233 CMakeFiles/STM32F407-Buoyancy-Prototype.dir/Core/Src/system_stm32f4xx.c.obj

.debug_line     0x0000000000000000    0x16ffa
 .debug_line    0x0000000000000000      0xae3 CMakeFiles/STM32F407-Buoyancy-Prototype.dir/Core/Inc/Ports/leds.c.obj
 .debug_line    0x0000000000000ae3      0xb51 CMakeFiles/STM32F407-Buoyancy-Prototype.dir/Core/Inc/Ports/keys.c.obj
 .debug_line    0x0000000000001634      0xf09 CMakeFiles/STM32F407-Buoyancy-Prototype.dir/Core/Src/main.c.obj
 .debug_line    0x000000000000253d      0xc60 CMakeFiles/STM32F407-Buoyancy-Prototype.dir/Core/Src/stm32f4xx_it.c.obj
 .debug_line    0x000000000000319d      0xd35 CMakeFiles/STM32F407-Buoyancy-Prototype.dir/Core/Src/stm32f4xx_hal_msp.c.obj
 .debug_line    0x0000000000003ed2     0x151a CMakeFiles/STM32F407-Buoyancy-Prototype.dir/Drivers/STM32F4xx_HAL_Driver/Src/stm32f4xx_hal_adc.c.obj
 .debug_line    0x00000000000053ec     0x1022 CMakeFiles/STM32F407-Buoyancy-Prototype.dir/Drivers/STM32F4xx_HAL_Driver/Src/stm32f4xx_hal_rcc.c.obj
 .debug_line    0x000000000000640e      0xe02 CMakeFiles/STM32F407-Buoyancy-Prototype.dir/Drivers/STM32F4xx_HAL_Driver/Src/stm32f4xx_hal_gpio.c.obj
 .debug_line    0x0000000000007210      0xf88 CMakeFiles/STM32F407-Buoyancy-Prototype.dir/Drivers/STM32F4xx_HAL_Driver/Src/stm32f4xx_hal_cortex.c.obj
 .debug_line    0x0000000000008198      0xc8e CMakeFiles/STM32F407-Buoyancy-Prototype.dir/Drivers/STM32F4xx_HAL_Driver/Src/stm32f4xx_hal.c.obj
 .debug_line    0x0000000000008e26      0xe02 CMakeFiles/STM32F407-Buoyancy-Prototype.dir/Drivers/STM32F4xx_HAL_Driver/Src/stm32f4xx_hal_dac.c.obj
 .debug_line    0x0000000000009c28     0x3ce3 CMakeFiles/STM32F407-Buoyancy-Prototype.dir/Drivers/STM32F4xx_HAL_Driver/Src/stm32f4xx_hal_i2c.c.obj
 .debug_line    0x000000000000d90b     0x39ad CMakeFiles/STM32F407-Buoyancy-Prototype.dir/Drivers/STM32F4xx_HAL_Driver/Src/stm32f4xx_hal_tim.c.obj
 .debug_line    0x00000000000112b8     0x1c81 CMakeFiles/STM32F407-Buoyancy-Prototype.dir/Drivers/STM32F4xx_HAL_Driver/Src/stm32f4xx_hal_tim_ex.c.obj
 .debug_line    0x0000000000012f39     0x1737 CMakeFiles/STM32F407-Buoyancy-Prototype.dir/Drivers/STM32F4xx_HAL_Driver/Src/stm32f4xx_hal_hcd.c.obj
 .debug_line    0x0000000000014670     0x1e5a CMakeFiles/STM32F407-Buoyancy-Prototype.dir/Drivers/STM32F4xx_HAL_Driver/Src/stm32f4xx_ll_usb.c.obj
 .debug_line    0x00000000000164ca      0xa28 CMakeFiles/STM32F407-Buoyancy-Prototype.dir/Core/Src/system_stm32f4xx.c.obj
 .debug_line    0x0000000000016ef2      0x108 CMakeFiles/STM32F407-Buoyancy-Prototype.dir/startup_stm32f407xx.s.obj

.debug_str      0x0000000000000000    0xdc734
 .debug_str     0x0000000000000000    0xd69f6 CMakeFiles/STM32F407-Buoyancy-Prototype.dir/Core/Inc/Ports/leds.c.obj
                                      0xd6d59 (size before relaxing)
 .debug_str     0x00000000000d69f6       0xcf CMakeFiles/STM32F407-Buoyancy-Prototype.dir/Core/Inc/Ports/keys.c.obj
                                      0xd6d4a (size before relaxing)
 .debug_str     0x00000000000d6ac5     0x1751 CMakeFiles/STM32F407-Buoyancy-Prototype.dir/Core/Src/main.c.obj
                                      0xd8541 (size before relaxing)
 .debug_str     0x00000000000d8216      0x193 CMakeFiles/STM32F407-Buoyancy-Prototype.dir/Core/Src/stm32f4xx_it.c.obj
                                      0xd7a21 (size before relaxing)
 .debug_str     0x00000000000d83a9      0x1a1 CMakeFiles/STM32F407-Buoyancy-Prototype.dir/Core/Src/stm32f4xx_hal_msp.c.obj
                                      0xd8280 (size before relaxing)
 .debug_str     0x00000000000d854a      0x351 CMakeFiles/STM32F407-Buoyancy-Prototype.dir/Drivers/STM32F4xx_HAL_Driver/Src/stm32f4xx_hal_adc.c.obj
                                      0xd2b52 (size before relaxing)
 .debug_str     0x00000000000d889b      0x31c CMakeFiles/STM32F407-Buoyancy-Prototype.dir/Drivers/STM32F4xx_HAL_Driver/Src/stm32f4xx_hal_rcc.c.obj
                                      0xd2999 (size before relaxing)
 .debug_str     0x00000000000d8bb7      0x1ee CMakeFiles/STM32F407-Buoyancy-Prototype.dir/Drivers/STM32F4xx_HAL_Driver/Src/stm32f4xx_hal_gpio.c.obj
                                      0xd273e (size before relaxing)
 .debug_str     0x00000000000d8da5      0x4d2 CMakeFiles/STM32F407-Buoyancy-Prototype.dir/Drivers/STM32F4xx_HAL_Driver/Src/stm32f4xx_hal_cortex.c.obj
                                      0xd2eb1 (size before relaxing)
 .debug_str     0x00000000000d9277      0x5c5 CMakeFiles/STM32F407-Buoyancy-Prototype.dir/Drivers/STM32F4xx_HAL_Driver/Src/stm32f4xx_hal.c.obj
                                      0xd3079 (size before relaxing)
 .debug_str     0x00000000000d983c      0x25c CMakeFiles/STM32F407-Buoyancy-Prototype.dir/Drivers/STM32F4xx_HAL_Driver/Src/stm32f4xx_hal_dac.c.obj
                                      0xd29dd (size before relaxing)
 .debug_str     0x00000000000d9a98      0xb6e CMakeFiles/STM32F407-Buoyancy-Prototype.dir/Drivers/STM32F4xx_HAL_Driver/Src/stm32f4xx_hal_i2c.c.obj
                                      0xd356c (size before relaxing)
 .debug_str     0x00000000000da606      0xe12 CMakeFiles/STM32F407-Buoyancy-Prototype.dir/Drivers/STM32F4xx_HAL_Driver/Src/stm32f4xx_hal_tim.c.obj
                                      0xd38d6 (size before relaxing)
 .debug_str     0x00000000000db418      0x57d CMakeFiles/STM32F407-Buoyancy-Prototype.dir/Drivers/STM32F4xx_HAL_Driver/Src/stm32f4xx_hal_tim_ex.c.obj
                                      0xd3077 (size before relaxing)
 .debug_str     0x00000000000db995      0x4ec CMakeFiles/STM32F407-Buoyancy-Prototype.dir/Drivers/STM32F4xx_HAL_Driver/Src/stm32f4xx_hal_hcd.c.obj
                                      0xd2d2e (size before relaxing)
 .debug_str     0x00000000000dbe81      0x724 CMakeFiles/STM32F407-Buoyancy-Prototype.dir/Drivers/STM32F4xx_HAL_Driver/Src/stm32f4xx_ll_usb.c.obj
                                      0xd2f72 (size before relaxing)
 .debug_str     0x00000000000dc5a5       0xd9 CMakeFiles/STM32F407-Buoyancy-Prototype.dir/Core/Src/system_stm32f4xx.c.obj
                                      0xd2597 (size before relaxing)
 .debug_str     0x00000000000dc67e       0xb6 CMakeFiles/STM32F407-Buoyancy-Prototype.dir/startup_stm32f407xx.s.obj
                                        0x154 (size before relaxing)

.comment        0x0000000000000000       0x4c
 .comment       0x0000000000000000       0x4c CMakeFiles/STM32F407-Buoyancy-Prototype.dir/Core/Inc/Ports/leds.c.obj
                                         0x4d (size before relaxing)
 .comment       0x000000000000004c       0x4d CMakeFiles/STM32F407-Buoyancy-Prototype.dir/Core/Inc/Ports/keys.c.obj
 .comment       0x000000000000004c       0x4d CMakeFiles/STM32F407-Buoyancy-Prototype.dir/Core/Src/main.c.obj
 .comment       0x000000000000004c       0x4d CMakeFiles/STM32F407-Buoyancy-Prototype.dir/Core/Src/stm32f4xx_it.c.obj
 .comment       0x000000000000004c       0x4d CMakeFiles/STM32F407-Buoyancy-Prototype.dir/Core/Src/stm32f4xx_hal_msp.c.obj
 .comment       0x000000000000004c       0x4d CMakeFiles/STM32F407-Buoyancy-Prototype.dir/Drivers/STM32F4xx_HAL_Driver/Src/stm32f4xx_hal_adc.c.obj
 .comment       0x000000000000004c       0x4d CMakeFiles/STM32F407-Buoyancy-Prototype.dir/Drivers/STM32F4xx_HAL_Driver/Src/stm32f4xx_hal_rcc.c.obj
 .comment       0x000000000000004c       0x4d CMakeFiles/STM32F407-Buoyancy-Prototype.dir/Drivers/STM32F4xx_HAL_Driver/Src/stm32f4xx_hal_gpio.c.obj
 .comment       0x000000000000004c       0x4d CMakeFiles/STM32F407-Buoyancy-Prototype.dir/Drivers/STM32F4xx_HAL_Driver/Src/stm32f4xx_hal_cortex.c.obj
 .comment       0x000000000000004c       0x4d CMakeFiles/STM32F407-Buoyancy-Prototype.dir/Drivers/STM32F4xx_HAL_Driver/Src/stm32f4xx_hal.c.obj
 .comment       0x000000000000004c       0x4d CMakeFiles/STM32F407-Buoyancy-Prototype.dir/Drivers/STM32F4xx_HAL_Driver/Src/stm32f4xx_hal_dac.c.obj
 .comment       0x000000000000004c       0x4d CMakeFiles/STM32F407-Buoyancy-Prototype.dir/Drivers/STM32F4xx_HAL_Driver/Src/stm32f4xx_hal_i2c.c.obj
 .comment       0x000000000000004c       0x4d CMakeFiles/STM32F407-Buoyancy-Prototype.dir/Drivers/STM32F4xx_HAL_Driver/Src/stm32f4xx_hal_tim.c.obj
 .comment       0x000000000000004c       0x4d CMakeFiles/STM32F407-Buoyancy-Prototype.dir/Drivers/STM32F4xx_HAL_Driver/Src/stm32f4xx_hal_tim_ex.c.obj
 .comment       0x000000000000004c       0x4d CMakeFiles/STM32F407-Buoyancy-Prototype.dir/Drivers/STM32F4xx_HAL_Driver/Src/stm32f4xx_hal_hcd.c.obj
 .comment       0x000000000000004c       0x4d CMakeFiles/STM32F407-Buoyancy-Prototype.dir/Drivers/STM32F4xx_HAL_Driver/Src/stm32f4xx_ll_usb.c.obj
 .comment       0x000000000000004c       0x4d CMakeFiles/STM32F407-Buoyancy-Prototype.dir/Core/Src/system_stm32f4xx.c.obj
